Admin_Interface.c:119:6:Peripheral_Clock_Init	4	static
Admin_Interface.c:135:6:st_Admin_BacktoMainMenu	8	static
Admin_Interface.c:154:6:st_Admin_MoreOptions	8	static
Admin_Interface.c:171:6:st_Admin_DisplayAddNewIDMessage	8	static
Admin_Interface.c:197:6:st_Admin_AddedIDsuccessfully	8	static
Admin_Interface.c:221:6:st_Admin_IDalreadyExists	8	static
Admin_Interface.c:238:6:st_Admin_RemovedIDsuccessfully	8	static
Admin_Interface.c:255:6:st_Admin_IDnotFound	8	static
Admin_Interface.c:274:6:deleteID	16	static
Admin_Interface.c:295:6:st_Admin_CheckRepeatedID	16	static
Admin_Interface.c:353:6:st_Admin_DisplayRemoveIDMessage	8	static
Admin_Interface.c:392:6:st_Admin_DashboardInit	8	static
Admin_Interface.c:411:6:st_Admin_InitialMessage	8	static
Admin_Interface.c:434:6:st_Admin_GetUserInput	8	static
Admin_Interface.c:455:6:st_Admin_LoginMessage	8	static
Admin_Interface.c:480:6:st_Admin_GetUserID	8	static
Admin_Interface.c:515:6:st_Admin_GetUserPassword	8	static
Admin_Interface.c:550:6:st_Admin_CheckLoginInfo	16	static
Admin_Interface.c:602:6:st_Admin_ShowAdminOptions	8	static
Admin_Interface.c:624:6:st_Admin_GetAdminOption	8	static
Admin_Interface.c:664:6:st_Admin_AddNewID	8	static
Admin_Interface.c:706:6:st_Admin_RemoveID	8	static
Admin_Interface.c:740:6:st_Admin_SaveOnEEPROM	4	static
Admin_Interface.c:752:6:st_Admin_ShowIDsList	8	static
