Admin_Interface.c:130:13:Peripheral_Clock_Init	4	static
Admin_Interface.c:149:13:st_Admin_BacktoMainMenu	8	static
Admin_Interface.c:168:13:st_Admin_DisplayAddNewIDMessage	8	static
Admin_Interface.c:194:13:st_Admin_AddedIDsuccessfully	8	static
Admin_Interface.c:218:13:st_Admin_IDalreadyExists	8	static
Admin_Interface.c:235:13:st_Admin_RemovedIDsuccessfully	8	static
Admin_Interface.c:252:13:st_Admin_IDnotFound	8	static
Admin_Interface.c:271:13:deleteID	16	static
Admin_Interface.c:292:13:st_Admin_CheckRepeatedID	16	static
Admin_Interface.c:350:13:st_Admin_DisplayRemoveIDMessage	8	static
Admin_Interface.c:373:6:SYSTICK_Callback	8	static
Admin_Interface.c:411:6:st_Admin_DashboardInit	8	static
Admin_Interface.c:432:6:st_Admin_InitialMessage	8	static
Admin_Interface.c:458:6:st_Admin_GetUserInput	8	static
Admin_Interface.c:479:6:st_Admin_LoginMessage	8	static
Admin_Interface.c:504:6:st_Admin_GetUserID	8	static
Admin_Interface.c:540:6:st_Admin_GetUserPassword	8	static
Admin_Interface.c:575:6:st_Admin_CheckLoginInfo	16	static
Admin_Interface.c:624:6:st_Admin_LoginTimeout	8	static
Admin_Interface.c:648:6:st_Admin_Idle	4	static
Admin_Interface.c:660:6:st_Admin_ShowAdminOptions	8	static
Admin_Interface.c:684:6:st_Admin_GetAdminOption	8	static
Admin_Interface.c:719:6:st_Admin_AddNewID	8	static
Admin_Interface.c:761:6:st_Admin_RemoveID	8	static
Admin_Interface.c:795:6:st_Admin_ShowIDsList	8	static
Admin_Interface.c:832:6:st_Admin_AuthenticateID	16	static
Admin_Interface.c:883:6:AI_GC_SendIDForAuthentication	16	static
