Admin_Interface.c:125:13:Peripheral_Clock_Init	4	static
Admin_Interface.c:144:13:st_Admin_BacktoMainMenu	8	static
Admin_Interface.c:163:13:st_Admin_DisplayAddNewIDMessage	8	static
Admin_Interface.c:189:13:st_Admin_AddedIDsuccessfully	8	static
Admin_Interface.c:213:13:st_Admin_IDalreadyExists	8	static
Admin_Interface.c:230:13:st_Admin_RemovedIDsuccessfully	8	static
Admin_Interface.c:247:13:st_Admin_IDnotFound	8	static
Admin_Interface.c:266:13:deleteID	16	static
Admin_Interface.c:287:13:st_Admin_CheckRepeatedID	16	static
Admin_Interface.c:345:13:st_Admin_DisplayRemoveIDMessage	8	static
Admin_Interface.c:368:6:SYSTICK_Callback	8	static
Admin_Interface.c:406:6:st_Admin_DashboardInit	8	static
Admin_Interface.c:426:6:st_Admin_InitialMessage	8	static
Admin_Interface.c:449:6:st_Admin_GetUserInput	8	static
Admin_Interface.c:470:6:st_Admin_LoginMessage	8	static
Admin_Interface.c:495:6:st_Admin_GetUserID	8	static
Admin_Interface.c:530:6:st_Admin_GetUserPassword	8	static
Admin_Interface.c:565:6:st_Admin_CheckLoginInfo	16	static
Admin_Interface.c:614:6:st_Admin_LoginTimeout	8	static
Admin_Interface.c:636:6:st_Admin_Idle	4	static
Admin_Interface.c:648:6:st_Admin_ShowAdminOptions	8	static
Admin_Interface.c:670:6:st_Admin_GetAdminOption	8	static
Admin_Interface.c:704:6:st_Admin_AddNewID	8	static
Admin_Interface.c:746:6:st_Admin_RemoveID	8	static
Admin_Interface.c:780:6:st_Admin_ShowIDsList	8	static
Admin_Interface.c:817:6:st_Admin_AuthenticateID	16	static
Admin_Interface.c:868:6:AI_GC_SendIDForAuthentication	16	static
