Admin_Interface.c:123:13:Peripheral_Clock_Init	4	static
Admin_Interface.c:142:13:st_Admin_BacktoMainMenu	8	static
Admin_Interface.c:161:13:st_Admin_DisplayAddNewIDMessage	8	static
Admin_Interface.c:187:13:st_Admin_AddedIDsuccessfully	8	static
Admin_Interface.c:211:13:st_Admin_IDalreadyExists	8	static
Admin_Interface.c:228:13:st_Admin_RemovedIDsuccessfully	8	static
Admin_Interface.c:245:13:st_Admin_IDnotFound	8	static
Admin_Interface.c:264:13:deleteID	16	static
Admin_Interface.c:285:13:st_Admin_CheckRepeatedID	16	static
Admin_Interface.c:343:13:st_Admin_DisplayRemoveIDMessage	8	static
Admin_Interface.c:366:6:SYSTICK_Callback	8	static
Admin_Interface.c:404:6:st_Admin_DashboardInit	8	static
Admin_Interface.c:424:6:st_Admin_InitialMessage	8	static
Admin_Interface.c:447:6:st_Admin_GetUserInput	8	static
Admin_Interface.c:468:6:st_Admin_LoginMessage	8	static
Admin_Interface.c:493:6:st_Admin_GetUserID	8	static
Admin_Interface.c:528:6:st_Admin_GetUserPassword	8	static
Admin_Interface.c:563:6:st_Admin_CheckLoginInfo	16	static
Admin_Interface.c:612:6:st_Admin_LoginTimeout	8	static
Admin_Interface.c:634:6:st_Admin_Idle	4	static
Admin_Interface.c:646:6:st_Admin_ShowAdminOptions	8	static
Admin_Interface.c:668:6:st_Admin_GetAdminOption	8	static
Admin_Interface.c:702:6:st_Admin_AddNewID	8	static
Admin_Interface.c:744:6:st_Admin_RemoveID	8	static
Admin_Interface.c:778:6:st_Admin_ShowIDsList	8	static
