Archive member included to satisfy reference by file (symbol)

d:/programs/stm32cubeide_1.4.0/stm32cubeide/plugins/com.st.stm32cube.ide.mcu.externaltools.gnu-tools-for-stm32.7-2018-q2-update.win32_1.4.0.202007081208/tools/bin/../lib/gcc/arm-none-eabi/7.3.1/../../../../arm-none-eabi/lib/thumb/v7-m\libc_nano.a(lib_a-errno.o)
                              Src/syscalls.o (__errno)
d:/programs/stm32cubeide_1.4.0/stm32cubeide/plugins/com.st.stm32cube.ide.mcu.externaltools.gnu-tools-for-stm32.7-2018-q2-update.win32_1.4.0.202007081208/tools/bin/../lib/gcc/arm-none-eabi/7.3.1/../../../../arm-none-eabi/lib/thumb/v7-m\libc_nano.a(lib_a-exit.o)
                              d:/programs/stm32cubeide_1.4.0/stm32cubeide/plugins/com.st.stm32cube.ide.mcu.externaltools.gnu-tools-for-stm32.7-2018-q2-update.win32_1.4.0.202007081208/tools/bin/../lib/gcc/arm-none-eabi/7.3.1/../../../../arm-none-eabi/lib/thumb/v7-m/crt0.o (exit)
d:/programs/stm32cubeide_1.4.0/stm32cubeide/plugins/com.st.stm32cube.ide.mcu.externaltools.gnu-tools-for-stm32.7-2018-q2-update.win32_1.4.0.202007081208/tools/bin/../lib/gcc/arm-none-eabi/7.3.1/../../../../arm-none-eabi/lib/thumb/v7-m\libc_nano.a(lib_a-impure.o)
                              d:/programs/stm32cubeide_1.4.0/stm32cubeide/plugins/com.st.stm32cube.ide.mcu.externaltools.gnu-tools-for-stm32.7-2018-q2-update.win32_1.4.0.202007081208/tools/bin/../lib/gcc/arm-none-eabi/7.3.1/../../../../arm-none-eabi/lib/thumb/v7-m\libc_nano.a(lib_a-exit.o) (_global_impure_ptr)
d:/programs/stm32cubeide_1.4.0/stm32cubeide/plugins/com.st.stm32cube.ide.mcu.externaltools.gnu-tools-for-stm32.7-2018-q2-update.win32_1.4.0.202007081208/tools/bin/../lib/gcc/arm-none-eabi/7.3.1/../../../../arm-none-eabi/lib/thumb/v7-m\libc_nano.a(lib_a-init.o)
                              d:/programs/stm32cubeide_1.4.0/stm32cubeide/plugins/com.st.stm32cube.ide.mcu.externaltools.gnu-tools-for-stm32.7-2018-q2-update.win32_1.4.0.202007081208/tools/bin/../lib/gcc/arm-none-eabi/7.3.1/../../../../arm-none-eabi/lib/thumb/v7-m/crt0.o (__libc_init_array)
d:/programs/stm32cubeide_1.4.0/stm32cubeide/plugins/com.st.stm32cube.ide.mcu.externaltools.gnu-tools-for-stm32.7-2018-q2-update.win32_1.4.0.202007081208/tools/bin/../lib/gcc/arm-none-eabi/7.3.1/../../../../arm-none-eabi/lib/thumb/v7-m\libc_nano.a(lib_a-memset.o)
                              d:/programs/stm32cubeide_1.4.0/stm32cubeide/plugins/com.st.stm32cube.ide.mcu.externaltools.gnu-tools-for-stm32.7-2018-q2-update.win32_1.4.0.202007081208/tools/bin/../lib/gcc/arm-none-eabi/7.3.1/../../../../arm-none-eabi/lib/thumb/v7-m/crt0.o (memset)
d:/programs/stm32cubeide_1.4.0/stm32cubeide/plugins/com.st.stm32cube.ide.mcu.externaltools.gnu-tools-for-stm32.7-2018-q2-update.win32_1.4.0.202007081208/tools/bin/../lib/gcc/arm-none-eabi/7.3.1/../../../../arm-none-eabi/lib/thumb/v7-m\libc_nano.a(lib_a-strcmp.o)
                              stm32f103x6_Drivers/APP/Admin_Interface/Admin_Interface.o (strcmp)
d:/programs/stm32cubeide_1.4.0/stm32cubeide/plugins/com.st.stm32cube.ide.mcu.externaltools.gnu-tools-for-stm32.7-2018-q2-update.win32_1.4.0.202007081208/tools/bin/../lib/gcc/arm-none-eabi/7.3.1/../../../../arm-none-eabi/lib/thumb/v7-m\libc_nano.a(lib_a-strcpy.o)
                              stm32f103x6_Drivers/APP/Admin_Interface/Admin_Interface.o (strcpy)
d:/programs/stm32cubeide_1.4.0/stm32cubeide/plugins/com.st.stm32cube.ide.mcu.externaltools.gnu-tools-for-stm32.7-2018-q2-update.win32_1.4.0.202007081208/tools/bin/../lib/gcc/arm-none-eabi/7.3.1/../../../../arm-none-eabi/lib/thumb/v7-m\libm.a(lib_a-w_pow.o)
                              stm32f103x6_Drivers/MCAL/RCC/stm32f103x6_RCC.o (pow)
d:/programs/stm32cubeide_1.4.0/stm32cubeide/plugins/com.st.stm32cube.ide.mcu.externaltools.gnu-tools-for-stm32.7-2018-q2-update.win32_1.4.0.202007081208/tools/bin/../lib/gcc/arm-none-eabi/7.3.1/../../../../arm-none-eabi/lib/thumb/v7-m\libm.a(lib_a-e_pow.o)
                              d:/programs/stm32cubeide_1.4.0/stm32cubeide/plugins/com.st.stm32cube.ide.mcu.externaltools.gnu-tools-for-stm32.7-2018-q2-update.win32_1.4.0.202007081208/tools/bin/../lib/gcc/arm-none-eabi/7.3.1/../../../../arm-none-eabi/lib/thumb/v7-m\libm.a(lib_a-w_pow.o) (__ieee754_pow)
d:/programs/stm32cubeide_1.4.0/stm32cubeide/plugins/com.st.stm32cube.ide.mcu.externaltools.gnu-tools-for-stm32.7-2018-q2-update.win32_1.4.0.202007081208/tools/bin/../lib/gcc/arm-none-eabi/7.3.1/../../../../arm-none-eabi/lib/thumb/v7-m\libm.a(lib_a-e_sqrt.o)
                              d:/programs/stm32cubeide_1.4.0/stm32cubeide/plugins/com.st.stm32cube.ide.mcu.externaltools.gnu-tools-for-stm32.7-2018-q2-update.win32_1.4.0.202007081208/tools/bin/../lib/gcc/arm-none-eabi/7.3.1/../../../../arm-none-eabi/lib/thumb/v7-m\libm.a(lib_a-e_pow.o) (__ieee754_sqrt)
[...]
Memory Configuration

Name             Origin             Length             Attributes
RAM              0x0000000020000000 0x0000000000002800 xrw
ROM              0x0000000008000000 0x0000000000008000 xr
*default*        0x0000000000000000 0xffffffffffffffff

Linker script and memory map

LOAD d:/programs/stm32cubeide_1.4.0/stm32cubeide/plugins/com.st.stm32cube.ide.mcu.externaltools.gnu-tools-for-stm32.7-2018-q2-update.win32_1.4.0.202007081208/tools/bin/../lib/gcc/arm-none-eabi/7.3.1/thumb/v7-m/crti.o
LOAD d:/programs/stm32cubeide_1.4.0/stm32cubeide/plugins/com.st.stm32cube.ide.mcu.externaltools.gnu-tools-for-stm32.7-2018-q2-update.win32_1.4.0.202007081208/tools/bin/../lib/gcc/arm-none-eabi/7.3.1/thumb/v7-m/crtbegin.o
LOAD d:/programs/stm32cubeide_1.4.0/stm32cubeide/plugins/com.st.stm32cube.ide.mcu.externaltools.gnu-tools-for-stm32.7-2018-q2-update.win32_1.4.0.202007081208/tools/bin/../lib/gcc/arm-none-eabi/7.3.1/../../../../arm-none-eabi/lib/thumb/v7-m/crt0.o
LOAD Src/main.o
LOAD Src/syscalls.o
LOAD Src/sysmem.o
LOAD Startup/startup_stm32f103c6tx.o
LOAD stm32f103x6_Drivers/APP/APP.o
LOAD stm32f103x6_Drivers/APP/Admin_Interface/Admin_Interface.o
LOAD stm32f103x6_Drivers/HAL/Keypad_Driver/Keypad_program.o
LOAD stm32f103x6_Drivers/HAL/LCD_Driver/LCD_program.o
LOAD stm32f103x6_Drivers/MCAL/AFIO/stm32f103x6_AFIO.o
LOAD stm32f103x6_Drivers/MCAL/GPIO/stm32f103x6_GPIO.o
LOAD stm32f103x6_Drivers/MCAL/NVIC/stm32f103x6_NVIC.o
LOAD stm32f103x6_Drivers/MCAL/RCC/stm32f103x6_RCC.o
LOAD stm32f103x6_Drivers/MCAL/SPI/stm32f103x8_SPI.o
LOAD stm32f103x6_Drivers/MCAL/SYSTICK/Cortex_m3_SYSTICK_Program.o
START GROUP
LOAD d:/programs/stm32cubeide_1.4.0/stm32cubeide/plugins/com.st.stm32cube.ide.mcu.externaltools.gnu-tools-for-stm32.7-2018-q2-update.win32_1.4.0.202007081208/tools/bin/../lib/gcc/arm-none-eabi/7.3.1/../../../../arm-none-eabi/lib/thumb/v7-m\libc_nano.a
LOAD d:/programs/stm32cubeide_1.4.0/stm32cubeide/plugins/com.st.stm32cube.ide.mcu.externaltools.gnu-tools-for-stm32.7-2018-q2-update.win32_1.4.0.202007081208/tools/bin/../lib/gcc/arm-none-eabi/7.3.1/../../../../arm-none-eabi/lib/thumb/v7-m\libm.a
END GROUP
START GROUP
LOAD d:/programs/stm32cubeide_1.4.0/stm32cubeide/plugins/com.st.stm32cube.ide.mcu.externaltools.gnu-tools-for-stm32.7-2018-q2-update.win32_1.4.0.202007081208/tools/bin/../lib/gcc/arm-none-eabi/7.3.1/thumb/v7-m\libgcc.a
LOAD d:/programs/stm32cubeide_1.4.0/stm32cubeide/plugins/com.st.stm32cube.ide.mcu.externaltools.gnu-tools-for-stm32.7-2018-q2-update.win32_1.4.0.202007081208/tools/bin/../lib/gcc/arm-none-eabi/7.3.1/../../../../arm-none-eabi/lib/thumb/v7-m\libg_nano.a
LOAD d:/programs/stm32cubeide_1.4.0/stm32cubeide/plugins/com.st.stm32cube.ide.mcu.externaltools.gnu-tools-for-stm32.7-2018-q2-update.win32_1.4.0.202007081208/tools/bin/../lib/gcc/arm-none-eabi/7.3.1/../../../../arm-none-eabi/lib/thumb/v7-m\libc_nano.a
END GROUP
START GROUP
LOAD d:/programs/stm32cubeide_1.4.0/stm32cubeide/plugins/com.st.stm32cube.ide.mcu.externaltools.gnu-tools-for-stm32.7-2018-q2-update.win32_1.4.0.202007081208/tools/bin/../lib/gcc/arm-none-eabi/7.3.1/thumb/v7-m\libgcc.a
LOAD d:/programs/stm32cubeide_1.4.0/stm32cubeide/plugins/com.st.stm32cube.ide.mcu.externaltools.gnu-tools-for-stm32.7-2018-q2-update.win32_1.4.0.202007081208/tools/bin/../lib/gcc/arm-none-eabi/7.3.1/../../../../arm-none-eabi/lib/thumb/v7-m\libc_nano.a
LOAD d:/programs/stm32cubeide_1.4.0/stm32cubeide/plugins/com.st.stm32cube.ide.mcu.externaltools.gnu-tools-for-stm32.7-2018-q2-update.win32_1.4.0.202007081208/tools/bin/../lib/gcc/arm-none-eabi/7.3.1/../../../../arm-none-eabi/lib/thumb/v7-m\libnosys.a
END GROUP
START GROUP
LOAD d:/programs/stm32cubeide_1.4.0/stm32cubeide/plugins/com.st.stm32cube.ide.mcu.externaltools.gnu-tools-for-stm32.7-2018-q2-update.win32_1.4.0.202007081208/tools/bin/../lib/gcc/arm-none-eabi/7.3.1/thumb/v7-m\libgcc.a
LOAD d:/programs/stm32cubeide_1.4.0/stm32cubeide/plugins/com.st.stm32cube.ide.mcu.externaltools.gnu-tools-for-stm32.7-2018-q2-update.win32_1.4.0.202007081208/tools/bin/../lib/gcc/arm-none-eabi/7.3.1/../../../../arm-none-eabi/lib/thumb/v7-m\libc_nano.a
LOAD d:/programs/stm32cubeide_1.4.0/stm32cubeide/plugins/com.st.stm32cube.ide.mcu.externaltools.gnu-tools-for-stm32.7-2018-q2-update.win32_1.4.0.202007081208/tools/bin/../lib/gcc/arm-none-eabi/7.3.1/../../../../arm-none-eabi/lib/thumb/v7-m\libnosys.a
END GROUP
LOAD d:/programs/stm32cubeide_1.4.0/stm32cubeide/plugins/com.st.stm32cube.ide.mcu.externaltools.gnu-tools-for-stm32.7-2018-q2-update.win32_1.4.0.202007081208/tools/bin/../lib/gcc/arm-none-eabi/7.3.1/thumb/v7-m/crtend.o
LOAD d:/programs/stm32cubeide_1.4.0/stm32cubeide/plugins/com.st.stm32cube.ide.mcu.externaltools.gnu-tools-for-stm32.7-2018-q2-update.win32_1.4.0.202007081208/tools/bin/../lib/gcc/arm-none-eabi/7.3.1/thumb/v7-m/crtn.o
                0x0000000020002800                _estack = (ORIGIN (RAM) + LENGTH (RAM))
                0x0000000000000200                _Min_Heap_Size = 0x200
                0x0000000000000400                _Min_Stack_Size = 0x400

.isr_vector     0x0000000008000000      0x130
                0x0000000008000000                . = ALIGN (0x4)
 *(.isr_vector)
 .isr_vector    0x0000000008000000      0x130 Startup/startup_stm32f103c6tx.o
                0x0000000008000000                g_pfnVectors
                0x0000000008000130                . = ALIGN (0x4)

.text           0x0000000008000130     0x146c
                0x0000000008000130                . = ALIGN (0x4)
 *(.text)
 .text          0x0000000008000130       0x40 d:/programs/stm32cubeide_1.4.0/stm32cubeide/plugins/com.st.stm32cube.ide.mcu.externaltools.gnu-tools-for-stm32.7-2018-q2-update.win32_1.4.0.202007081208/tools/bin/../lib/gcc/arm-none-eabi/7.3.1/thumb/v7-m/crtbegin.o
 .text          0x0000000008000170       0x14 d:/programs/stm32cubeide_1.4.0/stm32cubeide/plugins/com.st.stm32cube.ide.mcu.externaltools.gnu-tools-for-stm32.7-2018-q2-update.win32_1.4.0.202007081208/tools/bin/../lib/gcc/arm-none-eabi/7.3.1/../../../../arm-none-eabi/lib/thumb/v7-m\libc_nano.a(lib_a-strcmp.o)
                0x0000000008000170                strcmp
 *(.text*)
 .text.main     0x0000000008000184        0xe Src/main.o
                0x0000000008000184                main
 *fill*         0x0000000008000192        0x2 
 .text.Reset_Handler
                0x0000000008000194       0x50 Startup/startup_stm32f103c6tx.o
                0x0000000008000194                Reset_Handler
 .text.Default_Handler
                0x00000000080001e4        0x2 Startup/startup_stm32f103c6tx.o
                0x00000000080001e4                EXTI2_IRQHandler
                0x00000000080001e4                TIM8_TRG_COM_IRQHandler
                0x00000000080001e4                TIM8_CC_IRQHandler
                0x00000000080001e4                DebugMon_Handler
                0x00000000080001e4                TIM1_CC_IRQHandler
                0x00000000080001e4                HardFault_Handler
                0x00000000080001e4                TIM6_IRQHandler
                0x00000000080001e4                PVD_IRQHandler
                0x00000000080001e4                SDIO_IRQHandler
                0x00000000080001e4                PendSV_Handler
                0x00000000080001e4                NMI_Handler
                0x00000000080001e4                EXTI3_IRQHandler
                0x00000000080001e4                USB_HP_CAN_TX_IRQHandler
                0x00000000080001e4                EXTI0_IRQHandler
                0x00000000080001e4                I2C2_EV_IRQHandler
                0x00000000080001e4                UsageFault_Handler
                0x00000000080001e4                ADC1_2_IRQHandler
                0x00000000080001e4                CAN_SCE_IRQHandler
                0x00000000080001e4                TAMPER_IRQHandler
                0x00000000080001e4                TIM8_UP_IRQHandler
                0x00000000080001e4                DMA2_Channel2_IRQHandler
                0x00000000080001e4                DMA1_Channel4_IRQHandler
                0x00000000080001e4                USART3_IRQHandler
                0x00000000080001e4                RTC_IRQHandler
                0x00000000080001e4                DMA1_Channel7_IRQHandler
                0x00000000080001e4                UART5_IRQHandler
                0x00000000080001e4                ADC3_IRQHandler
                0x00000000080001e4                TIM4_IRQHandler
                0x00000000080001e4                CAN_RX1_IRQHandler
                0x00000000080001e4                DMA2_Channel1_IRQHandler
                0x00000000080001e4                I2C1_EV_IRQHandler
                0x00000000080001e4                DMA1_Channel6_IRQHandler
                0x00000000080001e4                UART4_IRQHandler
                0x00000000080001e4                TIM3_IRQHandler
                0x00000000080001e4                RCC_IRQHandler
                0x00000000080001e4                TIM1_TRG_COM_IRQHandler
                0x00000000080001e4                DMA1_Channel1_IRQHandler
                0x00000000080001e4                Default_Handler
                0x00000000080001e4                EXTI15_10_IRQHandler
                0x00000000080001e4                TIM7_IRQHandler
                0x00000000080001e4                TIM5_IRQHandler
                0x00000000080001e4                EXTI9_5_IRQHandler
                0x00000000080001e4                USB_LP_CAN_RX0_IRQHandler
                0x00000000080001e4                MemManage_Handler
                0x00000000080001e4                SVC_Handler
                0x00000000080001e4                DMA1_Channel5_IRQHandler
                0x00000000080001e4                EXTI4_IRQHandler
                0x00000000080001e4                DMA1_Channel3_IRQHandler
                0x00000000080001e4                FSMC_IRQHandler
                0x00000000080001e4                TIM1_UP_IRQHandler
                0x00000000080001e4                WWDG_IRQHandler
                0x00000000080001e4                TIM2_IRQHandler
                0x00000000080001e4                TIM1_BRK_IRQHandler
                0x00000000080001e4                EXTI1_IRQHandler
                0x00000000080001e4                RTCAlarm_IRQHandler
                0x00000000080001e4                DMA2_Channel4_5_IRQHandler
                0x00000000080001e4                USART2_IRQHandler
                0x00000000080001e4                I2C2_ER_IRQHandler
                0x00000000080001e4                DMA1_Channel2_IRQHandler
                0x00000000080001e4                TIM8_BRK_IRQHandler
                0x00000000080001e4                FLASH_IRQHandler
                0x00000000080001e4                BusFault_Handler
                0x00000000080001e4                USART1_IRQHandler
                0x00000000080001e4                SPI3_IRQHandler
                0x00000000080001e4                I2C1_ER_IRQHandler
                0x00000000080001e4                DMA2_Channel3_IRQHandler
 .text.Dashboard_ECU_APP_SETUP
                0x00000000080001e6        0xc stm32f103x6_Drivers/APP/APP.o
                0x00000000080001e6                Dashboard_ECU_APP_SETUP
 *fill*         0x00000000080001f2        0x2 
 .text.Dashboard_ECU_APP_Loop
                0x00000000080001f4       0x14 stm32f103x6_Drivers/APP/APP.o
                0x00000000080001f4                Dashboard_ECU_APP_Loop
 .text.Peripheral_Clock_Init
                0x0000000008000208       0x34 stm32f103x6_Drivers/APP/Admin_Interface/Admin_Interface.o
 .text.st_Admin_BacktoMainMenu
                0x000000000800023c       0x30 stm32f103x6_Drivers/APP/Admin_Interface/Admin_Interface.o
 .text.st_Admin_DisplayAddNewIDMessage
                0x000000000800026c       0x58 stm32f103x6_Drivers/APP/Admin_Interface/Admin_Interface.o
 .text.st_Admin_AddedIDsuccessfully
                0x00000000080002c4       0x60 stm32f103x6_Drivers/APP/Admin_Interface/Admin_Interface.o
 .text.st_Admin_IDalreadyExists
                0x0000000008000324       0x38 stm32f103x6_Drivers/APP/Admin_Interface/Admin_Interface.o
 .text.st_Admin_RemovedIDsuccessfully
                0x000000000800035c       0x38 stm32f103x6_Drivers/APP/Admin_Interface/Admin_Interface.o
 .text.st_Admin_IDnotFound
                0x0000000008000394       0x38 stm32f103x6_Drivers/APP/Admin_Interface/Admin_Interface.o
 .text.deleteID
                0x00000000080003cc       0x4c stm32f103x6_Drivers/APP/Admin_Interface/Admin_Interface.o
 .text.st_Admin_CheckRepeatedID
                0x0000000008000418       0xd4 stm32f103x6_Drivers/APP/Admin_Interface/Admin_Interface.o
 .text.st_Admin_DisplayRemoveIDMessage
                0x00000000080004ec       0x58 stm32f103x6_Drivers/APP/Admin_Interface/Admin_Interface.o
 .text.SYSTICK_Callback
                0x0000000008000544       0x3c stm32f103x6_Drivers/APP/Admin_Interface/Admin_Interface.o
                0x0000000008000544                SYSTICK_Callback
 .text.st_Admin_DashboardInit
                0x0000000008000580       0x24 stm32f103x6_Drivers/APP/Admin_Interface/Admin_Interface.o
                0x0000000008000580                st_Admin_DashboardInit
 .text.st_Admin_InitialMessage
                0x00000000080005a4       0x40 stm32f103x6_Drivers/APP/Admin_Interface/Admin_Interface.o
                0x00000000080005a4                st_Admin_InitialMessage
 .text.st_Admin_GetUserInput
                0x00000000080005e4       0x3c stm32f103x6_Drivers/APP/Admin_Interface/Admin_Interface.o
                0x00000000080005e4                st_Admin_GetUserInput
 .text.st_Admin_LoginMessage
                0x0000000008000620       0x54 stm32f103x6_Drivers/APP/Admin_Interface/Admin_Interface.o
                0x0000000008000620                st_Admin_LoginMessage
 .text.st_Admin_GetUserID
                0x0000000008000674       0x8c stm32f103x6_Drivers/APP/Admin_Interface/Admin_Interface.o
                0x0000000008000674                st_Admin_GetUserID
 .text.st_Admin_GetUserPassword
                0x0000000008000700       0x88 stm32f103x6_Drivers/APP/Admin_Interface/Admin_Interface.o
                0x0000000008000700                st_Admin_GetUserPassword
 .text.st_Admin_CheckLoginInfo
                0x0000000008000788       0xc0 stm32f103x6_Drivers/APP/Admin_Interface/Admin_Interface.o
                0x0000000008000788                st_Admin_CheckLoginInfo
 .text.st_Admin_LoginTimeout
                0x0000000008000848       0x50 stm32f103x6_Drivers/APP/Admin_Interface/Admin_Interface.o
                0x0000000008000848                st_Admin_LoginTimeout
 .text.st_Admin_Idle
                0x0000000008000898        0xc stm32f103x6_Drivers/APP/Admin_Interface/Admin_Interface.o
                0x0000000008000898                st_Admin_Idle
 .text.st_Admin_ShowAdminOptions
                0x00000000080008a4       0x5c stm32f103x6_Drivers/APP/Admin_Interface/Admin_Interface.o
                0x00000000080008a4                st_Admin_ShowAdminOptions
 .text.st_Admin_GetAdminOption
                0x0000000008000900       0x98 stm32f103x6_Drivers/APP/Admin_Interface/Admin_Interface.o
                0x0000000008000900                st_Admin_GetAdminOption
 .text.st_Admin_AddNewID
                0x0000000008000998       0xa8 stm32f103x6_Drivers/APP/Admin_Interface/Admin_Interface.o
                0x0000000008000998                st_Admin_AddNewID
 .text.st_Admin_RemoveID
                0x0000000008000a40       0x90 stm32f103x6_Drivers/APP/Admin_Interface/Admin_Interface.o
                0x0000000008000a40                st_Admin_RemoveID
 .text.st_Admin_ShowIDsList
                0x0000000008000ad0       0x88 stm32f103x6_Drivers/APP/Admin_Interface/Admin_Interface.o
                0x0000000008000ad0                st_Admin_ShowIDsList
 .text.Keypad_Init
                0x0000000008000b58       0x90 stm32f103x6_Drivers/HAL/Keypad_Driver/Keypad_program.o
                0x0000000008000b58                Keypad_Init
 .text.Keypad_Get_Char
                0x0000000008000be8      0x100 stm32f103x6_Drivers/HAL/Keypad_Driver/Keypad_program.o
                0x0000000008000be8                Keypad_Get_Char
 .text._delay_ms
                0x0000000008000ce8       0x46 stm32f103x6_Drivers/HAL/LCD_Driver/LCD_program.o
                0x0000000008000ce8                _delay_ms
 *fill*         0x0000000008000d2e        0x2 
 .text.LCD_Enable_Pulse
                0x0000000008000d30       0x28 stm32f103x6_Drivers/HAL/LCD_Driver/LCD_program.o
                0x0000000008000d30                LCD_Enable_Pulse
 .text.Check_End_Of_Line
                0x0000000008000d58       0x68 stm32f103x6_Drivers/HAL/LCD_Driver/LCD_program.o
                0x0000000008000d58                Check_End_Of_Line
 .text.LCD_Init
                0x0000000008000dc0       0xd0 stm32f103x6_Drivers/HAL/LCD_Driver/LCD_program.o
                0x0000000008000dc0                LCD_Init
 .text.LCD_Send_Command
                0x0000000008000e90       0xdc stm32f103x6_Drivers/HAL/LCD_Driver/LCD_program.o
                0x0000000008000e90                LCD_Send_Command
 .text.LCD_Send_Char
                0x0000000008000f6c       0xf0 stm32f103x6_Drivers/HAL/LCD_Driver/LCD_program.o
                0x0000000008000f6c                LCD_Send_Char
 .text.LCD_Send_String
                0x000000000800105c       0x28 stm32f103x6_Drivers/HAL/LCD_Driver/LCD_program.o
                0x000000000800105c                LCD_Send_String
 .text.LCD_Cursor_XY
                0x0000000008001084       0x90 stm32f103x6_Drivers/HAL/LCD_Driver/LCD_program.o
                0x0000000008001084                LCD_Cursor_XY
 .text.LCD_Clear_Screen
                0x0000000008001114       0x24 stm32f103x6_Drivers/HAL/LCD_Driver/LCD_program.o
                0x0000000008001114                LCD_Clear_Screen
 .text.MCAL_GPIO_Init
                0x0000000008001138       0xae stm32f103x6_Drivers/MCAL/GPIO/stm32f103x6_GPIO.o
                0x0000000008001138                MCAL_GPIO_Init
 .text.MCAL_GPIO_ReadPin
                0x00000000080011e6       0x38 stm32f103x6_Drivers/MCAL/GPIO/stm32f103x6_GPIO.o
                0x00000000080011e6                MCAL_GPIO_ReadPin
 .text.MCAL_GPIO_WritePin
                0x000000000800121e       0x48 stm32f103x6_Drivers/MCAL/GPIO/stm32f103x6_GPIO.o
                0x000000000800121e                MCAL_GPIO_WritePin
 *fill*         0x0000000008001266        0x2 
 .text.MCAL_RCC_GET_SYSCLK
                0x0000000008001268       0x4c stm32f103x6_Drivers/MCAL/RCC/stm32f103x6_RCC.o
                0x0000000008001268                MCAL_RCC_GET_SYSCLK
 .text.SPI1_IRQHandler
                0x00000000080012b4       0x78 stm32f103x6_Drivers/MCAL/SPI/stm32f103x8_SPI.o
                0x00000000080012b4                SPI1_IRQHandler
 .text.SPI2_IRQHandler
                0x000000000800132c       0x78 stm32f103x6_Drivers/MCAL/SPI/stm32f103x8_SPI.o
                0x000000000800132c                SPI2_IRQHandler
 .text.MCAL_SYST_CalculateCLKFreq
                0x00000000080013a4       0x26 stm32f103x6_Drivers/MCAL/SYSTICK/Cortex_m3_SYSTICK_Program.o
 *fill*         0x00000000080013ca        0x2 
 .text.MCAL_SYST_Init
                0x00000000080013cc       0x58 stm32f103x6_Drivers/MCAL/SYSTICK/Cortex_m3_SYSTICK_Program.o
                0x00000000080013cc                MCAL_SYST_Init
 .text.MCAL_SYST_Start
                0x0000000008001424       0x1c stm32f103x6_Drivers/MCAL/SYSTICK/Cortex_m3_SYSTICK_Program.o
                0x0000000008001424                MCAL_SYST_Start
 .text.MCAL_SYST_Stop
                0x0000000008001440       0x1c stm32f103x6_Drivers/MCAL/SYSTICK/Cortex_m3_SYSTICK_Program.o
                0x0000000008001440                MCAL_SYST_Stop
 .text.MCAL_SYST_SetIntervalPeriodic
                0x000000000800145c       0x94 stm32f103x6_Drivers/MCAL/SYSTICK/Cortex_m3_SYSTICK_Program.o
                0x000000000800145c                MCAL_SYST_SetIntervalPeriodic
 .text.SysTick_Handler
                0x00000000080014f0       0x3c stm32f103x6_Drivers/MCAL/SYSTICK/Cortex_m3_SYSTICK_Program.o
                0x00000000080014f0                SysTick_Handler
 .text.__libc_init_array
                0x000000000800152c       0x48 d:/programs/stm32cubeide_1.4.0/stm32cubeide/plugins/com.st.stm32cube.ide.mcu.externaltools.gnu-tools-for-stm32.7-2018-q2-update.win32_1.4.0.202007081208/tools/bin/../lib/gcc/arm-none-eabi/7.3.1/../../../../arm-none-eabi/lib/thumb/v7-m\libc_nano.a(lib_a-init.o)
                0x000000000800152c                __libc_init_array
 .text.strcpy   0x0000000008001574       0x10 d:/programs/stm32cubeide_1.4.0/stm32cubeide/plugins/com.st.stm32cube.ide.mcu.externaltools.gnu-tools-for-stm32.7-2018-q2-update.win32_1.4.0.202007081208/tools/bin/../lib/gcc/arm-none-eabi/7.3.1/../../../../arm-none-eabi/lib/thumb/v7-m\libc_nano.a(lib_a-strcpy.o)
                0x0000000008001574                strcpy
 *(.glue_7)
 .glue_7        0x0000000008001584        0x0 linker stubs
 *(.glue_7t)
 .glue_7t       0x0000000008001584        0x0 linker stubs
 *(.eh_frame)
 .eh_frame      0x0000000008001584        0x0 d:/programs/stm32cubeide_1.4.0/stm32cubeide/plugins/com.st.stm32cube.ide.mcu.externaltools.gnu-tools-for-stm32.7-2018-q2-update.win32_1.4.0.202007081208/tools/bin/../lib/gcc/arm-none-eabi/7.3.1/thumb/v7-m/crtbegin.o
 *(.init)
 .init          0x0000000008001584        0x4 d:/programs/stm32cubeide_1.4.0/stm32cubeide/plugins/com.st.stm32cube.ide.mcu.externaltools.gnu-tools-for-stm32.7-2018-q2-update.win32_1.4.0.202007081208/tools/bin/../lib/gcc/arm-none-eabi/7.3.1/thumb/v7-m/crti.o
                0x0000000008001584                _init
 .init          0x0000000008001588        0x8 d:/programs/stm32cubeide_1.4.0/stm32cubeide/plugins/com.st.stm32cube.ide.mcu.externaltools.gnu-tools-for-stm32.7-2018-q2-update.win32_1.4.0.202007081208/tools/bin/../lib/gcc/arm-none-eabi/7.3.1/thumb/v7-m/crtn.o
 *(.fini)
 .fini          0x0000000008001590        0x4 d:/programs/stm32cubeide_1.4.0/stm32cubeide/plugins/com.st.stm32cube.ide.mcu.externaltools.gnu-tools-for-stm32.7-2018-q2-update.win32_1.4.0.202007081208/tools/bin/../lib/gcc/arm-none-eabi/7.3.1/thumb/v7-m/crti.o
                0x0000000008001590                _fini
 .fini          0x0000000008001594        0x8 d:/programs/stm32cubeide_1.4.0/stm32cubeide/plugins/com.st.stm32cube.ide.mcu.externaltools.gnu-tools-for-stm32.7-2018-q2-update.win32_1.4.0.202007081208/tools/bin/../lib/gcc/arm-none-eabi/7.3.1/thumb/v7-m/crtn.o
                0x000000000800159c                . = ALIGN (0x4)
                0x000000000800159c                _etext = .

.vfp11_veneer   0x000000000800159c        0x0
 .vfp11_veneer  0x000000000800159c        0x0 linker stubs

.v4_bx          0x000000000800159c        0x0
 .v4_bx         0x000000000800159c        0x0 linker stubs

.iplt           0x000000000800159c        0x0
 .iplt          0x000000000800159c        0x0 d:/programs/stm32cubeide_1.4.0/stm32cubeide/plugins/com.st.stm32cube.ide.mcu.externaltools.gnu-tools-for-stm32.7-2018-q2-update.win32_1.4.0.202007081208/tools/bin/../lib/gcc/arm-none-eabi/7.3.1/thumb/v7-m/crtbegin.o

.rodata         0x000000000800159c      0x14c
                0x000000000800159c                . = ALIGN (0x4)
 *(.rodata)
 .rodata        0x000000000800159c      0x137 stm32f103x6_Drivers/APP/Admin_Interface/Admin_Interface.o
 *fill*         0x00000000080016d3        0x1 
 .rodata        0x00000000080016d4       0x13 stm32f103x6_Drivers/HAL/Keypad_Driver/Keypad_program.o
 *(.rodata*)
                0x00000000080016e8                . = ALIGN (0x4)
 *fill*         0x00000000080016e7        0x1 

.rel.dyn        0x00000000080016e8        0x0
 .rel.iplt      0x00000000080016e8        0x0 d:/programs/stm32cubeide_1.4.0/stm32cubeide/plugins/com.st.stm32cube.ide.mcu.externaltools.gnu-tools-for-stm32.7-2018-q2-update.win32_1.4.0.202007081208/tools/bin/../lib/gcc/arm-none-eabi/7.3.1/thumb/v7-m/crtbegin.o

.ARM.extab      0x00000000080016e8        0x0
                0x00000000080016e8                . = ALIGN (0x4)
 *(.ARM.extab* .gnu.linkonce.armextab.*)
                0x00000000080016e8                . = ALIGN (0x4)

.ARM            0x00000000080016e8        0x0
                0x00000000080016e8                . = ALIGN (0x4)
                0x00000000080016e8                __exidx_start = .
 *(.ARM.exidx*)
                0x00000000080016e8                __exidx_end = .
                0x00000000080016e8                . = ALIGN (0x4)

.preinit_array  0x00000000080016e8        0x0
                0x00000000080016e8                . = ALIGN (0x4)
                0x00000000080016e8                PROVIDE (__preinit_array_start = .)
 *(.preinit_array*)
                0x00000000080016e8                PROVIDE (__preinit_array_end = .)
                0x00000000080016e8                . = ALIGN (0x4)

.init_array     0x00000000080016e8        0x4
                0x00000000080016e8                . = ALIGN (0x4)
                0x00000000080016e8                PROVIDE (__init_array_start = .)
 *(SORT_BY_NAME(.init_array.*))
 *(.init_array*)
 .init_array    0x00000000080016e8        0x4 d:/programs/stm32cubeide_1.4.0/stm32cubeide/plugins/com.st.stm32cube.ide.mcu.externaltools.gnu-tools-for-stm32.7-2018-q2-update.win32_1.4.0.202007081208/tools/bin/../lib/gcc/arm-none-eabi/7.3.1/thumb/v7-m/crtbegin.o
                0x00000000080016ec                PROVIDE (__init_array_end = .)
                0x00000000080016ec                . = ALIGN (0x4)

.fini_array     0x00000000080016ec        0x4
                0x00000000080016ec                . = ALIGN (0x4)
                [!provide]                        PROVIDE (__fini_array_start = .)
 *(SORT_BY_NAME(.fini_array.*))
 *(.fini_array*)
 .fini_array    0x00000000080016ec        0x4 d:/programs/stm32cubeide_1.4.0/stm32cubeide/plugins/com.st.stm32cube.ide.mcu.externaltools.gnu-tools-for-stm32.7-2018-q2-update.win32_1.4.0.202007081208/tools/bin/../lib/gcc/arm-none-eabi/7.3.1/thumb/v7-m/crtbegin.o
                [!provide]                        PROVIDE (__fini_array_end = .)
                0x00000000080016f0                . = ALIGN (0x4)
                0x00000000080016f0                _sidata = LOADADDR (.data)

.data           0x0000000020000000       0x18 load address 0x00000000080016f0
                0x0000000020000000                . = ALIGN (0x4)
                0x0000000020000000                _sdata = .
 *(.data)
 *(.data*)
 .data.Glob_adminsList
                0x0000000020000000       0x14 stm32f103x6_Drivers/APP/Admin_Interface/Admin_Interface.o
 .data.loginAttemptsCounter
                0x0000000020000014        0x1 stm32f103x6_Drivers/APP/Admin_Interface/Admin_Interface.o
                0x0000000020000018                . = ALIGN (0x4)
 *fill*         0x0000000020000015        0x3 
                0x0000000020000018                _edata = .

.igot.plt       0x0000000020000018        0x0 load address 0x0000000008001708
 .igot.plt      0x0000000020000018        0x0 d:/programs/stm32cubeide_1.4.0/stm32cubeide/plugins/com.st.stm32cube.ide.mcu.externaltools.gnu-tools-for-stm32.7-2018-q2-update.win32_1.4.0.202007081208/tools/bin/../lib/gcc/arm-none-eabi/7.3.1/thumb/v7-m/crtbegin.o
                0x0000000020000018                . = ALIGN (0x4)

.bss            0x0000000020000018       0x78 load address 0x0000000008001708
                0x0000000020000018                _sbss = .
                0x0000000020000018                __bss_start__ = _sbss
 *(.bss)
 .bss           0x0000000020000018       0x1c d:/programs/stm32cubeide_1.4.0/stm32cubeide/plugins/com.st.stm32cube.ide.mcu.externaltools.gnu-tools-for-stm32.7-2018-q2-update.win32_1.4.0.202007081208/tools/bin/../lib/gcc/arm-none-eabi/7.3.1/thumb/v7-m/crtbegin.o
 *(.bss*)
 .bss.pressedKey
                0x0000000020000034        0x1 stm32f103x6_Drivers/APP/Admin_Interface/Admin_Interface.o
 .bss.userInputCount
                0x0000000020000035        0x1 stm32f103x6_Drivers/APP/Admin_Interface/Admin_Interface.o
 *fill*         0x0000000020000036        0x2 
 .bss.Glob_userIDinput
                0x0000000020000038        0x5 stm32f103x6_Drivers/APP/Admin_Interface/Admin_Interface.o
 *fill*         0x000000002000003d        0x3 
 .bss.Glob_passwordinput
                0x0000000020000040        0x5 stm32f103x6_Drivers/APP/Admin_Interface/Admin_Interface.o
 .bss.currentOperation
                0x0000000020000045        0x1 stm32f103x6_Drivers/APP/Admin_Interface/Admin_Interface.o
 *fill*         0x0000000020000046        0x2 
 .bss.Glob_tempDriverIDinput
                0x0000000020000048        0x4 stm32f103x6_Drivers/APP/Admin_Interface/Admin_Interface.o
 .bss.Glob_DriversIDsList
                0x000000002000004c       0x14 stm32f103x6_Drivers/APP/Admin_Interface/Admin_Interface.o
 .bss.Glob_AuthIDsCount
                0x0000000020000060        0x1 stm32f103x6_Drivers/APP/Admin_Interface/Admin_Interface.o
 .bss.counter.5326
                0x0000000020000061        0x1 stm32f103x6_Drivers/APP/Admin_Interface/Admin_Interface.o
 .bss.counter.5334
                0x0000000020000062        0x1 stm32f103x6_Drivers/APP/Admin_Interface/Admin_Interface.o
 .bss.printedIDcounter.5388
                0x0000000020000063        0x1 stm32f103x6_Drivers/APP/Admin_Interface/Admin_Interface.o
 .bss.charCounter
                0x0000000020000064        0x1 stm32f103x6_Drivers/HAL/LCD_Driver/LCD_program.o
 .bss.lineCounter
                0x0000000020000065        0x1 stm32f103x6_Drivers/HAL/LCD_Driver/LCD_program.o
 *fill*         0x0000000020000066        0x2 
 .bss.p_IRQ_callback_SPI1
                0x0000000020000068        0xc stm32f103x6_Drivers/MCAL/SPI/stm32f103x8_SPI.o
 .bss.p_IRQ_callback_SPI2
                0x0000000020000074        0xc stm32f103x6_Drivers/MCAL/SPI/stm32f103x8_SPI.o
 .bss.Glob_SYSTCallback
                0x0000000020000080        0x4 stm32f103x6_Drivers/MCAL/SYSTICK/Cortex_m3_SYSTICK_Program.o
 .bss.Glob_SYSTMode
                0x0000000020000084        0x1 stm32f103x6_Drivers/MCAL/SYSTICK/Cortex_m3_SYSTICK_Program.o
 *(COMMON)
 *fill*         0x0000000020000085        0x3 
 COMMON         0x0000000020000088        0x4 Src/main.o
                0x0000000020000088                Admin_Dashboard_State
 COMMON         0x000000002000008c        0x4 stm32f103x6_Drivers/HAL/LCD_Driver/LCD_program.o
                0x000000002000008c                config
                0x0000000020000090                . = ALIGN (0x4)
                0x0000000020000090                _ebss = .
                0x0000000020000090                __bss_end__ = _ebss

._user_heap_stack
                0x0000000020000090      0x600 load address 0x0000000008001708
                0x0000000020000090                . = ALIGN (0x8)
                [!provide]                        PROVIDE (end = .)
                0x0000000020000090                PROVIDE (_end = .)
                0x0000000020000290                . = (. + _Min_Heap_Size)
 *fill*         0x0000000020000090      0x200 
                0x0000000020000690                . = (. + _Min_Stack_Size)
 *fill*         0x0000000020000290      0x400 
                0x0000000020000690                . = ALIGN (0x8)

/DISCARD/
 libc.a(*)
 libm.a(*)
 libgcc.a(*)

.ARM.attributes
                0x0000000000000000       0x29
 *(.ARM.attributes)
 .ARM.attributes
                0x0000000000000000       0x1d d:/programs/stm32cubeide_1.4.0/stm32cubeide/plugins/com.st.stm32cube.ide.mcu.externaltools.gnu-tools-for-stm32.7-2018-q2-update.win32_1.4.0.202007081208/tools/bin/../lib/gcc/arm-none-eabi/7.3.1/thumb/v7-m/crti.o
 .ARM.attributes
                0x000000000000001d       0x2d d:/programs/stm32cubeide_1.4.0/stm32cubeide/plugins/com.st.stm32cube.ide.mcu.externaltools.gnu-tools-for-stm32.7-2018-q2-update.win32_1.4.0.202007081208/tools/bin/../lib/gcc/arm-none-eabi/7.3.1/thumb/v7-m/crtbegin.o
 .ARM.attributes
                0x000000000000004a       0x33 Src/main.o
 .ARM.attributes
                0x000000000000007d       0x21 Startup/startup_stm32f103c6tx.o
 .ARM.attributes
                0x000000000000009e       0x33 stm32f103x6_Drivers/APP/APP.o
 .ARM.attributes
                0x00000000000000d1       0x33 stm32f103x6_Drivers/APP/Admin_Interface/Admin_Interface.o
 .ARM.attributes
                0x0000000000000104       0x33 stm32f103x6_Drivers/HAL/Keypad_Driver/Keypad_program.o
 .ARM.attributes
                0x0000000000000137       0x33 stm32f103x6_Drivers/HAL/LCD_Driver/LCD_program.o
 .ARM.attributes
                0x000000000000016a       0x33 stm32f103x6_Drivers/MCAL/GPIO/stm32f103x6_GPIO.o
 .ARM.attributes
                0x000000000000019d       0x33 stm32f103x6_Drivers/MCAL/RCC/stm32f103x6_RCC.o
 .ARM.attributes
                0x00000000000001d0       0x33 stm32f103x6_Drivers/MCAL/SPI/stm32f103x8_SPI.o
 .ARM.attributes
                0x0000000000000203       0x33 stm32f103x6_Drivers/MCAL/SYSTICK/Cortex_m3_SYSTICK_Program.o
 .ARM.attributes
                0x0000000000000236       0x2d d:/programs/stm32cubeide_1.4.0/stm32cubeide/plugins/com.st.stm32cube.ide.mcu.externaltools.gnu-tools-for-stm32.7-2018-q2-update.win32_1.4.0.202007081208/tools/bin/../lib/gcc/arm-none-eabi/7.3.1/../../../../arm-none-eabi/lib/thumb/v7-m\libc_nano.a(lib_a-init.o)
 .ARM.attributes
                0x0000000000000263       0x1b d:/programs/stm32cubeide_1.4.0/stm32cubeide/plugins/com.st.stm32cube.ide.mcu.externaltools.gnu-tools-for-stm32.7-2018-q2-update.win32_1.4.0.202007081208/tools/bin/../lib/gcc/arm-none-eabi/7.3.1/../../../../arm-none-eabi/lib/thumb/v7-m\libc_nano.a(lib_a-strcmp.o)
 .ARM.attributes
                0x000000000000027e       0x2d d:/programs/stm32cubeide_1.4.0/stm32cubeide/plugins/com.st.stm32cube.ide.mcu.externaltools.gnu-tools-for-stm32.7-2018-q2-update.win32_1.4.0.202007081208/tools/bin/../lib/gcc/arm-none-eabi/7.3.1/../../../../arm-none-eabi/lib/thumb/v7-m\libc_nano.a(lib_a-strcpy.o)
 .ARM.attributes
                0x00000000000002ab       0x1d d:/programs/stm32cubeide_1.4.0/stm32cubeide/plugins/com.st.stm32cube.ide.mcu.externaltools.gnu-tools-for-stm32.7-2018-q2-update.win32_1.4.0.202007081208/tools/bin/../lib/gcc/arm-none-eabi/7.3.1/thumb/v7-m/crtn.o
OUTPUT(MainControlECU.elf elf32-littlearm)

.debug_info     0x0000000000000000     0x4bf0
 .debug_info    0x0000000000000000      0x9e4 Src/main.o
 .debug_info    0x00000000000009e4       0x22 Startup/startup_stm32f103c6tx.o
 .debug_info    0x0000000000000a06      0x9f6 stm32f103x6_Drivers/APP/APP.o
 .debug_info    0x00000000000013fc      0xe97 stm32f103x6_Drivers/APP/Admin_Interface/Admin_Interface.o
 .debug_info    0x0000000000002293      0x21a stm32f103x6_Drivers/HAL/Keypad_Driver/Keypad_program.o
 .debug_info    0x00000000000024ad      0x2f1 stm32f103x6_Drivers/HAL/LCD_Driver/LCD_program.o
 .debug_info    0x000000000000279e      0x465 stm32f103x6_Drivers/MCAL/GPIO/stm32f103x6_GPIO.o
 .debug_info    0x0000000000002c03      0xb49 stm32f103x6_Drivers/MCAL/RCC/stm32f103x6_RCC.o
 .debug_info    0x000000000000374c      0x6f0 stm32f103x6_Drivers/MCAL/SPI/stm32f103x8_SPI.o
 .debug_info    0x0000000000003e3c      0xdb4 stm32f103x6_Drivers/MCAL/SYSTICK/Cortex_m3_SYSTICK_Program.o

.debug_abbrev   0x0000000000000000      0xe38
 .debug_abbrev  0x0000000000000000      0x18e Src/main.o
 .debug_abbrev  0x000000000000018e       0x12 Startup/startup_stm32f103c6tx.o
 .debug_abbrev  0x00000000000001a0      0x18c stm32f103x6_Drivers/APP/APP.o
 .debug_abbrev  0x000000000000032c      0x259 stm32f103x6_Drivers/APP/Admin_Interface/Admin_Interface.o
 .debug_abbrev  0x0000000000000585       0xc7 stm32f103x6_Drivers/HAL/Keypad_Driver/Keypad_program.o
 .debug_abbrev  0x000000000000064c      0x158 stm32f103x6_Drivers/HAL/LCD_Driver/LCD_program.o
 .debug_abbrev  0x00000000000007a4       0xc0 stm32f103x6_Drivers/MCAL/GPIO/stm32f103x6_GPIO.o
 .debug_abbrev  0x0000000000000864      0x1af stm32f103x6_Drivers/MCAL/RCC/stm32f103x6_RCC.o
 .debug_abbrev  0x0000000000000a13      0x184 stm32f103x6_Drivers/MCAL/SPI/stm32f103x8_SPI.o
 .debug_abbrev  0x0000000000000b97      0x2a1 stm32f103x6_Drivers/MCAL/SYSTICK/Cortex_m3_SYSTICK_Program.o

.debug_loc      0x0000000000000000     0x14b4
 .debug_loc     0x0000000000000000       0x2c Src/main.o
 .debug_loc     0x000000000000002c       0x58 stm32f103x6_Drivers/APP/APP.o
 .debug_loc     0x0000000000000084      0x4e8 stm32f103x6_Drivers/APP/Admin_Interface/Admin_Interface.o
 .debug_loc     0x000000000000056c       0xa0 stm32f103x6_Drivers/HAL/Keypad_Driver/Keypad_program.o
 .debug_loc     0x000000000000060c      0x278 stm32f103x6_Drivers/HAL/LCD_Driver/LCD_program.o
 .debug_loc     0x0000000000000884      0x33c stm32f103x6_Drivers/MCAL/GPIO/stm32f103x6_GPIO.o
 .debug_loc     0x0000000000000bc0      0x14c stm32f103x6_Drivers/MCAL/RCC/stm32f103x6_RCC.o
 .debug_loc     0x0000000000000d0c      0x364 stm32f103x6_Drivers/MCAL/SPI/stm32f103x8_SPI.o
 .debug_loc     0x0000000000001070      0x444 stm32f103x6_Drivers/MCAL/SYSTICK/Cortex_m3_SYSTICK_Program.o

.debug_aranges  0x0000000000000000      0x378
 .debug_aranges
                0x0000000000000000       0x20 Src/main.o
 .debug_aranges
                0x0000000000000020       0x28 Startup/startup_stm32f103c6tx.o
 .debug_aranges
                0x0000000000000048       0x28 stm32f103x6_Drivers/APP/APP.o
 .debug_aranges
                0x0000000000000070       0xe0 stm32f103x6_Drivers/APP/Admin_Interface/Admin_Interface.o
 .debug_aranges
                0x0000000000000150       0x28 stm32f103x6_Drivers/HAL/Keypad_Driver/Keypad_program.o
 .debug_aranges
                0x0000000000000178       0x68 stm32f103x6_Drivers/HAL/LCD_Driver/LCD_program.o
 .debug_aranges
                0x00000000000001e0       0x60 stm32f103x6_Drivers/MCAL/GPIO/stm32f103x6_GPIO.o
 .debug_aranges
                0x0000000000000240       0x38 stm32f103x6_Drivers/MCAL/RCC/stm32f103x6_RCC.o
 .debug_aranges
                0x0000000000000278       0x70 stm32f103x6_Drivers/MCAL/SPI/stm32f103x8_SPI.o
 .debug_aranges
                0x00000000000002e8       0x90 stm32f103x6_Drivers/MCAL/SYSTICK/Cortex_m3_SYSTICK_Program.o

.debug_ranges   0x0000000000000000      0x2e0
 .debug_ranges  0x0000000000000000       0x10 Src/main.o
 .debug_ranges  0x0000000000000010       0x20 Startup/startup_stm32f103c6tx.o
 .debug_ranges  0x0000000000000030       0x18 stm32f103x6_Drivers/APP/APP.o
 .debug_ranges  0x0000000000000048       0xd0 stm32f103x6_Drivers/APP/Admin_Interface/Admin_Interface.o
 .debug_ranges  0x0000000000000118       0x18 stm32f103x6_Drivers/HAL/Keypad_Driver/Keypad_program.o
 .debug_ranges  0x0000000000000130       0x58 stm32f103x6_Drivers/HAL/LCD_Driver/LCD_program.o
 .debug_ranges  0x0000000000000188       0x50 stm32f103x6_Drivers/MCAL/GPIO/stm32f103x6_GPIO.o
 .debug_ranges  0x00000000000001d8       0x28 stm32f103x6_Drivers/MCAL/RCC/stm32f103x6_RCC.o
 .debug_ranges  0x0000000000000200       0x60 stm32f103x6_Drivers/MCAL/SPI/stm32f103x8_SPI.o
 .debug_ranges  0x0000000000000260       0x80 stm32f103x6_Drivers/MCAL/SYSTICK/Cortex_m3_SYSTICK_Program.o

.debug_macro    0x0000000000000000     0x2c1a
 .debug_macro   0x0000000000000000      0x195 Src/main.o
 .debug_macro   0x0000000000000195      0xa60 Src/main.o
 .debug_macro   0x0000000000000bf5       0x22 Src/main.o
 .debug_macro   0x0000000000000c17       0x40 Src/main.o
 .debug_macro   0x0000000000000c57       0x18 Src/main.o
 .debug_macro   0x0000000000000c6f       0x94 Src/main.o
 .debug_macro   0x0000000000000d03       0x3c Src/main.o
 .debug_macro   0x0000000000000d3f       0x34 Src/main.o
 .debug_macro   0x0000000000000d73      0x174 Src/main.o
 .debug_macro   0x0000000000000ee7       0x57 Src/main.o
 .debug_macro   0x0000000000000f3e       0x52 Src/main.o
 .debug_macro   0x0000000000000f90       0x1f Src/main.o
 .debug_macro   0x0000000000000faf       0x43 Src/main.o
 .debug_macro   0x0000000000000ff2       0x20 Src/main.o
 .debug_macro   0x0000000000001012      0x1a3 Src/main.o
 .debug_macro   0x00000000000011b5      0x330 Src/main.o
 .debug_macro   0x00000000000014e5       0x10 Src/main.o
 .debug_macro   0x00000000000014f5       0x35 Src/main.o
 .debug_macro   0x000000000000152a       0x20 Src/main.o
 .debug_macro   0x000000000000154a       0x34 Src/main.o
 .debug_macro   0x000000000000157e       0x28 Src/main.o
 .debug_macro   0x00000000000015a6      0x1e1 Src/main.o
 .debug_macro   0x0000000000001787       0x2e Src/main.o
 .debug_macro   0x00000000000017b5      0x60f Src/main.o
 .debug_macro   0x0000000000001dc4       0x10 Src/main.o
 .debug_macro   0x0000000000001dd4       0xe8 Src/main.o
 .debug_macro   0x0000000000001ebc      0x1d2 Src/main.o
 .debug_macro   0x000000000000208e       0xb2 Src/main.o
 .debug_macro   0x0000000000002140       0x52 Src/main.o
 .debug_macro   0x0000000000002192       0xfa Src/main.o
 .debug_macro   0x000000000000228c      0x195 stm32f103x6_Drivers/APP/APP.o
 .debug_macro   0x0000000000002421      0x1b5 stm32f103x6_Drivers/APP/Admin_Interface/Admin_Interface.o
 .debug_macro   0x00000000000025d6       0x4a stm32f103x6_Drivers/HAL/Keypad_Driver/Keypad_program.o
 .debug_macro   0x0000000000002620       0x4c stm32f103x6_Drivers/HAL/Keypad_Driver/Keypad_program.o
 .debug_macro   0x000000000000266c       0x4a stm32f103x6_Drivers/HAL/LCD_Driver/LCD_program.o
 .debug_macro   0x00000000000026b6       0xf4 stm32f103x6_Drivers/HAL/LCD_Driver/LCD_program.o
 .debug_macro   0x00000000000027aa       0x41 stm32f103x6_Drivers/MCAL/GPIO/stm32f103x6_GPIO.o
 .debug_macro   0x00000000000027eb       0xe2 stm32f103x6_Drivers/MCAL/GPIO/stm32f103x6_GPIO.o
 .debug_macro   0x00000000000028cd      0x105 stm32f103x6_Drivers/MCAL/RCC/stm32f103x6_RCC.o
 .debug_macro   0x00000000000029d2       0x83 stm32f103x6_Drivers/MCAL/SPI/stm32f103x8_SPI.o
 .debug_macro   0x0000000000002a55      0x13f stm32f103x6_Drivers/MCAL/SYSTICK/Cortex_m3_SYSTICK_Program.o
 .debug_macro   0x0000000000002b94       0x70 stm32f103x6_Drivers/MCAL/SYSTICK/Cortex_m3_SYSTICK_Program.o
 .debug_macro   0x0000000000002c04       0x16 stm32f103x6_Drivers/MCAL/SYSTICK/Cortex_m3_SYSTICK_Program.o

.debug_line     0x0000000000000000     0x3cad
 .debug_line    0x0000000000000000      0xa9b Src/main.o
 .debug_line    0x0000000000000a9b       0x84 Startup/startup_stm32f103c6tx.o
 .debug_line    0x0000000000000b1f      0xa08 stm32f103x6_Drivers/APP/APP.o
 .debug_line    0x0000000000001527      0xc7d stm32f103x6_Drivers/APP/Admin_Interface/Admin_Interface.o
 .debug_line    0x00000000000021a4      0x2db stm32f103x6_Drivers/HAL/Keypad_Driver/Keypad_program.o
 .debug_line    0x000000000000247f      0x342 stm32f103x6_Drivers/HAL/LCD_Driver/LCD_program.o
 .debug_line    0x00000000000027c1      0x260 stm32f103x6_Drivers/MCAL/GPIO/stm32f103x6_GPIO.o
 .debug_line    0x0000000000002a21      0x64b stm32f103x6_Drivers/MCAL/RCC/stm32f103x6_RCC.o
 .debug_line    0x000000000000306c      0x438 stm32f103x6_Drivers/MCAL/SPI/stm32f103x8_SPI.o
 .debug_line    0x00000000000034a4      0x809 stm32f103x6_Drivers/MCAL/SYSTICK/Cortex_m3_SYSTICK_Program.o

.debug_str      0x0000000000000000     0xb536
 .debug_str     0x0000000000000000     0xa2b6 Src/main.o
                                       0xa487 (size before relaxing)
 .debug_str     0x000000000000a2b6       0x31 Startup/startup_stm32f103c6tx.o
                                         0x86 (size before relaxing)
 .debug_str     0x000000000000a2e7       0x50 stm32f103x6_Drivers/APP/APP.o
                                       0xa4c4 (size before relaxing)
 .debug_str     0x000000000000a337      0x46b stm32f103x6_Drivers/APP/Admin_Interface/Admin_Interface.o
                                       0xa8e0 (size before relaxing)
 .debug_str     0x000000000000a7a2       0xc2 stm32f103x6_Drivers/HAL/Keypad_Driver/Keypad_program.o
                                       0x5595 (size before relaxing)
 .debug_str     0x000000000000a864      0x100 stm32f103x6_Drivers/HAL/LCD_Driver/LCD_program.o
                                       0x5855 (size before relaxing)
 .debug_str     0x000000000000a964      0x109 stm32f103x6_Drivers/MCAL/GPIO/stm32f103x6_GPIO.o
                                       0x5507 (size before relaxing)
 .debug_str     0x000000000000aa6d       0xb6 stm32f103x6_Drivers/MCAL/RCC/stm32f103x6_RCC.o
                                       0x8fb0 (size before relaxing)
 .debug_str     0x000000000000ab23      0x364 stm32f103x6_Drivers/MCAL/SPI/stm32f103x8_SPI.o
                                       0x62f7 (size before relaxing)
 .debug_str     0x000000000000ae87      0x6af stm32f103x6_Drivers/MCAL/SYSTICK/Cortex_m3_SYSTICK_Program.o
                                       0x9599 (size before relaxing)

.comment        0x0000000000000000       0x7b
 .comment       0x0000000000000000       0x7b Src/main.o
                                         0x7c (size before relaxing)
 .comment       0x000000000000007b       0x7c stm32f103x6_Drivers/APP/APP.o
 .comment       0x000000000000007b       0x7c stm32f103x6_Drivers/APP/Admin_Interface/Admin_Interface.o
 .comment       0x000000000000007b       0x7c stm32f103x6_Drivers/HAL/Keypad_Driver/Keypad_program.o
 .comment       0x000000000000007b       0x7c stm32f103x6_Drivers/HAL/LCD_Driver/LCD_program.o
 .comment       0x000000000000007b       0x7c stm32f103x6_Drivers/MCAL/GPIO/stm32f103x6_GPIO.o
 .comment       0x000000000000007b       0x7c stm32f103x6_Drivers/MCAL/RCC/stm32f103x6_RCC.o
 .comment       0x000000000000007b       0x7c stm32f103x6_Drivers/MCAL/SPI/stm32f103x8_SPI.o
 .comment       0x000000000000007b       0x7c stm32f103x6_Drivers/MCAL/SYSTICK/Cortex_m3_SYSTICK_Program.o

.debug_frame    0x0000000000000000      0xb64
 .debug_frame   0x0000000000000000       0x2c Src/main.o
 .debug_frame   0x000000000000002c       0x48 stm32f103x6_Drivers/APP/APP.o
 .debug_frame   0x0000000000000074      0x2ec stm32f103x6_Drivers/APP/Admin_Interface/Admin_Interface.o
 .debug_frame   0x0000000000000360       0x58 stm32f103x6_Drivers/HAL/Keypad_Driver/Keypad_program.o
 .debug_frame   0x00000000000003b8      0x154 stm32f103x6_Drivers/HAL/LCD_Driver/LCD_program.o
 .debug_frame   0x000000000000050c      0x178 stm32f103x6_Drivers/MCAL/GPIO/stm32f103x6_GPIO.o
 .debug_frame   0x0000000000000684       0xb0 stm32f103x6_Drivers/MCAL/RCC/stm32f103x6_RCC.o
 .debug_frame   0x0000000000000734      0x1a4 stm32f103x6_Drivers/MCAL/SPI/stm32f103x8_SPI.o
 .debug_frame   0x00000000000008d8      0x220 stm32f103x6_Drivers/MCAL/SYSTICK/Cortex_m3_SYSTICK_Program.o
 .debug_frame   0x0000000000000af8       0x2c d:/programs/stm32cubeide_1.4.0/stm32cubeide/plugins/com.st.stm32cube.ide.mcu.externaltools.gnu-tools-for-stm32.7-2018-q2-update.win32_1.4.0.202007081208/tools/bin/../lib/gcc/arm-none-eabi/7.3.1/../../../../arm-none-eabi/lib/thumb/v7-m\libc_nano.a(lib_a-init.o)
 .debug_frame   0x0000000000000b24       0x20 d:/programs/stm32cubeide_1.4.0/stm32cubeide/plugins/com.st.stm32cube.ide.mcu.externaltools.gnu-tools-for-stm32.7-2018-q2-update.win32_1.4.0.202007081208/tools/bin/../lib/gcc/arm-none-eabi/7.3.1/../../../../arm-none-eabi/lib/thumb/v7-m\libc_nano.a(lib_a-strcmp.o)
 .debug_frame   0x0000000000000b44       0x20 d:/programs/stm32cubeide_1.4.0/stm32cubeide/plugins/com.st.stm32cube.ide.mcu.externaltools.gnu-tools-for-stm32.7-2018-q2-update.win32_1.4.0.202007081208/tools/bin/../lib/gcc/arm-none-eabi/7.3.1/../../../../arm-none-eabi/lib/thumb/v7-m\libc_nano.a(lib_a-strcpy.o)
