Archive member included to satisfy reference by file (symbol)

d:/programming/atmel/7.0/toolchain/avr8/avr8-gnu-toolchain/bin/../lib/gcc/avr/5.4.0/avr5\libgcc.a(_udivmodsi4.o)
                              Atmega32_Drivers/MCAL/UART/Atmega32_UART.o (__udivmodsi4)
d:/programming/atmel/7.0/toolchain/avr8/avr8-gnu-toolchain/bin/../lib/gcc/avr/5.4.0/avr5\libgcc.a(_exit.o)
                              D:/programming/Atmel/7.0/Packs/atmel/ATmega_DFP/1.7.374/gcc/dev/atmega32/avr5/crtatmega32.o (exit)
d:/programming/atmel/7.0/toolchain/avr8/avr8-gnu-toolchain/bin/../lib/gcc/avr/5.4.0/avr5\libgcc.a(_copy_data.o)
                              Atmega32_Drivers/APP/User_Admin_Interface.o (__do_copy_data)
d:/programming/atmel/7.0/toolchain/avr8/avr8-gnu-toolchain/bin/../lib/gcc/avr/5.4.0/avr5\libgcc.a(_clear_bss.o)
                              Atmega32_Drivers/APP/APP.o (__do_clear_bss)
d:/programming/atmel/7.0/toolchain/avr8/avr8-gnu-toolchain/bin/../lib/gcc/avr/5.4.0/avr5\libgcc.a(_muluhisi3.o)
                              Atmega32_Drivers/MCAL/UART/Atmega32_UART.o (__muluhisi3)
d:/programming/atmel/7.0/toolchain/avr8/avr8-gnu-toolchain/bin/../lib/gcc/avr/5.4.0/avr5\libgcc.a(_umulhisi3.o)
                              d:/programming/atmel/7.0/toolchain/avr8/avr8-gnu-toolchain/bin/../lib/gcc/avr/5.4.0/avr5\libgcc.a(_muluhisi3.o) (__umulhisi3)

Allocating common symbols
Common symbol       size              file

fptr_st_UserAdminInterface
                    0x2               Atmega32_Drivers/APP/APP.o
config              0x2               Atmega32_Drivers/HAL/LCD_Driver/LCD_program.o

Discarded input sections

 .data          0x00000000        0x0 D:/programming/Atmel/7.0/Packs/atmel/ATmega_DFP/1.7.374/gcc/dev/atmega32/avr5/crtatmega32.o
 .bss           0x00000000        0x0 D:/programming/Atmel/7.0/Packs/atmel/ATmega_DFP/1.7.374/gcc/dev/atmega32/avr5/crtatmega32.o
 .text          0x00000000        0x0 Atmega32_Drivers/APP/APP.o
 .data          0x00000000        0x0 Atmega32_Drivers/APP/APP.o
 .bss           0x00000000        0x0 Atmega32_Drivers/APP/APP.o
 .text          0x00000000        0x0 Atmega32_Drivers/APP/User_Admin_Interface.o
 .data          0x00000000        0x0 Atmega32_Drivers/APP/User_Admin_Interface.o
 .bss           0x00000000        0x0 Atmega32_Drivers/APP/User_Admin_Interface.o
 .text          0x00000000        0x0 Atmega32_Drivers/HAL/LCD_Driver/LCD_program.o
 .data          0x00000000        0x0 Atmega32_Drivers/HAL/LCD_Driver/LCD_program.o
 .bss           0x00000000        0x0 Atmega32_Drivers/HAL/LCD_Driver/LCD_program.o
 .text.LCD_Busy_Wait
                0x00000000       0xb2 Atmega32_Drivers/HAL/LCD_Driver/LCD_program.o
 .text          0x00000000        0x0 Atmega32_Drivers/MCAL/GPIO/Atmega32_GPIO.o
 .data          0x00000000        0x0 Atmega32_Drivers/MCAL/GPIO/Atmega32_GPIO.o
 .bss           0x00000000        0x0 Atmega32_Drivers/MCAL/GPIO/Atmega32_GPIO.o
 .text.MCAL_GPIO_DeInit
                0x00000000        0xa Atmega32_Drivers/MCAL/GPIO/Atmega32_GPIO.o
 .text.MCAL_GPIO_ReadPin
                0x00000000       0x32 Atmega32_Drivers/MCAL/GPIO/Atmega32_GPIO.o
 .text.MCAL_GPIO_ReadPort
                0x00000000        0x6 Atmega32_Drivers/MCAL/GPIO/Atmega32_GPIO.o
 .text.MCAL_GPIO_WritePort
                0x00000000        0x6 Atmega32_Drivers/MCAL/GPIO/Atmega32_GPIO.o
 .text          0x00000000        0x0 Atmega32_Drivers/MCAL/SPI/Atmega32_SPI.o
 .data          0x00000000        0x0 Atmega32_Drivers/MCAL/SPI/Atmega32_SPI.o
 .bss           0x00000000        0x0 Atmega32_Drivers/MCAL/SPI/Atmega32_SPI.o
 .text.MCAL_SPI_Reset
                0x00000000        0x6 Atmega32_Drivers/MCAL/SPI/Atmega32_SPI.o
 .text.MCAL_SPI_ReceiveData
                0x00000000       0x10 Atmega32_Drivers/MCAL/SPI/Atmega32_SPI.o
 .text.MCAL_SPI_ExchangeData
                0x00000000       0x12 Atmega32_Drivers/MCAL/SPI/Atmega32_SPI.o
 .text.MCAL_SPI_Enable
                0x00000000        0x8 Atmega32_Drivers/MCAL/SPI/Atmega32_SPI.o
 .text.MCAL_SPI_Disable
                0x00000000        0x8 Atmega32_Drivers/MCAL/SPI/Atmega32_SPI.o
 .text          0x00000000        0x0 Atmega32_Drivers/MCAL/UART/Atmega32_UART.o
 .data          0x00000000        0x0 Atmega32_Drivers/MCAL/UART/Atmega32_UART.o
 .bss           0x00000000        0x0 Atmega32_Drivers/MCAL/UART/Atmega32_UART.o
 .text.MCAL_UART_RESET
                0x00000000       0x12 Atmega32_Drivers/MCAL/UART/Atmega32_UART.o
 .text.MCAL_USART_Send_String
                0x00000000       0x1e Atmega32_Drivers/MCAL/UART/Atmega32_UART.o
 .text.MCAL_USART_Get_String
                0x00000000       0x5c Atmega32_Drivers/MCAL/UART/Atmega32_UART.o
 .text.MCAL_UART_WAIT_TC
                0x00000000        0x6 Atmega32_Drivers/MCAL/UART/Atmega32_UART.o
 .text.MCAL_UART_Interrupt_Disable
                0x00000000       0x26 Atmega32_Drivers/MCAL/UART/Atmega32_UART.o
 .text          0x00000000        0x0 main.o
 .data          0x00000000        0x0 main.o
 .bss           0x00000000        0x0 main.o
 .text          0x00000000        0x0 d:/programming/atmel/7.0/toolchain/avr8/avr8-gnu-toolchain/bin/../lib/gcc/avr/5.4.0/avr5\libgcc.a(_udivmodsi4.o)
 .data          0x00000000        0x0 d:/programming/atmel/7.0/toolchain/avr8/avr8-gnu-toolchain/bin/../lib/gcc/avr/5.4.0/avr5\libgcc.a(_udivmodsi4.o)
 .bss           0x00000000        0x0 d:/programming/atmel/7.0/toolchain/avr8/avr8-gnu-toolchain/bin/../lib/gcc/avr/5.4.0/avr5\libgcc.a(_udivmodsi4.o)
 .text.libgcc.mul
                0x00000000        0x0 d:/programming/atmel/7.0/toolchain/avr8/avr8-gnu-toolchain/bin/../lib/gcc/avr/5.4.0/avr5\libgcc.a(_udivmodsi4.o)
 .text.libgcc   0x00000000        0x0 d:/programming/atmel/7.0/toolchain/avr8/avr8-gnu-toolchain/bin/../lib/gcc/avr/5.4.0/avr5\libgcc.a(_udivmodsi4.o)
 .text.libgcc.prologue
                0x00000000        0x0 d:/programming/atmel/7.0/toolchain/avr8/avr8-gnu-toolchain/bin/../lib/gcc/avr/5.4.0/avr5\libgcc.a(_udivmodsi4.o)
 .text.libgcc.builtins
                0x00000000        0x0 d:/programming/atmel/7.0/toolchain/avr8/avr8-gnu-toolchain/bin/../lib/gcc/avr/5.4.0/avr5\libgcc.a(_udivmodsi4.o)
 .text.libgcc.fmul
                0x00000000        0x0 d:/programming/atmel/7.0/toolchain/avr8/avr8-gnu-toolchain/bin/../lib/gcc/avr/5.4.0/avr5\libgcc.a(_udivmodsi4.o)
 .text.libgcc.fixed
                0x00000000        0x0 d:/programming/atmel/7.0/toolchain/avr8/avr8-gnu-toolchain/bin/../lib/gcc/avr/5.4.0/avr5\libgcc.a(_udivmodsi4.o)
 .text          0x00000000        0x0 d:/programming/atmel/7.0/toolchain/avr8/avr8-gnu-toolchain/bin/../lib/gcc/avr/5.4.0/avr5\libgcc.a(_exit.o)
 .data          0x00000000        0x0 d:/programming/atmel/7.0/toolchain/avr8/avr8-gnu-toolchain/bin/../lib/gcc/avr/5.4.0/avr5\libgcc.a(_exit.o)
 .bss           0x00000000        0x0 d:/programming/atmel/7.0/toolchain/avr8/avr8-gnu-toolchain/bin/../lib/gcc/avr/5.4.0/avr5\libgcc.a(_exit.o)
 .text.libgcc.mul
                0x00000000        0x0 d:/programming/atmel/7.0/toolchain/avr8/avr8-gnu-toolchain/bin/../lib/gcc/avr/5.4.0/avr5\libgcc.a(_exit.o)
 .text.libgcc.div
                0x00000000        0x0 d:/programming/atmel/7.0/toolchain/avr8/avr8-gnu-toolchain/bin/../lib/gcc/avr/5.4.0/avr5\libgcc.a(_exit.o)
 .text.libgcc   0x00000000        0x0 d:/programming/atmel/7.0/toolchain/avr8/avr8-gnu-toolchain/bin/../lib/gcc/avr/5.4.0/avr5\libgcc.a(_exit.o)
 .text.libgcc.prologue
                0x00000000        0x0 d:/programming/atmel/7.0/toolchain/avr8/avr8-gnu-toolchain/bin/../lib/gcc/avr/5.4.0/avr5\libgcc.a(_exit.o)
 .text.libgcc.builtins
                0x00000000        0x0 d:/programming/atmel/7.0/toolchain/avr8/avr8-gnu-toolchain/bin/../lib/gcc/avr/5.4.0/avr5\libgcc.a(_exit.o)
 .text.libgcc.fmul
                0x00000000        0x0 d:/programming/atmel/7.0/toolchain/avr8/avr8-gnu-toolchain/bin/../lib/gcc/avr/5.4.0/avr5\libgcc.a(_exit.o)
 .text.libgcc.fixed
                0x00000000        0x0 d:/programming/atmel/7.0/toolchain/avr8/avr8-gnu-toolchain/bin/../lib/gcc/avr/5.4.0/avr5\libgcc.a(_exit.o)
 .text          0x00000000        0x0 d:/programming/atmel/7.0/toolchain/avr8/avr8-gnu-toolchain/bin/../lib/gcc/avr/5.4.0/avr5\libgcc.a(_copy_data.o)
 .data          0x00000000        0x0 d:/programming/atmel/7.0/toolchain/avr8/avr8-gnu-toolchain/bin/../lib/gcc/avr/5.4.0/avr5\libgcc.a(_copy_data.o)
 .bss           0x00000000        0x0 d:/programming/atmel/7.0/toolchain/avr8/avr8-gnu-toolchain/bin/../lib/gcc/avr/5.4.0/avr5\libgcc.a(_copy_data.o)
 .text.libgcc.mul
                0x00000000        0x0 d:/programming/atmel/7.0/toolchain/avr8/avr8-gnu-toolchain/bin/../lib/gcc/avr/5.4.0/avr5\libgcc.a(_copy_data.o)
 .text.libgcc.div
                0x00000000        0x0 d:/programming/atmel/7.0/toolchain/avr8/avr8-gnu-toolchain/bin/../lib/gcc/avr/5.4.0/avr5\libgcc.a(_copy_data.o)
 .text.libgcc   0x00000000        0x0 d:/programming/atmel/7.0/toolchain/avr8/avr8-gnu-toolchain/bin/../lib/gcc/avr/5.4.0/avr5\libgcc.a(_copy_data.o)
 .text.libgcc.prologue
                0x00000000        0x0 d:/programming/atmel/7.0/toolchain/avr8/avr8-gnu-toolchain/bin/../lib/gcc/avr/5.4.0/avr5\libgcc.a(_copy_data.o)
 .text.libgcc.builtins
                0x00000000        0x0 d:/programming/atmel/7.0/toolchain/avr8/avr8-gnu-toolchain/bin/../lib/gcc/avr/5.4.0/avr5\libgcc.a(_copy_data.o)
 .text.libgcc.fmul
                0x00000000        0x0 d:/programming/atmel/7.0/toolchain/avr8/avr8-gnu-toolchain/bin/../lib/gcc/avr/5.4.0/avr5\libgcc.a(_copy_data.o)
 .text.libgcc.fixed
                0x00000000        0x0 d:/programming/atmel/7.0/toolchain/avr8/avr8-gnu-toolchain/bin/../lib/gcc/avr/5.4.0/avr5\libgcc.a(_copy_data.o)
 .text          0x00000000        0x0 d:/programming/atmel/7.0/toolchain/avr8/avr8-gnu-toolchain/bin/../lib/gcc/avr/5.4.0/avr5\libgcc.a(_clear_bss.o)
 .data          0x00000000        0x0 d:/programming/atmel/7.0/toolchain/avr8/avr8-gnu-toolchain/bin/../lib/gcc/avr/5.4.0/avr5\libgcc.a(_clear_bss.o)
 .bss           0x00000000        0x0 d:/programming/atmel/7.0/toolchain/avr8/avr8-gnu-toolchain/bin/../lib/gcc/avr/5.4.0/avr5\libgcc.a(_clear_bss.o)
 .text.libgcc.mul
                0x00000000        0x0 d:/programming/atmel/7.0/toolchain/avr8/avr8-gnu-toolchain/bin/../lib/gcc/avr/5.4.0/avr5\libgcc.a(_clear_bss.o)
 .text.libgcc.div
                0x00000000        0x0 d:/programming/atmel/7.0/toolchain/avr8/avr8-gnu-toolchain/bin/../lib/gcc/avr/5.4.0/avr5\libgcc.a(_clear_bss.o)
 .text.libgcc   0x00000000        0x0 d:/programming/atmel/7.0/toolchain/avr8/avr8-gnu-toolchain/bin/../lib/gcc/avr/5.4.0/avr5\libgcc.a(_clear_bss.o)
 .text.libgcc.prologue
                0x00000000        0x0 d:/programming/atmel/7.0/toolchain/avr8/avr8-gnu-toolchain/bin/../lib/gcc/avr/5.4.0/avr5\libgcc.a(_clear_bss.o)
 .text.libgcc.builtins
                0x00000000        0x0 d:/programming/atmel/7.0/toolchain/avr8/avr8-gnu-toolchain/bin/../lib/gcc/avr/5.4.0/avr5\libgcc.a(_clear_bss.o)
 .text.libgcc.fmul
                0x00000000        0x0 d:/programming/atmel/7.0/toolchain/avr8/avr8-gnu-toolchain/bin/../lib/gcc/avr/5.4.0/avr5\libgcc.a(_clear_bss.o)
 .text.libgcc.fixed
                0x00000000        0x0 d:/programming/atmel/7.0/toolchain/avr8/avr8-gnu-toolchain/bin/../lib/gcc/avr/5.4.0/avr5\libgcc.a(_clear_bss.o)
 .text          0x00000000        0x0 d:/programming/atmel/7.0/toolchain/avr8/avr8-gnu-toolchain/bin/../lib/gcc/avr/5.4.0/avr5\libgcc.a(_muluhisi3.o)
 .data          0x00000000        0x0 d:/programming/atmel/7.0/toolchain/avr8/avr8-gnu-toolchain/bin/../lib/gcc/avr/5.4.0/avr5\libgcc.a(_muluhisi3.o)
 .bss           0x00000000        0x0 d:/programming/atmel/7.0/toolchain/avr8/avr8-gnu-toolchain/bin/../lib/gcc/avr/5.4.0/avr5\libgcc.a(_muluhisi3.o)
 .text.libgcc.div
                0x00000000        0x0 d:/programming/atmel/7.0/toolchain/avr8/avr8-gnu-toolchain/bin/../lib/gcc/avr/5.4.0/avr5\libgcc.a(_muluhisi3.o)
 .text.libgcc   0x00000000        0x0 d:/programming/atmel/7.0/toolchain/avr8/avr8-gnu-toolchain/bin/../lib/gcc/avr/5.4.0/avr5\libgcc.a(_muluhisi3.o)
 .text.libgcc.prologue
                0x00000000        0x0 d:/programming/atmel/7.0/toolchain/avr8/avr8-gnu-toolchain/bin/../lib/gcc/avr/5.4.0/avr5\libgcc.a(_muluhisi3.o)
 .text.libgcc.builtins
                0x00000000        0x0 d:/programming/atmel/7.0/toolchain/avr8/avr8-gnu-toolchain/bin/../lib/gcc/avr/5.4.0/avr5\libgcc.a(_muluhisi3.o)
 .text.libgcc.fmul
                0x00000000        0x0 d:/programming/atmel/7.0/toolchain/avr8/avr8-gnu-toolchain/bin/../lib/gcc/avr/5.4.0/avr5\libgcc.a(_muluhisi3.o)
 .text.libgcc.fixed
                0x00000000        0x0 d:/programming/atmel/7.0/toolchain/avr8/avr8-gnu-toolchain/bin/../lib/gcc/avr/5.4.0/avr5\libgcc.a(_muluhisi3.o)
 .text          0x00000000        0x0 d:/programming/atmel/7.0/toolchain/avr8/avr8-gnu-toolchain/bin/../lib/gcc/avr/5.4.0/avr5\libgcc.a(_umulhisi3.o)
 .data          0x00000000        0x0 d:/programming/atmel/7.0/toolchain/avr8/avr8-gnu-toolchain/bin/../lib/gcc/avr/5.4.0/avr5\libgcc.a(_umulhisi3.o)
 .bss           0x00000000        0x0 d:/programming/atmel/7.0/toolchain/avr8/avr8-gnu-toolchain/bin/../lib/gcc/avr/5.4.0/avr5\libgcc.a(_umulhisi3.o)
 .text.libgcc.div
                0x00000000        0x0 d:/programming/atmel/7.0/toolchain/avr8/avr8-gnu-toolchain/bin/../lib/gcc/avr/5.4.0/avr5\libgcc.a(_umulhisi3.o)
 .text.libgcc   0x00000000        0x0 d:/programming/atmel/7.0/toolchain/avr8/avr8-gnu-toolchain/bin/../lib/gcc/avr/5.4.0/avr5\libgcc.a(_umulhisi3.o)
 .text.libgcc.prologue
                0x00000000        0x0 d:/programming/atmel/7.0/toolchain/avr8/avr8-gnu-toolchain/bin/../lib/gcc/avr/5.4.0/avr5\libgcc.a(_umulhisi3.o)
 .text.libgcc.builtins
                0x00000000        0x0 d:/programming/atmel/7.0/toolchain/avr8/avr8-gnu-toolchain/bin/../lib/gcc/avr/5.4.0/avr5\libgcc.a(_umulhisi3.o)
 .text.libgcc.fmul
                0x00000000        0x0 d:/programming/atmel/7.0/toolchain/avr8/avr8-gnu-toolchain/bin/../lib/gcc/avr/5.4.0/avr5\libgcc.a(_umulhisi3.o)
 .text.libgcc.fixed
                0x00000000        0x0 d:/programming/atmel/7.0/toolchain/avr8/avr8-gnu-toolchain/bin/../lib/gcc/avr/5.4.0/avr5\libgcc.a(_umulhisi3.o)

Memory Configuration

Name             Origin             Length             Attributes
text             0x00000000         0x00008000         xr
data             0x00800060         0x00000800         rw !x
eeprom           0x00810000         0x00000400         rw !x
fuse             0x00820000         0x00000002         rw !x
lock             0x00830000         0x00000400         rw !x
signature        0x00840000         0x00000400         rw !x
user_signatures  0x00850000         0x00000400         rw !x
*default*        0x00000000         0xffffffff

Linker script and memory map

LOAD D:/programming/Atmel/7.0/Packs/atmel/ATmega_DFP/1.7.374/gcc/dev/atmega32/avr5/crtatmega32.o
LOAD Atmega32_Drivers/APP/APP.o
LOAD Atmega32_Drivers/APP/User_Admin_Interface.o
LOAD Atmega32_Drivers/HAL/LCD_Driver/LCD_program.o
LOAD Atmega32_Drivers/MCAL/GPIO/Atmega32_GPIO.o
LOAD Atmega32_Drivers/MCAL/SPI/Atmega32_SPI.o
LOAD Atmega32_Drivers/MCAL/UART/Atmega32_UART.o
LOAD main.o
START GROUP
LOAD d:/programming/atmel/7.0/toolchain/avr8/avr8-gnu-toolchain/bin/../lib/gcc/avr/5.4.0/../../../../avr/lib/avr5\libm.a
END GROUP
START GROUP
LOAD d:/programming/atmel/7.0/toolchain/avr8/avr8-gnu-toolchain/bin/../lib/gcc/avr/5.4.0/avr5\libgcc.a
LOAD d:/programming/atmel/7.0/toolchain/avr8/avr8-gnu-toolchain/bin/../lib/gcc/avr/5.4.0/../../../../avr/lib/avr5\libm.a
LOAD d:/programming/atmel/7.0/toolchain/avr8/avr8-gnu-toolchain/bin/../lib/gcc/avr/5.4.0/../../../../avr/lib/avr5\libc.a
LOAD D:/programming/Atmel/7.0/Packs/atmel/ATmega_DFP/1.7.374/gcc/dev/atmega32/avr5\libatmega32.a
END GROUP
                0x00000000                __TEXT_REGION_ORIGIN__ = DEFINED (__TEXT_REGION_ORIGIN__)?__TEXT_REGION_ORIGIN__:0x0
                [0x00800060]                __DATA_REGION_ORIGIN__ = DEFINED (__DATA_REGION_ORIGIN__)?__DATA_REGION_ORIGIN__:0x800060
                [0x00008000]                __TEXT_REGION_LENGTH__ = DEFINED (__TEXT_REGION_LENGTH__)?__TEXT_REGION_LENGTH__:0x20000
                [0x00000800]                __DATA_REGION_LENGTH__ = DEFINED (__DATA_REGION_LENGTH__)?__DATA_REGION_LENGTH__:0xffa0
                [0x00000400]                __EEPROM_REGION_LENGTH__ = DEFINED (__EEPROM_REGION_LENGTH__)?__EEPROM_REGION_LENGTH__:0x10000
                [0x00000002]                __FUSE_REGION_LENGTH__ = DEFINED (__FUSE_REGION_LENGTH__)?__FUSE_REGION_LENGTH__:0x400
                0x00000400                __LOCK_REGION_LENGTH__ = DEFINED (__LOCK_REGION_LENGTH__)?__LOCK_REGION_LENGTH__:0x400
                0x00000400                __SIGNATURE_REGION_LENGTH__ = DEFINED (__SIGNATURE_REGION_LENGTH__)?__SIGNATURE_REGION_LENGTH__:0x400
                0x00000400                __USER_SIGNATURE_REGION_LENGTH__ = DEFINED (__USER_SIGNATURE_REGION_LENGTH__)?__USER_SIGNATURE_REGION_LENGTH__:0x400

.hash
 *(.hash)

.dynsym
 *(.dynsym)

.dynstr
 *(.dynstr)

.gnu.version
 *(.gnu.version)

.gnu.version_d
 *(.gnu.version_d)

.gnu.version_r
 *(.gnu.version_r)

.rel.init
 *(.rel.init)

.rela.init
 *(.rela.init)

.rel.text
 *(.rel.text)
 *(.rel.text.*)
 *(.rel.gnu.linkonce.t*)

.rela.text
 *(.rela.text)
 *(.rela.text.*)
 *(.rela.gnu.linkonce.t*)

.rel.fini
 *(.rel.fini)

.rela.fini
 *(.rela.fini)

.rel.rodata
 *(.rel.rodata)
 *(.rel.rodata.*)
 *(.rel.gnu.linkonce.r*)

.rela.rodata
 *(.rela.rodata)
 *(.rela.rodata.*)
 *(.rela.gnu.linkonce.r*)

.rel.data
 *(.rel.data)
 *(.rel.data.*)
 *(.rel.gnu.linkonce.d*)

.rela.data
 *(.rela.data)
 *(.rela.data.*)
 *(.rela.gnu.linkonce.d*)

.rel.ctors
 *(.rel.ctors)

.rela.ctors
 *(.rela.ctors)

.rel.dtors
 *(.rel.dtors)

.rela.dtors
 *(.rela.dtors)

.rel.got
 *(.rel.got)

.rela.got
 *(.rela.got)

.rel.bss
 *(.rel.bss)

.rela.bss
 *(.rela.bss)

.rel.plt
 *(.rel.plt)

.rela.plt
 *(.rela.plt)

.text           0x00000000      0xb92
 *(.vectors)
 .vectors       0x00000000       0x54 D:/programming/Atmel/7.0/Packs/atmel/ATmega_DFP/1.7.374/gcc/dev/atmega32/avr5/crtatmega32.o
                0x00000000                __vector_default
                0x00000000                __vectors
 *(.vectors)
 *(.progmem.gcc*)
                0x00000054                . = ALIGN (0x2)
                0x00000054                __trampolines_start = .
 *(.trampolines)
 .trampolines   0x00000054        0x0 linker stubs
 *(.trampolines*)
                0x00000054                __trampolines_end = .
 *libprintf_flt.a:*(.progmem.data)
 *libc.a:*(.progmem.data)
 *(.progmem*)
                0x00000054                . = ALIGN (0x2)
 *(.jumptables)
 *(.jumptables*)
 *(.lowtext)
 *(.lowtext*)
                0x00000054                __ctors_start = .
 *(.ctors)
                0x00000054                __ctors_end = .
                0x00000054                __dtors_start = .
 *(.dtors)
                0x00000054                __dtors_end = .
 SORT(*)(.ctors)
 SORT(*)(.dtors)
 *(.init0)
 .init0         0x00000054        0x0 D:/programming/Atmel/7.0/Packs/atmel/ATmega_DFP/1.7.374/gcc/dev/atmega32/avr5/crtatmega32.o
                0x00000054                __init
 *(.init0)
 *(.init1)
 *(.init1)
 *(.init2)
 .init2         0x00000054        0xc D:/programming/Atmel/7.0/Packs/atmel/ATmega_DFP/1.7.374/gcc/dev/atmega32/avr5/crtatmega32.o
 *(.init2)
 *(.init3)
 *(.init3)
 *(.init4)
 .init4         0x00000060       0x16 d:/programming/atmel/7.0/toolchain/avr8/avr8-gnu-toolchain/bin/../lib/gcc/avr/5.4.0/avr5\libgcc.a(_copy_data.o)
                0x00000060                __do_copy_data
 .init4         0x00000076       0x10 d:/programming/atmel/7.0/toolchain/avr8/avr8-gnu-toolchain/bin/../lib/gcc/avr/5.4.0/avr5\libgcc.a(_clear_bss.o)
                0x00000076                __do_clear_bss
 *(.init4)
 *(.init5)
 *(.init5)
 *(.init6)
 *(.init6)
 *(.init7)
 *(.init7)
 *(.init8)
 *(.init8)
 *(.init9)
 .init9         0x00000086        0x8 D:/programming/Atmel/7.0/Packs/atmel/ATmega_DFP/1.7.374/gcc/dev/atmega32/avr5/crtatmega32.o
 *(.init9)
 *(.text)
 .text          0x0000008e        0x4 D:/programming/Atmel/7.0/Packs/atmel/ATmega_DFP/1.7.374/gcc/dev/atmega32/avr5/crtatmega32.o
                0x0000008e                __vector_1
                0x0000008e                __bad_interrupt
                0x0000008e                __vector_6
                0x0000008e                __vector_3
                0x0000008e                __vector_11
                0x0000008e                __vector_17
                0x0000008e                __vector_19
                0x0000008e                __vector_7
                0x0000008e                __vector_5
                0x0000008e                __vector_4
                0x0000008e                __vector_9
                0x0000008e                __vector_2
                0x0000008e                __vector_8
                0x0000008e                __vector_10
                0x0000008e                __vector_16
                0x0000008e                __vector_18
                0x0000008e                __vector_20
                0x00000092                . = ALIGN (0x2)
 *(.text.*)
 .text.EntranceGate_ECU_APP_SETUP
                0x00000092        0x6 Atmega32_Drivers/APP/APP.o
                0x00000092                EntranceGate_ECU_APP_SETUP
 .text.EntranceGate_ECU_APP_Loop
                0x00000098        0xc Atmega32_Drivers/APP/APP.o
                0x00000098                EntranceGate_ECU_APP_Loop
 .text.st_UAI_Idle
                0x000000a4        0x2 Atmega32_Drivers/APP/User_Admin_Interface.o
                0x000000a4                st_UAI_Idle
 .text.USART_Init
                0x000000a6       0x5a Atmega32_Drivers/APP/User_Admin_Interface.o
 .text.USART_RX_ISR_Callback
                0x00000100       0x4c Atmega32_Drivers/APP/User_Admin_Interface.o
 .text.SPI_Init
                0x0000014c       0x5e Atmega32_Drivers/APP/User_Admin_Interface.o
 .text.SPI_ISR_Callback
                0x000001aa       0x40 Atmega32_Drivers/APP/User_Admin_Interface.o
 .text.st_UAI_ShowWelcomeMsg
                0x000001ea       0x36 Atmega32_Drivers/APP/User_Admin_Interface.o
                0x000001ea                st_UAI_ShowWelcomeMsg
 .text.st_UAI_SendIDToAdmin
                0x00000220       0x2c Atmega32_Drivers/APP/User_Admin_Interface.o
                0x00000220                st_UAI_SendIDToAdmin
 .text.st_UAI_Init
                0x0000024c       0x1a Atmega32_Drivers/APP/User_Admin_Interface.o
                0x0000024c                st_UAI_Init
 .text._delay_ms
                0x00000266       0x34 Atmega32_Drivers/HAL/LCD_Driver/LCD_program.o
                0x00000266                _delay_ms
 .text.LCD_Enable_Pulse
                0x0000029a       0x20 Atmega32_Drivers/HAL/LCD_Driver/LCD_program.o
                0x0000029a                LCD_Enable_Pulse
 .text.LCD_Send_Command
                0x000002ba       0xf4 Atmega32_Drivers/HAL/LCD_Driver/LCD_program.o
                0x000002ba                LCD_Send_Command
 .text.LCD_Init
                0x000003ae       0xb8 Atmega32_Drivers/HAL/LCD_Driver/LCD_program.o
                0x000003ae                LCD_Init
 .text.LCD_Cursor_XY
                0x00000466       0x54 Atmega32_Drivers/HAL/LCD_Driver/LCD_program.o
                0x00000466                LCD_Cursor_XY
 .text.LCD_Clear_Screen
                0x000004ba       0x10 Atmega32_Drivers/HAL/LCD_Driver/LCD_program.o
                0x000004ba                LCD_Clear_Screen
 .text.Check_End_Of_Line
                0x000004ca       0x42 Atmega32_Drivers/HAL/LCD_Driver/LCD_program.o
                0x000004ca                Check_End_Of_Line
 .text.LCD_Send_Char
                0x0000050c      0x102 Atmega32_Drivers/HAL/LCD_Driver/LCD_program.o
                0x0000050c                LCD_Send_Char
 .text.LCD_Send_String
                0x0000060e       0x1a Atmega32_Drivers/HAL/LCD_Driver/LCD_program.o
                0x0000060e                LCD_Send_String
 .text.MCAL_GPIO_Init
                0x00000628       0x72 Atmega32_Drivers/MCAL/GPIO/Atmega32_GPIO.o
                0x00000628                MCAL_GPIO_Init
 .text.MCAL_GPIO_WritePin
                0x0000069a       0x34 Atmega32_Drivers/MCAL/GPIO/Atmega32_GPIO.o
                0x0000069a                MCAL_GPIO_WritePin
 .text.MCAL_GPIO_TogglePin
                0x000006ce       0x18 Atmega32_Drivers/MCAL/GPIO/Atmega32_GPIO.o
                0x000006ce                MCAL_GPIO_TogglePin
 .text.MCAL_SPI_GPIO_Set_Pins
                0x000006e6       0xf6 Atmega32_Drivers/MCAL/SPI/Atmega32_SPI.o
 .text.MCAL_SPI_Init
                0x000007dc       0x56 Atmega32_Drivers/MCAL/SPI/Atmega32_SPI.o
                0x000007dc                MCAL_SPI_Init
 .text.MCAL_SPI_SendData
                0x00000832       0x10 Atmega32_Drivers/MCAL/SPI/Atmega32_SPI.o
                0x00000832                MCAL_SPI_SendData
 .text.__vector_12
                0x00000842       0x4e Atmega32_Drivers/MCAL/SPI/Atmega32_SPI.o
                0x00000842                __vector_12
 .text.MCAL_UART_Init
                0x00000890       0xb2 Atmega32_Drivers/MCAL/UART/Atmega32_UART.o
                0x00000890                MCAL_UART_Init
 .text.MCAL_UART_Disable
                0x00000942        0x8 Atmega32_Drivers/MCAL/UART/Atmega32_UART.o
                0x00000942                MCAL_UART_Disable
 .text.MCAL_UART_Enable
                0x0000094a        0xc Atmega32_Drivers/MCAL/UART/Atmega32_UART.o
                0x0000094a                MCAL_UART_Enable
 .text.MCAL_UART_Send_Data
                0x00000956       0x2a Atmega32_Drivers/MCAL/UART/Atmega32_UART.o
                0x00000956                MCAL_UART_Send_Data
 .text.MCAL_UART_Get_Data
                0x00000980       0x4a Atmega32_Drivers/MCAL/UART/Atmega32_UART.o
                0x00000980                MCAL_UART_Get_Data
 .text.MCAL_UART_Interrupt_EN
                0x000009ca       0x58 Atmega32_Drivers/MCAL/UART/Atmega32_UART.o
                0x000009ca                MCAL_UART_Interrupt_EN
 .text.__vector_13
                0x00000a22       0x4e Atmega32_Drivers/MCAL/UART/Atmega32_UART.o
                0x00000a22                __vector_13
 .text.__vector_14
                0x00000a70       0x4e Atmega32_Drivers/MCAL/UART/Atmega32_UART.o
                0x00000a70                __vector_14
 .text.__vector_15
                0x00000abe       0x4e Atmega32_Drivers/MCAL/UART/Atmega32_UART.o
                0x00000abe                __vector_15
 .text.main     0x00000b0c        0xa main.o
                0x00000b0c                main
 .text.libgcc.div
                0x00000b16       0x44 d:/programming/atmel/7.0/toolchain/avr8/avr8-gnu-toolchain/bin/../lib/gcc/avr/5.4.0/avr5\libgcc.a(_udivmodsi4.o)
                0x00000b16                __udivmodsi4
 .text.libgcc.mul
                0x00000b5a       0x16 d:/programming/atmel/7.0/toolchain/avr8/avr8-gnu-toolchain/bin/../lib/gcc/avr/5.4.0/avr5\libgcc.a(_muluhisi3.o)
                0x00000b5a                __muluhisi3
 .text.libgcc.mul
                0x00000b70       0x1e d:/programming/atmel/7.0/toolchain/avr8/avr8-gnu-toolchain/bin/../lib/gcc/avr/5.4.0/avr5\libgcc.a(_umulhisi3.o)
                0x00000b70                __umulhisi3
                0x00000b8e                . = ALIGN (0x2)
 *(.fini9)
 .fini9         0x00000b8e        0x0 d:/programming/atmel/7.0/toolchain/avr8/avr8-gnu-toolchain/bin/../lib/gcc/avr/5.4.0/avr5\libgcc.a(_exit.o)
                0x00000b8e                _exit
                0x00000b8e                exit
 *(.fini9)
 *(.fini8)
 *(.fini8)
 *(.fini7)
 *(.fini7)
 *(.fini6)
 *(.fini6)
 *(.fini5)
 *(.fini5)
 *(.fini4)
 *(.fini4)
 *(.fini3)
 *(.fini3)
 *(.fini2)
 *(.fini2)
 *(.fini1)
 *(.fini1)
 *(.fini0)
 .fini0         0x00000b8e        0x4 d:/programming/atmel/7.0/toolchain/avr8/avr8-gnu-toolchain/bin/../lib/gcc/avr/5.4.0/avr5\libgcc.a(_exit.o)
 *(.fini0)
                0x00000b92                _etext = .

.data           0x00800060       0x34 load address 0x00000b92
                0x00800060                PROVIDE (__data_start, .)
 *(.data)
 *(.data*)
 *(.gnu.linkonce.d*)
 *(.rodata)
 *(.rodata*)
 .rodata.str1.1
                0x00800060       0x32 Atmega32_Drivers/APP/User_Admin_Interface.o
 .rodata.LOC_u8GateAddress
                0x00800092        0x1 Atmega32_Drivers/APP/User_Admin_Interface.o
 *(.gnu.linkonce.r*)
                0x00800094                . = ALIGN (0x2)
 *fill*         0x00800093        0x1 
                0x00800094                _edata = .
                0x00800094                PROVIDE (__data_end, .)

.bss            0x00800094       0x1d
                0x00800094                PROVIDE (__bss_start, .)
 *(.bss)
 *(.bss*)
 .bss.sLOC_u8CharCounter.1831
                0x00800094        0x1 Atmega32_Drivers/APP/User_Admin_Interface.o
 .bss.sLOC_u8CharCounter.1827
                0x00800095        0x1 Atmega32_Drivers/APP/User_Admin_Interface.o
 .bss.LOC_u8DriverID
                0x00800096        0x4 Atmega32_Drivers/APP/User_Admin_Interface.o
 .bss.lineCounter
                0x0080009a        0x1 Atmega32_Drivers/HAL/LCD_Driver/LCD_program.o
 .bss.charCounter
                0x0080009b        0x1 Atmega32_Drivers/HAL/LCD_Driver/LCD_program.o
 .bss.p_IRQ_callback_SPI
                0x0080009c        0x2 Atmega32_Drivers/MCAL/SPI/Atmega32_SPI.o
 .bss.LOC_fptr_UDRE_callback
                0x0080009e        0x2 Atmega32_Drivers/MCAL/UART/Atmega32_UART.o
 .bss.LOC_fptr_TXC_callback
                0x008000a0        0x2 Atmega32_Drivers/MCAL/UART/Atmega32_UART.o
 .bss.LOC_fptr_RXC_callback
                0x008000a2        0x2 Atmega32_Drivers/MCAL/UART/Atmega32_UART.o
 .bss.LOC_cfg   0x008000a4        0x9 Atmega32_Drivers/MCAL/UART/Atmega32_UART.o
 *(COMMON)
 COMMON         0x008000ad        0x2 Atmega32_Drivers/APP/APP.o
                0x008000ad                fptr_st_UserAdminInterface
 COMMON         0x008000af        0x2 Atmega32_Drivers/HAL/LCD_Driver/LCD_program.o
                0x008000af                config
                0x008000b1                PROVIDE (__bss_end, .)
                0x00000b92                __data_load_start = LOADADDR (.data)
                0x00000bc6                __data_load_end = (__data_load_start + SIZEOF (.data))

.noinit         0x008000b1        0x0
                [!provide]                PROVIDE (__noinit_start, .)
 *(.noinit*)
                [!provide]                PROVIDE (__noinit_end, .)
                0x008000b1                _end = .
                [!provide]                PROVIDE (__heap_start, .)

.eeprom         0x00810000        0x0
 *(.eeprom*)
                0x00810000                __eeprom_end = .

.fuse
 *(.fuse)
 *(.lfuse)
 *(.hfuse)
 *(.efuse)

.lock
 *(.lock*)

.signature
 *(.signature*)

.user_signatures
 *(.user_signatures*)

.stab
 *(.stab)

.stabstr
 *(.stabstr)

.stab.excl
 *(.stab.excl)

.stab.exclstr
 *(.stab.exclstr)

.stab.index
 *(.stab.index)

.stab.indexstr
 *(.stab.indexstr)

.comment        0x00000000       0x30
 *(.comment)
 .comment       0x00000000       0x30 Atmega32_Drivers/APP/APP.o
                                 0x31 (size before relaxing)
 .comment       0x00000030       0x31 Atmega32_Drivers/APP/User_Admin_Interface.o
 .comment       0x00000030       0x31 Atmega32_Drivers/HAL/LCD_Driver/LCD_program.o
 .comment       0x00000030       0x31 Atmega32_Drivers/MCAL/GPIO/Atmega32_GPIO.o
 .comment       0x00000030       0x31 Atmega32_Drivers/MCAL/SPI/Atmega32_SPI.o
 .comment       0x00000030       0x31 Atmega32_Drivers/MCAL/UART/Atmega32_UART.o
 .comment       0x00000030       0x31 main.o

.note.gnu.avr.deviceinfo
                0x00000000       0x3c
 .note.gnu.avr.deviceinfo
                0x00000000       0x3c D:/programming/Atmel/7.0/Packs/atmel/ATmega_DFP/1.7.374/gcc/dev/atmega32/avr5/crtatmega32.o

.note.gnu.build-id
 *(.note.gnu.build-id)

.debug
 *(.debug)

.line
 *(.line)

.debug_srcinfo
 *(.debug_srcinfo)

.debug_sfnames
 *(.debug_sfnames)

.debug_aranges  0x00000000      0x240
 *(.debug_aranges)
 .debug_aranges
                0x00000000       0x28 Atmega32_Drivers/APP/APP.o
 .debug_aranges
                0x00000028       0x58 Atmega32_Drivers/APP/User_Admin_Interface.o
 .debug_aranges
                0x00000080       0x68 Atmega32_Drivers/HAL/LCD_Driver/LCD_program.o
 .debug_aranges
                0x000000e8       0x50 Atmega32_Drivers/MCAL/GPIO/Atmega32_GPIO.o
 .debug_aranges
                0x00000138       0x60 Atmega32_Drivers/MCAL/SPI/Atmega32_SPI.o
 .debug_aranges
                0x00000198       0x88 Atmega32_Drivers/MCAL/UART/Atmega32_UART.o
 .debug_aranges
                0x00000220       0x20 main.o

.debug_pubnames
 *(.debug_pubnames)

.debug_info     0x00000000     0x2657
 *(.debug_info .gnu.linkonce.wi.*)
 .debug_info    0x00000000      0x4e6 D:/programming/Atmel/7.0/Packs/atmel/ATmega_DFP/1.7.374/gcc/dev/atmega32/avr5/crtatmega32.o
 .debug_info    0x000004e6       0xd8 Atmega32_Drivers/APP/APP.o
 .debug_info    0x000005be      0x80f Atmega32_Drivers/APP/User_Admin_Interface.o
 .debug_info    0x00000dcd      0x973 Atmega32_Drivers/HAL/LCD_Driver/LCD_program.o
 .debug_info    0x00001740      0x2b1 Atmega32_Drivers/MCAL/GPIO/Atmega32_GPIO.o
 .debug_info    0x000019f1      0x55c Atmega32_Drivers/MCAL/SPI/Atmega32_SPI.o
 .debug_info    0x00001f4d      0x62d Atmega32_Drivers/MCAL/UART/Atmega32_UART.o
 .debug_info    0x0000257a       0xdd main.o

.debug_abbrev   0x00000000      0xda6
 *(.debug_abbrev)
 .debug_abbrev  0x00000000      0x4a3 D:/programming/Atmel/7.0/Packs/atmel/ATmega_DFP/1.7.374/gcc/dev/atmega32/avr5/crtatmega32.o
 .debug_abbrev  0x000004a3       0x9c Atmega32_Drivers/APP/APP.o
 .debug_abbrev  0x0000053f      0x1b1 Atmega32_Drivers/APP/User_Admin_Interface.o
 .debug_abbrev  0x000006f0      0x19c Atmega32_Drivers/HAL/LCD_Driver/LCD_program.o
 .debug_abbrev  0x0000088c       0xef Atmega32_Drivers/MCAL/GPIO/Atmega32_GPIO.o
 .debug_abbrev  0x0000097b      0x179 Atmega32_Drivers/MCAL/SPI/Atmega32_SPI.o
 .debug_abbrev  0x00000af4      0x229 Atmega32_Drivers/MCAL/UART/Atmega32_UART.o
 .debug_abbrev  0x00000d1d       0x89 main.o

.debug_line     0x00000000     0x1431
 *(.debug_line .debug_line.* .debug_line_end)
 .debug_line    0x00000000      0x116 D:/programming/Atmel/7.0/Packs/atmel/ATmega_DFP/1.7.374/gcc/dev/atmega32/avr5/crtatmega32.o
 .debug_line    0x00000116       0x81 Atmega32_Drivers/APP/APP.o
 .debug_line    0x00000197      0x3a2 Atmega32_Drivers/APP/User_Admin_Interface.o
 .debug_line    0x00000539      0x4eb Atmega32_Drivers/HAL/LCD_Driver/LCD_program.o
 .debug_line    0x00000a24      0x1e9 Atmega32_Drivers/MCAL/GPIO/Atmega32_GPIO.o
 .debug_line    0x00000c0d      0x335 Atmega32_Drivers/MCAL/SPI/Atmega32_SPI.o
 .debug_line    0x00000f42      0x469 Atmega32_Drivers/MCAL/UART/Atmega32_UART.o
 .debug_line    0x000013ab       0x86 main.o

.debug_frame    0x00000000      0x5bc
 *(.debug_frame)
 .debug_frame   0x00000000       0x34 Atmega32_Drivers/APP/APP.o
 .debug_frame   0x00000034       0xb4 Atmega32_Drivers/APP/User_Admin_Interface.o
 .debug_frame   0x000000e8      0x11c Atmega32_Drivers/HAL/LCD_Driver/LCD_program.o
 .debug_frame   0x00000204       0x84 Atmega32_Drivers/MCAL/GPIO/Atmega32_GPIO.o
 .debug_frame   0x00000288      0x108 Atmega32_Drivers/MCAL/SPI/Atmega32_SPI.o
 .debug_frame   0x00000390      0x208 Atmega32_Drivers/MCAL/UART/Atmega32_UART.o
 .debug_frame   0x00000598       0x24 main.o

.debug_str      0x00000000      0xec9
 *(.debug_str)
 .debug_str     0x00000000      0x196 D:/programming/Atmel/7.0/Packs/atmel/ATmega_DFP/1.7.374/gcc/dev/atmega32/avr5/crtatmega32.o
 .debug_str     0x00000196      0x1e8 Atmega32_Drivers/APP/APP.o
                                0x21c (size before relaxing)
 .debug_str     0x0000037e      0x6b7 Atmega32_Drivers/APP/User_Admin_Interface.o
                                0x891 (size before relaxing)
 .debug_str     0x00000a35       0xdd Atmega32_Drivers/HAL/LCD_Driver/LCD_program.o
                                0x314 (size before relaxing)
 .debug_str     0x00000b12       0x8e Atmega32_Drivers/MCAL/GPIO/Atmega32_GPIO.o
                                0x2b4 (size before relaxing)
 .debug_str     0x00000ba0      0x13d Atmega32_Drivers/MCAL/SPI/Atmega32_SPI.o
                                0x454 (size before relaxing)
 .debug_str     0x00000cdd      0x1db Atmega32_Drivers/MCAL/UART/Atmega32_UART.o
                                0x766 (size before relaxing)
 .debug_str     0x00000eb8       0x11 main.o
                                0x203 (size before relaxing)

.debug_loc      0x00000000      0xce7
 *(.debug_loc)
 .debug_loc     0x00000000       0x8e Atmega32_Drivers/APP/User_Admin_Interface.o
 .debug_loc     0x0000008e      0x2e5 Atmega32_Drivers/HAL/LCD_Driver/LCD_program.o
 .debug_loc     0x00000373       0xb0 Atmega32_Drivers/MCAL/GPIO/Atmega32_GPIO.o
 .debug_loc     0x00000423      0x1c5 Atmega32_Drivers/MCAL/SPI/Atmega32_SPI.o
 .debug_loc     0x000005e8      0x6ff Atmega32_Drivers/MCAL/UART/Atmega32_UART.o

.debug_macinfo
 *(.debug_macinfo)

.debug_weaknames
 *(.debug_weaknames)

.debug_funcnames
 *(.debug_funcnames)

.debug_typenames
 *(.debug_typenames)

.debug_varnames
 *(.debug_varnames)

.debug_pubtypes
 *(.debug_pubtypes)

.debug_ranges   0x00000000      0x1d0
 *(.debug_ranges)
 .debug_ranges  0x00000000       0x18 Atmega32_Drivers/APP/APP.o
 .debug_ranges  0x00000018       0x48 Atmega32_Drivers/APP/User_Admin_Interface.o
 .debug_ranges  0x00000060       0x58 Atmega32_Drivers/HAL/LCD_Driver/LCD_program.o
 .debug_ranges  0x000000b8       0x40 Atmega32_Drivers/MCAL/GPIO/Atmega32_GPIO.o
 .debug_ranges  0x000000f8       0x50 Atmega32_Drivers/MCAL/SPI/Atmega32_SPI.o
 .debug_ranges  0x00000148       0x78 Atmega32_Drivers/MCAL/UART/Atmega32_UART.o
 .debug_ranges  0x000001c0       0x10 main.o

.debug_macro
 *(.debug_macro)
OUTPUT(Gate_Entrance_ECU_Src.elf elf32-avr)
LOAD linker stubs
