Gates_Communication.c:78:6:ENTRANCE_GATE_ECU_SPI_TXEmpty_ISR_Callback	16	static
Gates_Communication.c:120:6:EXTI_Line4_ISR_Callback	16	static
Gates_Communication.c:134:6:ENTRANCE_GATE_ECU_SPI_Init	24	static
Gates_Communication.c:155:6:EXTI_Init	32	static
Gates_Communication.c:169:6:FIFOBuff_Init	8	static
Gates_Communication.c:187:6:st_GatesComm_Init	8	static
Gates_Communication.c:206:6:st_GatesComm_CheckPendingRequests	16	static
Gates_Communication.c:229:6:st_GatesComm_SendIDApprovedSignal	24	static
Gates_Communication.c:287:6:st_GatesComm_SendIDDisapprovedSignal	24	static
Gates_Communication.c:348:6:AI_GC_IDApproved	4	static
Gates_Communication.c:360:6:AI_GC_IDDisapproved	4	static
