Gates_Communication.c:86:6:ENTRANCE_GATE_ECU_SPI_TXEmpty_ISR_Callback	16	static
Gates_Communication.c:128:6:EXIT_GATE_ECU_SPI_TXEmpty_ISR_Callback	16	static
Gates_Communication.c:175:6:EXTI_Line4_ISR_Callback	16	static
Gates_Communication.c:187:6:EXTI_Line12_ISR_Callback	16	static
Gates_Communication.c:201:6:SPI_Init	24	static
Gates_Communication.c:231:6:EXTI_Init	32	static
Gates_Communication.c:253:6:FIFOBuff_Init	8	static
Gates_Communication.c:271:6:st_GatesComm_Init	8	static
Gates_Communication.c:293:6:st_GatesComm_CheckPendingRequests	16	static
Gates_Communication.c:316:6:st_GatesComm_SendIDApprovedSignal	24	static
Gates_Communication.c:393:6:st_GatesComm_SendIDDisapprovedSignal	24	static
Gates_Communication.c:455:6:AI_GC_IDApproved	4	static
Gates_Communication.c:467:6:AI_GC_IDDisapproved	4	static
