Archive member included to satisfy reference by file (symbol)

d:/programming/atmel/7.0/toolchain/avr8/avr8-gnu-toolchain/bin/../lib/gcc/avr/5.4.0/avr5\libgcc.a(_udivmodsi4.o)
                              Atmega32_Drivers/MCAL/UART/Atmega32_UART.o (__udivmodsi4)
d:/programming/atmel/7.0/toolchain/avr8/avr8-gnu-toolchain/bin/../lib/gcc/avr/5.4.0/avr5\libgcc.a(_exit.o)
                              D:/programming/Atmel/7.0/Packs/atmel/ATmega_DFP/1.7.374/gcc/dev/atmega32/avr5/crtatmega32.o (exit)
d:/programming/atmel/7.0/toolchain/avr8/avr8-gnu-toolchain/bin/../lib/gcc/avr/5.4.0/avr5\libgcc.a(_copy_data.o)
                              Atmega32_Drivers/APP/Alarm_Manager/Alarm_Manager_Program.o (__do_copy_data)
d:/programming/atmel/7.0/toolchain/avr8/avr8-gnu-toolchain/bin/../lib/gcc/avr/5.4.0/avr5\libgcc.a(_clear_bss.o)
                              Atmega32_Drivers/APP/Alarm_Manager/Alarm_Manager_Program.o (__do_clear_bss)
d:/programming/atmel/7.0/toolchain/avr8/avr8-gnu-toolchain/bin/../lib/gcc/avr/5.4.0/avr5\libgcc.a(_muluhisi3.o)
                              Atmega32_Drivers/MCAL/UART/Atmega32_UART.o (__muluhisi3)
d:/programming/atmel/7.0/toolchain/avr8/avr8-gnu-toolchain/bin/../lib/gcc/avr/5.4.0/avr5\libgcc.a(_umulhisi3.o)
                              d:/programming/atmel/7.0/toolchain/avr8/avr8-gnu-toolchain/bin/../lib/gcc/avr/5.4.0/avr5\libgcc.a(_muluhisi3.o) (__umulhisi3)

Allocating common symbols
Common symbol       size              file

fptr_st_AlarmManager
                    0x2               Atmega32_Drivers/APP/Alarm_Manager/Alarm_Manager_Program.o
fptr_st_UserAdminInterface
                    0x2               Atmega32_Drivers/APP/APP.o
config              0x2               Atmega32_Drivers/HAL/LCD_Driver/LCD_program.o
fptr_st_GateController
                    0x2               Atmega32_Drivers/APP/APP.o

Discarded input sections

 .data          0x00000000        0x0 D:/programming/Atmel/7.0/Packs/atmel/ATmega_DFP/1.7.374/gcc/dev/atmega32/avr5/crtatmega32.o
 .bss           0x00000000        0x0 D:/programming/Atmel/7.0/Packs/atmel/ATmega_DFP/1.7.374/gcc/dev/atmega32/avr5/crtatmega32.o
 .text          0x00000000        0x0 Atmega32_Drivers/APP/Alarm_Manager/Alarm_Manager_Program.o
 .data          0x00000000        0x0 Atmega32_Drivers/APP/Alarm_Manager/Alarm_Manager_Program.o
 .bss           0x00000000        0x0 Atmega32_Drivers/APP/Alarm_Manager/Alarm_Manager_Program.o
 .text          0x00000000        0x0 Atmega32_Drivers/APP/APP.o
 .data          0x00000000        0x0 Atmega32_Drivers/APP/APP.o
 .bss           0x00000000        0x0 Atmega32_Drivers/APP/APP.o
 .text          0x00000000        0x0 Atmega32_Drivers/APP/Gate_Controller/Gate_Controller_Program.o
 .data          0x00000000        0x0 Atmega32_Drivers/APP/Gate_Controller/Gate_Controller_Program.o
 .bss           0x00000000        0x0 Atmega32_Drivers/APP/Gate_Controller/Gate_Controller_Program.o
 .text          0x00000000        0x0 Atmega32_Drivers/APP/User_Admin_Interface/User_Admin_Interface.o
 .data          0x00000000        0x0 Atmega32_Drivers/APP/User_Admin_Interface/User_Admin_Interface.o
 .bss           0x00000000        0x0 Atmega32_Drivers/APP/User_Admin_Interface/User_Admin_Interface.o
 .text          0x00000000        0x0 Atmega32_Drivers/HAL/Buzzer_Driver/Buzzer_Driver_Program.o
 .data          0x00000000        0x0 Atmega32_Drivers/HAL/Buzzer_Driver/Buzzer_Driver_Program.o
 .bss           0x00000000        0x0 Atmega32_Drivers/HAL/Buzzer_Driver/Buzzer_Driver_Program.o
 .text.HAL_Buzzer_SetState
                0x00000000        0x6 Atmega32_Drivers/HAL/Buzzer_Driver/Buzzer_Driver_Program.o
 .text          0x00000000        0x0 Atmega32_Drivers/HAL/LCD_Driver/LCD_program.o
 .data          0x00000000        0x0 Atmega32_Drivers/HAL/LCD_Driver/LCD_program.o
 .bss           0x00000000        0x0 Atmega32_Drivers/HAL/LCD_Driver/LCD_program.o
 .text.LCD_Busy_Wait
                0x00000000       0xb2 Atmega32_Drivers/HAL/LCD_Driver/LCD_program.o
 .text          0x00000000        0x0 Atmega32_Drivers/HAL/LED_Driver/LED_Driver_Program.o
 .data          0x00000000        0x0 Atmega32_Drivers/HAL/LED_Driver/LED_Driver_Program.o
 .bss           0x00000000        0x0 Atmega32_Drivers/HAL/LED_Driver/LED_Driver_Program.o
 .text          0x00000000        0x0 Atmega32_Drivers/HAL/PIR_Sensor_Driver/PIR_Program.o
 .data          0x00000000        0x0 Atmega32_Drivers/HAL/PIR_Sensor_Driver/PIR_Program.o
 .bss           0x00000000        0x0 Atmega32_Drivers/HAL/PIR_Sensor_Driver/PIR_Program.o
 .text          0x00000000        0x0 Atmega32_Drivers/HAL/Servo_Motor_Driver/Servo_Motor_Program.o
 .data          0x00000000        0x0 Atmega32_Drivers/HAL/Servo_Motor_Driver/Servo_Motor_Program.o
 .bss           0x00000000        0x0 Atmega32_Drivers/HAL/Servo_Motor_Driver/Servo_Motor_Program.o
 .text          0x00000000        0x0 Atmega32_Drivers/MCAL/GPIO/Atmega32_GPIO.o
 .data          0x00000000        0x0 Atmega32_Drivers/MCAL/GPIO/Atmega32_GPIO.o
 .bss           0x00000000        0x0 Atmega32_Drivers/MCAL/GPIO/Atmega32_GPIO.o
 .text.MCAL_GPIO_DeInit
                0x00000000        0xa Atmega32_Drivers/MCAL/GPIO/Atmega32_GPIO.o
 .text.MCAL_GPIO_ReadPort
                0x00000000        0x6 Atmega32_Drivers/MCAL/GPIO/Atmega32_GPIO.o
 .text.MCAL_GPIO_WritePort
                0x00000000        0x6 Atmega32_Drivers/MCAL/GPIO/Atmega32_GPIO.o
 .text          0x00000000        0x0 Atmega32_Drivers/MCAL/SPI/Atmega32_SPI.o
 .data          0x00000000        0x0 Atmega32_Drivers/MCAL/SPI/Atmega32_SPI.o
 .bss           0x00000000        0x0 Atmega32_Drivers/MCAL/SPI/Atmega32_SPI.o
 .text.MCAL_SPI_Reset
                0x00000000        0x6 Atmega32_Drivers/MCAL/SPI/Atmega32_SPI.o
 .text.MCAL_SPI_ExchangeData
                0x00000000       0x12 Atmega32_Drivers/MCAL/SPI/Atmega32_SPI.o
 .text.MCAL_SPI_Enable
                0x00000000        0x8 Atmega32_Drivers/MCAL/SPI/Atmega32_SPI.o
 .text.MCAL_SPI_Disable
                0x00000000        0x8 Atmega32_Drivers/MCAL/SPI/Atmega32_SPI.o
 .text          0x00000000        0x0 Atmega32_Drivers/MCAL/Timer0/Atmega32_Timer0.o
 .data          0x00000000        0x0 Atmega32_Drivers/MCAL/Timer0/Atmega32_Timer0.o
 .bss           0x00000000        0x0 Atmega32_Drivers/MCAL/Timer0/Atmega32_Timer0.o
 .text.MCAL_TIMER0_Start
                0x00000000        0xe Atmega32_Drivers/MCAL/Timer0/Atmega32_Timer0.o
 .text.MCAL_TIMER0_GetCompare
                0x00000000        0xa Atmega32_Drivers/MCAL/Timer0/Atmega32_Timer0.o
 .text.MCAL_TIMER0_GetCounter
                0x00000000        0xa Atmega32_Drivers/MCAL/Timer0/Atmega32_Timer0.o
 .text.MCAL_TIMER0_GetOverflow
                0x00000000       0x1e Atmega32_Drivers/MCAL/Timer0/Atmega32_Timer0.o
 .text.MCAL_TIMER0_SetOverflow
                0x00000000       0x14 Atmega32_Drivers/MCAL/Timer0/Atmega32_Timer0.o
 .text.MCAL_TIMER0_BusyWaitDelayms
                0x00000000       0x74 Atmega32_Drivers/MCAL/Timer0/Atmega32_Timer0.o
 .text.MCAL_TIMER0_BusyWaitDelayus
                0x00000000       0x90 Atmega32_Drivers/MCAL/Timer0/Atmega32_Timer0.o
 .text.MCAL_TIMER0_CALLBACK_Overflow_INTERRUPT
                0x00000000        0xa Atmega32_Drivers/MCAL/Timer0/Atmega32_Timer0.o
 .text          0x00000000        0x0 Atmega32_Drivers/MCAL/Timer2/Atmega32_Timer2.o
 .data          0x00000000        0x0 Atmega32_Drivers/MCAL/Timer2/Atmega32_Timer2.o
 .bss           0x00000000        0x0 Atmega32_Drivers/MCAL/Timer2/Atmega32_Timer2.o
 .text.MCAL_TIMER2_Stop
                0x00000000        0xa Atmega32_Drivers/MCAL/Timer2/Atmega32_Timer2.o
 .text.MCAL_TIMER2_Start
                0x00000000        0xe Atmega32_Drivers/MCAL/Timer2/Atmega32_Timer2.o
 .text.MCAL_TIMER2_GetCompare
                0x00000000        0xa Atmega32_Drivers/MCAL/Timer2/Atmega32_Timer2.o
 .text.MCAL_TIMER2_GetCounter
                0x00000000        0xa Atmega32_Drivers/MCAL/Timer2/Atmega32_Timer2.o
 .text.MCAL_TIMER2_SetCounter
                0x00000000        0x6 Atmega32_Drivers/MCAL/Timer2/Atmega32_Timer2.o
 .text.MCAL_TIMER2_GetOverflow
                0x00000000       0x1e Atmega32_Drivers/MCAL/Timer2/Atmega32_Timer2.o
 .text.MCAL_TIMER2_SetOverflow
                0x00000000       0x14 Atmega32_Drivers/MCAL/Timer2/Atmega32_Timer2.o
 .text.MCAL_TIMER2_BusyWaitDelayms
                0x00000000       0x74 Atmega32_Drivers/MCAL/Timer2/Atmega32_Timer2.o
 .text.MCAL_TIMER2_BusyWaitDelayus
                0x00000000       0x90 Atmega32_Drivers/MCAL/Timer2/Atmega32_Timer2.o
 .text.MCAL_TIMER2_CALLBACK_Overflow_INTERRUPT
                0x00000000        0xa Atmega32_Drivers/MCAL/Timer2/Atmega32_Timer2.o
 .text.MCAL_TIMER2_CALLBACK_CompareMatch_INTERRUPT
                0x00000000        0xa Atmega32_Drivers/MCAL/Timer2/Atmega32_Timer2.o
 .text          0x00000000        0x0 Atmega32_Drivers/MCAL/UART/Atmega32_UART.o
 .data          0x00000000        0x0 Atmega32_Drivers/MCAL/UART/Atmega32_UART.o
 .bss           0x00000000        0x0 Atmega32_Drivers/MCAL/UART/Atmega32_UART.o
 .text.MCAL_UART_RESET
                0x00000000       0x12 Atmega32_Drivers/MCAL/UART/Atmega32_UART.o
 .text.MCAL_USART_Send_String
                0x00000000       0x1e Atmega32_Drivers/MCAL/UART/Atmega32_UART.o
 .text.MCAL_USART_Get_String
                0x00000000       0x5c Atmega32_Drivers/MCAL/UART/Atmega32_UART.o
 .text.MCAL_UART_WAIT_TC
                0x00000000        0x6 Atmega32_Drivers/MCAL/UART/Atmega32_UART.o
 .text.MCAL_UART_Interrupt_Disable
                0x00000000       0x26 Atmega32_Drivers/MCAL/UART/Atmega32_UART.o
 .text          0x00000000        0x0 main.o
 .data          0x00000000        0x0 main.o
 .bss           0x00000000        0x0 main.o
 .text          0x00000000        0x0 d:/programming/atmel/7.0/toolchain/avr8/avr8-gnu-toolchain/bin/../lib/gcc/avr/5.4.0/avr5\libgcc.a(_udivmodsi4.o)
 .data          0x00000000        0x0 d:/programming/atmel/7.0/toolchain/avr8/avr8-gnu-toolchain/bin/../lib/gcc/avr/5.4.0/avr5\libgcc.a(_udivmodsi4.o)
 .bss           0x00000000        0x0 d:/programming/atmel/7.0/toolchain/avr8/avr8-gnu-toolchain/bin/../lib/gcc/avr/5.4.0/avr5\libgcc.a(_udivmodsi4.o)
 .text.libgcc.mul
                0x00000000        0x0 d:/programming/atmel/7.0/toolchain/avr8/avr8-gnu-toolchain/bin/../lib/gcc/avr/5.4.0/avr5\libgcc.a(_udivmodsi4.o)
 .text.libgcc   0x00000000        0x0 d:/programming/atmel/7.0/toolchain/avr8/avr8-gnu-toolchain/bin/../lib/gcc/avr/5.4.0/avr5\libgcc.a(_udivmodsi4.o)
 .text.libgcc.prologue
                0x00000000        0x0 d:/programming/atmel/7.0/toolchain/avr8/avr8-gnu-toolchain/bin/../lib/gcc/avr/5.4.0/avr5\libgcc.a(_udivmodsi4.o)
 .text.libgcc.builtins
                0x00000000        0x0 d:/programming/atmel/7.0/toolchain/avr8/avr8-gnu-toolchain/bin/../lib/gcc/avr/5.4.0/avr5\libgcc.a(_udivmodsi4.o)
 .text.libgcc.fmul
                0x00000000        0x0 d:/programming/atmel/7.0/toolchain/avr8/avr8-gnu-toolchain/bin/../lib/gcc/avr/5.4.0/avr5\libgcc.a(_udivmodsi4.o)
 .text.libgcc.fixed
                0x00000000        0x0 d:/programming/atmel/7.0/toolchain/avr8/avr8-gnu-toolchain/bin/../lib/gcc/avr/5.4.0/avr5\libgcc.a(_udivmodsi4.o)
 .text          0x00000000        0x0 d:/programming/atmel/7.0/toolchain/avr8/avr8-gnu-toolchain/bin/../lib/gcc/avr/5.4.0/avr5\libgcc.a(_exit.o)
 .data          0x00000000        0x0 d:/programming/atmel/7.0/toolchain/avr8/avr8-gnu-toolchain/bin/../lib/gcc/avr/5.4.0/avr5\libgcc.a(_exit.o)
 .bss           0x00000000        0x0 d:/programming/atmel/7.0/toolchain/avr8/avr8-gnu-toolchain/bin/../lib/gcc/avr/5.4.0/avr5\libgcc.a(_exit.o)
 .text.libgcc.mul
                0x00000000        0x0 d:/programming/atmel/7.0/toolchain/avr8/avr8-gnu-toolchain/bin/../lib/gcc/avr/5.4.0/avr5\libgcc.a(_exit.o)
 .text.libgcc.div
                0x00000000        0x0 d:/programming/atmel/7.0/toolchain/avr8/avr8-gnu-toolchain/bin/../lib/gcc/avr/5.4.0/avr5\libgcc.a(_exit.o)
 .text.libgcc   0x00000000        0x0 d:/programming/atmel/7.0/toolchain/avr8/avr8-gnu-toolchain/bin/../lib/gcc/avr/5.4.0/avr5\libgcc.a(_exit.o)
 .text.libgcc.prologue
                0x00000000        0x0 d:/programming/atmel/7.0/toolchain/avr8/avr8-gnu-toolchain/bin/../lib/gcc/avr/5.4.0/avr5\libgcc.a(_exit.o)
 .text.libgcc.builtins
                0x00000000        0x0 d:/programming/atmel/7.0/toolchain/avr8/avr8-gnu-toolchain/bin/../lib/gcc/avr/5.4.0/avr5\libgcc.a(_exit.o)
 .text.libgcc.fmul
                0x00000000        0x0 d:/programming/atmel/7.0/toolchain/avr8/avr8-gnu-toolchain/bin/../lib/gcc/avr/5.4.0/avr5\libgcc.a(_exit.o)
 .text.libgcc.fixed
                0x00000000        0x0 d:/programming/atmel/7.0/toolchain/avr8/avr8-gnu-toolchain/bin/../lib/gcc/avr/5.4.0/avr5\libgcc.a(_exit.o)
 .text          0x00000000        0x0 d:/programming/atmel/7.0/toolchain/avr8/avr8-gnu-toolchain/bin/../lib/gcc/avr/5.4.0/avr5\libgcc.a(_copy_data.o)
 .data          0x00000000        0x0 d:/programming/atmel/7.0/toolchain/avr8/avr8-gnu-toolchain/bin/../lib/gcc/avr/5.4.0/avr5\libgcc.a(_copy_data.o)
 .bss           0x00000000        0x0 d:/programming/atmel/7.0/toolchain/avr8/avr8-gnu-toolchain/bin/../lib/gcc/avr/5.4.0/avr5\libgcc.a(_copy_data.o)
 .text.libgcc.mul
                0x00000000        0x0 d:/programming/atmel/7.0/toolchain/avr8/avr8-gnu-toolchain/bin/../lib/gcc/avr/5.4.0/avr5\libgcc.a(_copy_data.o)
 .text.libgcc.div
                0x00000000        0x0 d:/programming/atmel/7.0/toolchain/avr8/avr8-gnu-toolchain/bin/../lib/gcc/avr/5.4.0/avr5\libgcc.a(_copy_data.o)
 .text.libgcc   0x00000000        0x0 d:/programming/atmel/7.0/toolchain/avr8/avr8-gnu-toolchain/bin/../lib/gcc/avr/5.4.0/avr5\libgcc.a(_copy_data.o)
 .text.libgcc.prologue
                0x00000000        0x0 d:/programming/atmel/7.0/toolchain/avr8/avr8-gnu-toolchain/bin/../lib/gcc/avr/5.4.0/avr5\libgcc.a(_copy_data.o)
 .text.libgcc.builtins
                0x00000000        0x0 d:/programming/atmel/7.0/toolchain/avr8/avr8-gnu-toolchain/bin/../lib/gcc/avr/5.4.0/avr5\libgcc.a(_copy_data.o)
 .text.libgcc.fmul
                0x00000000        0x0 d:/programming/atmel/7.0/toolchain/avr8/avr8-gnu-toolchain/bin/../lib/gcc/avr/5.4.0/avr5\libgcc.a(_copy_data.o)
 .text.libgcc.fixed
                0x00000000        0x0 d:/programming/atmel/7.0/toolchain/avr8/avr8-gnu-toolchain/bin/../lib/gcc/avr/5.4.0/avr5\libgcc.a(_copy_data.o)
 .text          0x00000000        0x0 d:/programming/atmel/7.0/toolchain/avr8/avr8-gnu-toolchain/bin/../lib/gcc/avr/5.4.0/avr5\libgcc.a(_clear_bss.o)
 .data          0x00000000        0x0 d:/programming/atmel/7.0/toolchain/avr8/avr8-gnu-toolchain/bin/../lib/gcc/avr/5.4.0/avr5\libgcc.a(_clear_bss.o)
 .bss           0x00000000        0x0 d:/programming/atmel/7.0/toolchain/avr8/avr8-gnu-toolchain/bin/../lib/gcc/avr/5.4.0/avr5\libgcc.a(_clear_bss.o)
 .text.libgcc.mul
                0x00000000        0x0 d:/programming/atmel/7.0/toolchain/avr8/avr8-gnu-toolchain/bin/../lib/gcc/avr/5.4.0/avr5\libgcc.a(_clear_bss.o)
 .text.libgcc.div
                0x00000000        0x0 d:/programming/atmel/7.0/toolchain/avr8/avr8-gnu-toolchain/bin/../lib/gcc/avr/5.4.0/avr5\libgcc.a(_clear_bss.o)
 .text.libgcc   0x00000000        0x0 d:/programming/atmel/7.0/toolchain/avr8/avr8-gnu-toolchain/bin/../lib/gcc/avr/5.4.0/avr5\libgcc.a(_clear_bss.o)
 .text.libgcc.prologue
                0x00000000        0x0 d:/programming/atmel/7.0/toolchain/avr8/avr8-gnu-toolchain/bin/../lib/gcc/avr/5.4.0/avr5\libgcc.a(_clear_bss.o)
 .text.libgcc.builtins
                0x00000000        0x0 d:/programming/atmel/7.0/toolchain/avr8/avr8-gnu-toolchain/bin/../lib/gcc/avr/5.4.0/avr5\libgcc.a(_clear_bss.o)
 .text.libgcc.fmul
                0x00000000        0x0 d:/programming/atmel/7.0/toolchain/avr8/avr8-gnu-toolchain/bin/../lib/gcc/avr/5.4.0/avr5\libgcc.a(_clear_bss.o)
 .text.libgcc.fixed
                0x00000000        0x0 d:/programming/atmel/7.0/toolchain/avr8/avr8-gnu-toolchain/bin/../lib/gcc/avr/5.4.0/avr5\libgcc.a(_clear_bss.o)
 .text          0x00000000        0x0 d:/programming/atmel/7.0/toolchain/avr8/avr8-gnu-toolchain/bin/../lib/gcc/avr/5.4.0/avr5\libgcc.a(_muluhisi3.o)
 .data          0x00000000        0x0 d:/programming/atmel/7.0/toolchain/avr8/avr8-gnu-toolchain/bin/../lib/gcc/avr/5.4.0/avr5\libgcc.a(_muluhisi3.o)
 .bss           0x00000000        0x0 d:/programming/atmel/7.0/toolchain/avr8/avr8-gnu-toolchain/bin/../lib/gcc/avr/5.4.0/avr5\libgcc.a(_muluhisi3.o)
 .text.libgcc.div
                0x00000000        0x0 d:/programming/atmel/7.0/toolchain/avr8/avr8-gnu-toolchain/bin/../lib/gcc/avr/5.4.0/avr5\libgcc.a(_muluhisi3.o)
 .text.libgcc   0x00000000        0x0 d:/programming/atmel/7.0/toolchain/avr8/avr8-gnu-toolchain/bin/../lib/gcc/avr/5.4.0/avr5\libgcc.a(_muluhisi3.o)
 .text.libgcc.prologue
                0x00000000        0x0 d:/programming/atmel/7.0/toolchain/avr8/avr8-gnu-toolchain/bin/../lib/gcc/avr/5.4.0/avr5\libgcc.a(_muluhisi3.o)
 .text.libgcc.builtins
                0x00000000        0x0 d:/programming/atmel/7.0/toolchain/avr8/avr8-gnu-toolchain/bin/../lib/gcc/avr/5.4.0/avr5\libgcc.a(_muluhisi3.o)
 .text.libgcc.fmul
                0x00000000        0x0 d:/programming/atmel/7.0/toolchain/avr8/avr8-gnu-toolchain/bin/../lib/gcc/avr/5.4.0/avr5\libgcc.a(_muluhisi3.o)
 .text.libgcc.fixed
                0x00000000        0x0 d:/programming/atmel/7.0/toolchain/avr8/avr8-gnu-toolchain/bin/../lib/gcc/avr/5.4.0/avr5\libgcc.a(_muluhisi3.o)
 .text          0x00000000        0x0 d:/programming/atmel/7.0/toolchain/avr8/avr8-gnu-toolchain/bin/../lib/gcc/avr/5.4.0/avr5\libgcc.a(_umulhisi3.o)
 .data          0x00000000        0x0 d:/programming/atmel/7.0/toolchain/avr8/avr8-gnu-toolchain/bin/../lib/gcc/avr/5.4.0/avr5\libgcc.a(_umulhisi3.o)
 .bss           0x00000000        0x0 d:/programming/atmel/7.0/toolchain/avr8/avr8-gnu-toolchain/bin/../lib/gcc/avr/5.4.0/avr5\libgcc.a(_umulhisi3.o)
 .text.libgcc.div
                0x00000000        0x0 d:/programming/atmel/7.0/toolchain/avr8/avr8-gnu-toolchain/bin/../lib/gcc/avr/5.4.0/avr5\libgcc.a(_umulhisi3.o)
 .text.libgcc   0x00000000        0x0 d:/programming/atmel/7.0/toolchain/avr8/avr8-gnu-toolchain/bin/../lib/gcc/avr/5.4.0/avr5\libgcc.a(_umulhisi3.o)
 .text.libgcc.prologue
                0x00000000        0x0 d:/programming/atmel/7.0/toolchain/avr8/avr8-gnu-toolchain/bin/../lib/gcc/avr/5.4.0/avr5\libgcc.a(_umulhisi3.o)
 .text.libgcc.builtins
                0x00000000        0x0 d:/programming/atmel/7.0/toolchain/avr8/avr8-gnu-toolchain/bin/../lib/gcc/avr/5.4.0/avr5\libgcc.a(_umulhisi3.o)
 .text.libgcc.fmul
                0x00000000        0x0 d:/programming/atmel/7.0/toolchain/avr8/avr8-gnu-toolchain/bin/../lib/gcc/avr/5.4.0/avr5\libgcc.a(_umulhisi3.o)
 .text.libgcc.fixed
                0x00000000        0x0 d:/programming/atmel/7.0/toolchain/avr8/avr8-gnu-toolchain/bin/../lib/gcc/avr/5.4.0/avr5\libgcc.a(_umulhisi3.o)

Memory Configuration

Name             Origin             Length             Attributes
text             0x00000000         0x00008000         xr
data             0x00800060         0x00000800         rw !x
eeprom           0x00810000         0x00000400         rw !x
fuse             0x00820000         0x00000002         rw !x
lock             0x00830000         0x00000400         rw !x
signature        0x00840000         0x00000400         rw !x
user_signatures  0x00850000         0x00000400         rw !x
*default*        0x00000000         0xffffffff

Linker script and memory map

LOAD D:/programming/Atmel/7.0/Packs/atmel/ATmega_DFP/1.7.374/gcc/dev/atmega32/avr5/crtatmega32.o
LOAD Atmega32_Drivers/APP/Alarm_Manager/Alarm_Manager_Program.o
LOAD Atmega32_Drivers/APP/APP.o
LOAD Atmega32_Drivers/APP/Gate_Controller/Gate_Controller_Program.o
LOAD Atmega32_Drivers/APP/User_Admin_Interface/User_Admin_Interface.o
LOAD Atmega32_Drivers/HAL/Buzzer_Driver/Buzzer_Driver_Program.o
LOAD Atmega32_Drivers/HAL/LCD_Driver/LCD_program.o
LOAD Atmega32_Drivers/HAL/LED_Driver/LED_Driver_Program.o
LOAD Atmega32_Drivers/HAL/PIR_Sensor_Driver/PIR_Program.o
LOAD Atmega32_Drivers/HAL/Servo_Motor_Driver/Servo_Motor_Program.o
LOAD Atmega32_Drivers/MCAL/GPIO/Atmega32_GPIO.o
LOAD Atmega32_Drivers/MCAL/SPI/Atmega32_SPI.o
LOAD Atmega32_Drivers/MCAL/Timer0/Atmega32_Timer0.o
LOAD Atmega32_Drivers/MCAL/Timer2/Atmega32_Timer2.o
LOAD Atmega32_Drivers/MCAL/UART/Atmega32_UART.o
LOAD main.o
START GROUP
LOAD d:/programming/atmel/7.0/toolchain/avr8/avr8-gnu-toolchain/bin/../lib/gcc/avr/5.4.0/../../../../avr/lib/avr5\libm.a
END GROUP
START GROUP
LOAD d:/programming/atmel/7.0/toolchain/avr8/avr8-gnu-toolchain/bin/../lib/gcc/avr/5.4.0/avr5\libgcc.a
LOAD d:/programming/atmel/7.0/toolchain/avr8/avr8-gnu-toolchain/bin/../lib/gcc/avr/5.4.0/../../../../avr/lib/avr5\libm.a
LOAD d:/programming/atmel/7.0/toolchain/avr8/avr8-gnu-toolchain/bin/../lib/gcc/avr/5.4.0/../../../../avr/lib/avr5\libc.a
LOAD D:/programming/Atmel/7.0/Packs/atmel/ATmega_DFP/1.7.374/gcc/dev/atmega32/avr5\libatmega32.a
END GROUP
                0x00000000                __TEXT_REGION_ORIGIN__ = DEFINED (__TEXT_REGION_ORIGIN__)?__TEXT_REGION_ORIGIN__:0x0
                [0x00800060]                __DATA_REGION_ORIGIN__ = DEFINED (__DATA_REGION_ORIGIN__)?__DATA_REGION_ORIGIN__:0x800060
                [0x00008000]                __TEXT_REGION_LENGTH__ = DEFINED (__TEXT_REGION_LENGTH__)?__TEXT_REGION_LENGTH__:0x20000
                [0x00000800]                __DATA_REGION_LENGTH__ = DEFINED (__DATA_REGION_LENGTH__)?__DATA_REGION_LENGTH__:0xffa0
                [0x00000400]                __EEPROM_REGION_LENGTH__ = DEFINED (__EEPROM_REGION_LENGTH__)?__EEPROM_REGION_LENGTH__:0x10000
                [0x00000002]                __FUSE_REGION_LENGTH__ = DEFINED (__FUSE_REGION_LENGTH__)?__FUSE_REGION_LENGTH__:0x400
                0x00000400                __LOCK_REGION_LENGTH__ = DEFINED (__LOCK_REGION_LENGTH__)?__LOCK_REGION_LENGTH__:0x400
                0x00000400                __SIGNATURE_REGION_LENGTH__ = DEFINED (__SIGNATURE_REGION_LENGTH__)?__SIGNATURE_REGION_LENGTH__:0x400
                0x00000400                __USER_SIGNATURE_REGION_LENGTH__ = DEFINED (__USER_SIGNATURE_REGION_LENGTH__)?__USER_SIGNATURE_REGION_LENGTH__:0x400

.hash
 *(.hash)

.dynsym
 *(.dynsym)

.dynstr
 *(.dynstr)

.gnu.version
 *(.gnu.version)

.gnu.version_d
 *(.gnu.version_d)

.gnu.version_r
 *(.gnu.version_r)

.rel.init
 *(.rel.init)

.rela.init
 *(.rela.init)

.rel.text
 *(.rel.text)
 *(.rel.text.*)
 *(.rel.gnu.linkonce.t*)

.rela.text
 *(.rela.text)
 *(.rela.text.*)
 *(.rela.gnu.linkonce.t*)

.rel.fini
 *(.rel.fini)

.rela.fini
 *(.rela.fini)

.rel.rodata
 *(.rel.rodata)
 *(.rel.rodata.*)
 *(.rel.gnu.linkonce.r*)

.rela.rodata
 *(.rela.rodata)
 *(.rela.rodata.*)
 *(.rela.gnu.linkonce.r*)

.rel.data
 *(.rel.data)
 *(.rel.data.*)
 *(.rel.gnu.linkonce.d*)

.rela.data
 *(.rela.data)
 *(.rela.data.*)
 *(.rela.gnu.linkonce.d*)

.rel.ctors
 *(.rel.ctors)

.rela.ctors
 *(.rela.ctors)

.rel.dtors
 *(.rel.dtors)

.rela.dtors
 *(.rela.dtors)

.rel.got
 *(.rel.got)

.rela.got
 *(.rela.got)

.rel.bss
 *(.rel.bss)

.rela.bss
 *(.rela.bss)

.rel.plt
 *(.rel.plt)

.rela.plt
 *(.rela.plt)

.text           0x00000000     0x1428
 *(.vectors)
 .vectors       0x00000000       0x54 D:/programming/Atmel/7.0/Packs/atmel/ATmega_DFP/1.7.374/gcc/dev/atmega32/avr5/crtatmega32.o
                0x00000000                __vector_default
                0x00000000                __vectors
 *(.vectors)
 *(.progmem.gcc*)
                0x00000054                . = ALIGN (0x2)
                0x00000054                __trampolines_start = .
 *(.trampolines)
 .trampolines   0x00000054        0x0 linker stubs
 *(.trampolines*)
                0x00000054                __trampolines_end = .
 *libprintf_flt.a:*(.progmem.data)
 *libc.a:*(.progmem.data)
 *(.progmem*)
                0x00000054                . = ALIGN (0x2)
 *(.jumptables)
 *(.jumptables*)
 *(.lowtext)
 *(.lowtext*)
                0x00000054                __ctors_start = .
 *(.ctors)
                0x00000054                __ctors_end = .
                0x00000054                __dtors_start = .
 *(.dtors)
                0x00000054                __dtors_end = .
 SORT(*)(.ctors)
 SORT(*)(.dtors)
 *(.init0)
 .init0         0x00000054        0x0 D:/programming/Atmel/7.0/Packs/atmel/ATmega_DFP/1.7.374/gcc/dev/atmega32/avr5/crtatmega32.o
                0x00000054                __init
 *(.init0)
 *(.init1)
 *(.init1)
 *(.init2)
 .init2         0x00000054        0xc D:/programming/Atmel/7.0/Packs/atmel/ATmega_DFP/1.7.374/gcc/dev/atmega32/avr5/crtatmega32.o
 *(.init2)
 *(.init3)
 *(.init3)
 *(.init4)
 .init4         0x00000060       0x16 d:/programming/atmel/7.0/toolchain/avr8/avr8-gnu-toolchain/bin/../lib/gcc/avr/5.4.0/avr5\libgcc.a(_copy_data.o)
                0x00000060                __do_copy_data
 .init4         0x00000076       0x10 d:/programming/atmel/7.0/toolchain/avr8/avr8-gnu-toolchain/bin/../lib/gcc/avr/5.4.0/avr5\libgcc.a(_clear_bss.o)
                0x00000076                __do_clear_bss
 *(.init4)
 *(.init5)
 *(.init5)
 *(.init6)
 *(.init6)
 *(.init7)
 *(.init7)
 *(.init8)
 *(.init8)
 *(.init9)
 .init9         0x00000086        0x8 D:/programming/Atmel/7.0/Packs/atmel/ATmega_DFP/1.7.374/gcc/dev/atmega32/avr5/crtatmega32.o
 *(.init9)
 *(.text)
 .text          0x0000008e        0x4 D:/programming/Atmel/7.0/Packs/atmel/ATmega_DFP/1.7.374/gcc/dev/atmega32/avr5/crtatmega32.o
                0x0000008e                __vector_1
                0x0000008e                __bad_interrupt
                0x0000008e                __vector_6
                0x0000008e                __vector_3
                0x0000008e                __vector_17
                0x0000008e                __vector_19
                0x0000008e                __vector_7
                0x0000008e                __vector_9
                0x0000008e                __vector_2
                0x0000008e                __vector_8
                0x0000008e                __vector_16
                0x0000008e                __vector_18
                0x0000008e                __vector_20
                0x00000092                . = ALIGN (0x2)
 *(.text.*)
 .text.Timer0_DelayCallback
                0x00000092        0xe Atmega32_Drivers/APP/Alarm_Manager/Alarm_Manager_Program.o
 .text.st_AlarmManager_Idle
                0x000000a0        0x2 Atmega32_Drivers/APP/Alarm_Manager/Alarm_Manager_Program.o
                0x000000a0                st_AlarmManager_Idle
 .text.st_AlarmManager_FailedIDAuthentication
                0x000000a2       0x6a Atmega32_Drivers/APP/Alarm_Manager/Alarm_Manager_Program.o
                0x000000a2                st_AlarmManager_FailedIDAuthentication
 .text.st_AlarmManager_SuccessfullIDAuthentication
                0x0000010c       0x48 Atmega32_Drivers/APP/Alarm_Manager/Alarm_Manager_Program.o
                0x0000010c                st_AlarmManager_SuccessfullIDAuthentication
 .text.st_AlarmManager_Init
                0x00000154       0x2c Atmega32_Drivers/APP/Alarm_Manager/Alarm_Manager_Program.o
                0x00000154                st_AlarmManager_Init
 .text.UAI_AM_InvalidID
                0x00000180        0xe Atmega32_Drivers/APP/Alarm_Manager/Alarm_Manager_Program.o
                0x00000180                UAI_AM_InvalidID
 .text.UAI_AM_ValidID
                0x0000018e        0xe Atmega32_Drivers/APP/Alarm_Manager/Alarm_Manager_Program.o
                0x0000018e                UAI_AM_ValidID
 .text.UAI_AM_TurnOffAlarmGateClosed
                0x0000019c        0xe Atmega32_Drivers/APP/Alarm_Manager/Alarm_Manager_Program.o
                0x0000019c                UAI_AM_TurnOffAlarmGateClosed
 .text.ExitGate_ECU_APP_SETUP
                0x000001aa        0xe Atmega32_Drivers/APP/APP.o
                0x000001aa                ExitGate_ECU_APP_SETUP
 .text.ExitGate_ECU_APP_Loop
                0x000001b8       0x20 Atmega32_Drivers/APP/APP.o
                0x000001b8                ExitGate_ECU_APP_Loop
 .text.Timer0_DelaycheckCar_Callback
                0x000001d8        0xe Atmega32_Drivers/APP/Gate_Controller/Gate_Controller_Program.o
 .text.st_GateController_Idle
                0x000001e6        0x2 Atmega32_Drivers/APP/Gate_Controller/Gate_Controller_Program.o
                0x000001e6                st_GateController_Idle
 .text.st_GateController_OpenGate
                0x000001e8       0x24 Atmega32_Drivers/APP/Gate_Controller/Gate_Controller_Program.o
                0x000001e8                st_GateController_OpenGate
 .text.st_GateController_CheckCarPassed
                0x0000020c       0x3a Atmega32_Drivers/APP/Gate_Controller/Gate_Controller_Program.o
                0x0000020c                st_GateController_CheckCarPassed
 .text.st_GateController_CloseGate
                0x00000246       0x18 Atmega32_Drivers/APP/Gate_Controller/Gate_Controller_Program.o
                0x00000246                st_GateController_CloseGate
 .text.st_GateController_Init
                0x0000025e       0x1c Atmega32_Drivers/APP/Gate_Controller/Gate_Controller_Program.o
                0x0000025e                st_GateController_Init
 .text.UAI_GC_OpenGateReuest
                0x0000027a        0xe Atmega32_Drivers/APP/Gate_Controller/Gate_Controller_Program.o
                0x0000027a                UAI_GC_OpenGateReuest
 .text.Timer0_SingleIntervalDelaycallback
                0x00000288        0xe Atmega32_Drivers/APP/User_Admin_Interface/User_Admin_Interface.o
 .text.st_UAI_Idle
                0x00000296        0x2 Atmega32_Drivers/APP/User_Admin_Interface/User_Admin_Interface.o
                0x00000296                st_UAI_Idle
 .text.USART_Init
                0x00000298       0x5a Atmega32_Drivers/APP/User_Admin_Interface/User_Admin_Interface.o
 .text.USART_RX_ISR_Callback
                0x000002f2       0x4c Atmega32_Drivers/APP/User_Admin_Interface/User_Admin_Interface.o
 .text.SPI_Init
                0x0000033e       0x5e Atmega32_Drivers/APP/User_Admin_Interface/User_Admin_Interface.o
 .text.SPI_SendingID
                0x0000039c       0x5a Atmega32_Drivers/APP/User_Admin_Interface/User_Admin_Interface.o
 .text.st_UAI_ShowWelcomeMsg
                0x000003f6       0x3a Atmega32_Drivers/APP/User_Admin_Interface/User_Admin_Interface.o
                0x000003f6                st_UAI_ShowWelcomeMsg
 .text.st_UAI_SendIDToAdmin
                0x00000430       0x42 Atmega32_Drivers/APP/User_Admin_Interface/User_Admin_Interface.o
                0x00000430                st_UAI_SendIDToAdmin
 .text.st_UAI_IDAuthenticationPassed
                0x00000472       0x16 Atmega32_Drivers/APP/User_Admin_Interface/User_Admin_Interface.o
                0x00000472                st_UAI_IDAuthenticationPassed
 .text.st_UAI_IDAuthenticationFailed
                0x00000488       0x12 Atmega32_Drivers/APP/User_Admin_Interface/User_Admin_Interface.o
                0x00000488                st_UAI_IDAuthenticationFailed
 .text.SPI_GetAuthenticationResult
                0x0000049a       0x74 Atmega32_Drivers/APP/User_Admin_Interface/User_Admin_Interface.o
                0x0000049a                SPI_GetAuthenticationResult
 .text.SPI_ISR_Callback
                0x0000050e       0x1a Atmega32_Drivers/APP/User_Admin_Interface/User_Admin_Interface.o
 .text.st_UAI_Init
                0x00000528       0x20 Atmega32_Drivers/APP/User_Admin_Interface/User_Admin_Interface.o
                0x00000528                st_UAI_Init
 .text.GC_UAI_GateClosed
                0x00000548       0x12 Atmega32_Drivers/APP/User_Admin_Interface/User_Admin_Interface.o
                0x00000548                GC_UAI_GateClosed
 .text.AM_UAI_AlarmOff
                0x0000055a        0xe Atmega32_Drivers/APP/User_Admin_Interface/User_Admin_Interface.o
                0x0000055a                AM_UAI_AlarmOff
 .text.HAL_Buzzer_Init
                0x00000568       0x24 Atmega32_Drivers/HAL/Buzzer_Driver/Buzzer_Driver_Program.o
                0x00000568                HAL_Buzzer_Init
 .text.HAL_Buzzer_ToggleState
                0x0000058c        0x6 Atmega32_Drivers/HAL/Buzzer_Driver/Buzzer_Driver_Program.o
                0x0000058c                HAL_Buzzer_ToggleState
 .text._delay_ms
                0x00000592       0x34 Atmega32_Drivers/HAL/LCD_Driver/LCD_program.o
                0x00000592                _delay_ms
 .text.LCD_Enable_Pulse
                0x000005c6       0x20 Atmega32_Drivers/HAL/LCD_Driver/LCD_program.o
                0x000005c6                LCD_Enable_Pulse
 .text.LCD_Send_Command
                0x000005e6       0xf4 Atmega32_Drivers/HAL/LCD_Driver/LCD_program.o
                0x000005e6                LCD_Send_Command
 .text.LCD_Init
                0x000006da       0xb8 Atmega32_Drivers/HAL/LCD_Driver/LCD_program.o
                0x000006da                LCD_Init
 .text.LCD_Cursor_XY
                0x00000792       0x54 Atmega32_Drivers/HAL/LCD_Driver/LCD_program.o
                0x00000792                LCD_Cursor_XY
 .text.LCD_Clear_Screen
                0x000007e6       0x10 Atmega32_Drivers/HAL/LCD_Driver/LCD_program.o
                0x000007e6                LCD_Clear_Screen
 .text.Check_End_Of_Line
                0x000007f6       0x42 Atmega32_Drivers/HAL/LCD_Driver/LCD_program.o
                0x000007f6                Check_End_Of_Line
 .text.LCD_Send_Char
                0x00000838      0x102 Atmega32_Drivers/HAL/LCD_Driver/LCD_program.o
                0x00000838                LCD_Send_Char
 .text.LCD_Send_String
                0x0000093a       0x1a Atmega32_Drivers/HAL/LCD_Driver/LCD_program.o
                0x0000093a                LCD_Send_String
 .text.HAL_LED_Init
                0x00000954       0x24 Atmega32_Drivers/HAL/LED_Driver/LED_Driver_Program.o
                0x00000954                HAL_LED_Init
 .text.HAL_LED_SetState
                0x00000978        0x6 Atmega32_Drivers/HAL/LED_Driver/LED_Driver_Program.o
                0x00000978                HAL_LED_SetState
 .text.HAL_LED_ToggleState
                0x0000097e        0x6 Atmega32_Drivers/HAL/LED_Driver/LED_Driver_Program.o
                0x0000097e                HAL_LED_ToggleState
 .text.HAL_PIR_Init
                0x00000984       0x22 Atmega32_Drivers/HAL/PIR_Sensor_Driver/PIR_Program.o
                0x00000984                HAL_PIR_Init
 .text.HAL_PIR_ReadStatus
                0x000009a6       0x10 Atmega32_Drivers/HAL/PIR_Sensor_Driver/PIR_Program.o
                0x000009a6                HAL_PIR_ReadStatus
 .text.HAL_ServoMotorInit
                0x000009b6       0x5c Atmega32_Drivers/HAL/Servo_Motor_Driver/Servo_Motor_Program.o
                0x000009b6                HAL_ServoMotorInit
 .text.HAL_ServoMotorTurn
                0x00000a12        0x8 Atmega32_Drivers/HAL/Servo_Motor_Driver/Servo_Motor_Program.o
                0x00000a12                HAL_ServoMotorTurn
 .text.MCAL_GPIO_Init
                0x00000a1a       0x72 Atmega32_Drivers/MCAL/GPIO/Atmega32_GPIO.o
                0x00000a1a                MCAL_GPIO_Init
 .text.MCAL_GPIO_ReadPin
                0x00000a8c       0x32 Atmega32_Drivers/MCAL/GPIO/Atmega32_GPIO.o
                0x00000a8c                MCAL_GPIO_ReadPin
 .text.MCAL_GPIO_WritePin
                0x00000abe       0x34 Atmega32_Drivers/MCAL/GPIO/Atmega32_GPIO.o
                0x00000abe                MCAL_GPIO_WritePin
 .text.MCAL_GPIO_TogglePin
                0x00000af2       0x18 Atmega32_Drivers/MCAL/GPIO/Atmega32_GPIO.o
                0x00000af2                MCAL_GPIO_TogglePin
 .text.MCAL_SPI_GPIO_Set_Pins
                0x00000b0a       0xf6 Atmega32_Drivers/MCAL/SPI/Atmega32_SPI.o
 .text.MCAL_SPI_Init
                0x00000c00       0x56 Atmega32_Drivers/MCAL/SPI/Atmega32_SPI.o
                0x00000c00                MCAL_SPI_Init
 .text.MCAL_SPI_SendData
                0x00000c56       0x10 Atmega32_Drivers/MCAL/SPI/Atmega32_SPI.o
                0x00000c56                MCAL_SPI_SendData
 .text.MCAL_SPI_ReceiveData
                0x00000c66       0x10 Atmega32_Drivers/MCAL/SPI/Atmega32_SPI.o
                0x00000c66                MCAL_SPI_ReceiveData
 .text.__vector_12
                0x00000c76       0x4e Atmega32_Drivers/MCAL/SPI/Atmega32_SPI.o
                0x00000c76                __vector_12
 .text.MCAL_TIMER0_Init
                0x00000cc4       0xe6 Atmega32_Drivers/MCAL/Timer0/Atmega32_Timer0.o
                0x00000cc4                MCAL_TIMER0_Init
 .text.MCAL_TIMER0_Stop
                0x00000daa        0xa Atmega32_Drivers/MCAL/Timer0/Atmega32_Timer0.o
                0x00000daa                MCAL_TIMER0_Stop
 .text.Timer0_SingleIntervalDelayCallback
                0x00000db4       0x68 Atmega32_Drivers/MCAL/Timer0/Atmega32_Timer0.o
 .text.MCAL_TIMER0_SetCompare
                0x00000e1c        0x6 Atmega32_Drivers/MCAL/Timer0/Atmega32_Timer0.o
                0x00000e1c                MCAL_TIMER0_SetCompare
 .text.MCAL_TIMER0_SetCounter
                0x00000e22        0x6 Atmega32_Drivers/MCAL/Timer0/Atmega32_Timer0.o
                0x00000e22                MCAL_TIMER0_SetCounter
 .text.MCAL_TIMER0_CALLBACK_CompareMatch_INTERRUPT
                0x00000e28        0xa Atmega32_Drivers/MCAL/Timer0/Atmega32_Timer0.o
                0x00000e28                MCAL_TIMER0_CALLBACK_CompareMatch_INTERRUPT
 .text.MCAL_TIMER0_SingleIntervalDelayms
                0x00000e32       0x80 Atmega32_Drivers/MCAL/Timer0/Atmega32_Timer0.o
                0x00000e32                MCAL_TIMER0_SingleIntervalDelayms
 .text.__vector_10
                0x00000eb2       0x4e Atmega32_Drivers/MCAL/Timer0/Atmega32_Timer0.o
                0x00000eb2                __vector_10
 .text.__vector_11
                0x00000f00       0x74 Atmega32_Drivers/MCAL/Timer0/Atmega32_Timer0.o
                0x00000f00                __vector_11
 .text.MCAL_TIMER2_Init
                0x00000f74       0xea Atmega32_Drivers/MCAL/Timer2/Atmega32_Timer2.o
                0x00000f74                MCAL_TIMER2_Init
 .text.MCAL_TIMER2_SetCompare
                0x0000105e        0x6 Atmega32_Drivers/MCAL/Timer2/Atmega32_Timer2.o
                0x0000105e                MCAL_TIMER2_SetCompare
 .text.__vector_4
                0x00001064       0x4e Atmega32_Drivers/MCAL/Timer2/Atmega32_Timer2.o
                0x00001064                __vector_4
 .text.__vector_5
                0x000010b2       0x74 Atmega32_Drivers/MCAL/Timer2/Atmega32_Timer2.o
                0x000010b2                __vector_5
 .text.MCAL_UART_Init
                0x00001126       0xb2 Atmega32_Drivers/MCAL/UART/Atmega32_UART.o
                0x00001126                MCAL_UART_Init
 .text.MCAL_UART_Disable
                0x000011d8        0x8 Atmega32_Drivers/MCAL/UART/Atmega32_UART.o
                0x000011d8                MCAL_UART_Disable
 .text.MCAL_UART_Enable
                0x000011e0        0xc Atmega32_Drivers/MCAL/UART/Atmega32_UART.o
                0x000011e0                MCAL_UART_Enable
 .text.MCAL_UART_Send_Data
                0x000011ec       0x2a Atmega32_Drivers/MCAL/UART/Atmega32_UART.o
                0x000011ec                MCAL_UART_Send_Data
 .text.MCAL_UART_Get_Data
                0x00001216       0x4a Atmega32_Drivers/MCAL/UART/Atmega32_UART.o
                0x00001216                MCAL_UART_Get_Data
 .text.MCAL_UART_Interrupt_EN
                0x00001260       0x58 Atmega32_Drivers/MCAL/UART/Atmega32_UART.o
                0x00001260                MCAL_UART_Interrupt_EN
 .text.__vector_13
                0x000012b8       0x4e Atmega32_Drivers/MCAL/UART/Atmega32_UART.o
                0x000012b8                __vector_13
 .text.__vector_14
                0x00001306       0x4e Atmega32_Drivers/MCAL/UART/Atmega32_UART.o
                0x00001306                __vector_14
 .text.__vector_15
                0x00001354       0x4e Atmega32_Drivers/MCAL/UART/Atmega32_UART.o
                0x00001354                __vector_15
 .text.main     0x000013a2        0xa main.o
                0x000013a2                main
 .text.libgcc.div
                0x000013ac       0x44 d:/programming/atmel/7.0/toolchain/avr8/avr8-gnu-toolchain/bin/../lib/gcc/avr/5.4.0/avr5\libgcc.a(_udivmodsi4.o)
                0x000013ac                __udivmodsi4
 .text.libgcc.mul
                0x000013f0       0x16 d:/programming/atmel/7.0/toolchain/avr8/avr8-gnu-toolchain/bin/../lib/gcc/avr/5.4.0/avr5\libgcc.a(_muluhisi3.o)
                0x000013f0                __muluhisi3
 .text.libgcc.mul
                0x00001406       0x1e d:/programming/atmel/7.0/toolchain/avr8/avr8-gnu-toolchain/bin/../lib/gcc/avr/5.4.0/avr5\libgcc.a(_umulhisi3.o)
                0x00001406                __umulhisi3
                0x00001424                . = ALIGN (0x2)
 *(.fini9)
 .fini9         0x00001424        0x0 d:/programming/atmel/7.0/toolchain/avr8/avr8-gnu-toolchain/bin/../lib/gcc/avr/5.4.0/avr5\libgcc.a(_exit.o)
                0x00001424                _exit
                0x00001424                exit
 *(.fini9)
 *(.fini8)
 *(.fini8)
 *(.fini7)
 *(.fini7)
 *(.fini6)
 *(.fini6)
 *(.fini5)
 *(.fini5)
 *(.fini4)
 *(.fini4)
 *(.fini3)
 *(.fini3)
 *(.fini2)
 *(.fini2)
 *(.fini1)
 *(.fini1)
 *(.fini0)
 .fini0         0x00001424        0x4 d:/programming/atmel/7.0/toolchain/avr8/avr8-gnu-toolchain/bin/../lib/gcc/avr/5.4.0/avr5\libgcc.a(_exit.o)
 *(.fini0)
                0x00001428                _etext = .

.data           0x00800060       0x40 load address 0x00001428
                0x00800060                PROVIDE (__data_start, .)
 *(.data)
 *(.data*)
 *(.gnu.linkonce.d*)
 *(.rodata)
 *(.rodata*)
 .rodata.str1.1
                0x00800060        0xc Atmega32_Drivers/APP/Alarm_Manager/Alarm_Manager_Program.o
                                 0x16 (size before relaxing)
 .rodata.str1.1
                0x0080006c       0x32 Atmega32_Drivers/APP/User_Admin_Interface/User_Admin_Interface.o
 .rodata.Glob_u8GateAddress
                0x0080009e        0x1 Atmega32_Drivers/APP/User_Admin_Interface/User_Admin_Interface.o
 *(.gnu.linkonce.r*)
                0x008000a0                . = ALIGN (0x2)
 *fill*         0x0080009f        0x1 
                0x008000a0                _edata = .
                0x008000a0                PROVIDE (__data_end, .)

.bss            0x008000a0       0x49
                0x008000a0                PROVIDE (__bss_start, .)
 *(.bss)
 *(.bss*)
 .bss.LOC_u8Counter.1815
                0x008000a0        0x1 Atmega32_Drivers/APP/Alarm_Manager/Alarm_Manager_Program.o
 .bss.LOC_u8ToggleCount.1811
                0x008000a1        0x1 Atmega32_Drivers/APP/Alarm_Manager/Alarm_Manager_Program.o
 .bss.sLOC_u8CharCounter.1915
                0x008000a2        0x1 Atmega32_Drivers/APP/User_Admin_Interface/User_Admin_Interface.o
 .bss.sLOC_u8CharCounter.1911
                0x008000a3        0x1 Atmega32_Drivers/APP/User_Admin_Interface/User_Admin_Interface.o
 .bss.LOC_boolDetectedGateAddress.1919
                0x008000a4        0x1 Atmega32_Drivers/APP/User_Admin_Interface/User_Admin_Interface.o
 .bss.Glob_u8DriverID
                0x008000a5        0x4 Atmega32_Drivers/APP/User_Admin_Interface/User_Admin_Interface.o
 .bss.Glob_u8ModuleCurrentState
                0x008000a9        0x1 Atmega32_Drivers/APP/User_Admin_Interface/User_Admin_Interface.o
 .bss.lineCounter
                0x008000aa        0x1 Atmega32_Drivers/HAL/LCD_Driver/LCD_program.o
 .bss.charCounter
                0x008000ab        0x1 Atmega32_Drivers/HAL/LCD_Driver/LCD_program.o
 .bss.p_IRQ_callback_SPI
                0x008000ac        0x2 Atmega32_Drivers/MCAL/SPI/Atmega32_SPI.o
 .bss.LOC_u32CTCcounter.1746
                0x008000ae        0x4 Atmega32_Drivers/MCAL/Timer0/Atmega32_Timer0.o
 .bss.Glob_fptrInterruptedDelayCallback
                0x008000b2        0x2 Atmega32_Drivers/MCAL/Timer0/Atmega32_Timer0.o
 .bss.outputCompareMatchCallback
                0x008000b4        0x2 Atmega32_Drivers/MCAL/Timer0/Atmega32_Timer0.o
 .bss.overflowCallback
                0x008000b6        0x2 Atmega32_Drivers/MCAL/Timer0/Atmega32_Timer0.o
 .bss.Glob_u32DelayInMilliseconds
                0x008000b8        0x4 Atmega32_Drivers/MCAL/Timer0/Atmega32_Timer0.o
 .bss.overflowCounter
                0x008000bc        0x4 Atmega32_Drivers/MCAL/Timer0/Atmega32_Timer0.o
 .bss.timer0_CFG
                0x008000c0        0x5 Atmega32_Drivers/MCAL/Timer0/Atmega32_Timer0.o
 .bss.outputCompareMatchCallback
                0x008000c5        0x2 Atmega32_Drivers/MCAL/Timer2/Atmega32_Timer2.o
 .bss.overflowCallback
                0x008000c7        0x2 Atmega32_Drivers/MCAL/Timer2/Atmega32_Timer2.o
 .bss.overflowCounter
                0x008000c9        0x4 Atmega32_Drivers/MCAL/Timer2/Atmega32_Timer2.o
 .bss.Timer2_CFG
                0x008000cd        0x5 Atmega32_Drivers/MCAL/Timer2/Atmega32_Timer2.o
 .bss.LOC_fptr_UDRE_callback
                0x008000d2        0x2 Atmega32_Drivers/MCAL/UART/Atmega32_UART.o
 .bss.LOC_fptr_TXC_callback
                0x008000d4        0x2 Atmega32_Drivers/MCAL/UART/Atmega32_UART.o
 .bss.LOC_fptr_RXC_callback
                0x008000d6        0x2 Atmega32_Drivers/MCAL/UART/Atmega32_UART.o
 .bss.LOC_cfg   0x008000d8        0x9 Atmega32_Drivers/MCAL/UART/Atmega32_UART.o
 *(COMMON)
 COMMON         0x008000e1        0x2 Atmega32_Drivers/APP/Alarm_Manager/Alarm_Manager_Program.o
                0x008000e1                fptr_st_AlarmManager
 COMMON         0x008000e3        0x4 Atmega32_Drivers/APP/APP.o
                0x008000e3                fptr_st_UserAdminInterface
                0x008000e5                fptr_st_GateController
 COMMON         0x008000e7        0x2 Atmega32_Drivers/HAL/LCD_Driver/LCD_program.o
                0x008000e7                config
                0x008000e9                PROVIDE (__bss_end, .)
                0x00001428                __data_load_start = LOADADDR (.data)
                0x00001468                __data_load_end = (__data_load_start + SIZEOF (.data))

.noinit         0x008000e9        0x0
                [!provide]                PROVIDE (__noinit_start, .)
 *(.noinit*)
                [!provide]                PROVIDE (__noinit_end, .)
                0x008000e9                _end = .
                [!provide]                PROVIDE (__heap_start, .)

.eeprom         0x00810000        0x0
 *(.eeprom*)
                0x00810000                __eeprom_end = .

.fuse
 *(.fuse)
 *(.lfuse)
 *(.hfuse)
 *(.efuse)

.lock
 *(.lock*)

.signature
 *(.signature*)

.user_signatures
 *(.user_signatures*)

.stab
 *(.stab)

.stabstr
 *(.stabstr)

.stab.excl
 *(.stab.excl)

.stab.exclstr
 *(.stab.exclstr)

.stab.index
 *(.stab.index)

.stab.indexstr
 *(.stab.indexstr)

.comment        0x00000000       0x30
 *(.comment)
 .comment       0x00000000       0x30 Atmega32_Drivers/APP/Alarm_Manager/Alarm_Manager_Program.o
                                 0x31 (size before relaxing)
 .comment       0x00000030       0x31 Atmega32_Drivers/APP/APP.o
 .comment       0x00000030       0x31 Atmega32_Drivers/APP/Gate_Controller/Gate_Controller_Program.o
 .comment       0x00000030       0x31 Atmega32_Drivers/APP/User_Admin_Interface/User_Admin_Interface.o
 .comment       0x00000030       0x31 Atmega32_Drivers/HAL/Buzzer_Driver/Buzzer_Driver_Program.o
 .comment       0x00000030       0x31 Atmega32_Drivers/HAL/LCD_Driver/LCD_program.o
 .comment       0x00000030       0x31 Atmega32_Drivers/HAL/LED_Driver/LED_Driver_Program.o
 .comment       0x00000030       0x31 Atmega32_Drivers/HAL/PIR_Sensor_Driver/PIR_Program.o
 .comment       0x00000030       0x31 Atmega32_Drivers/HAL/Servo_Motor_Driver/Servo_Motor_Program.o
 .comment       0x00000030       0x31 Atmega32_Drivers/MCAL/GPIO/Atmega32_GPIO.o
 .comment       0x00000030       0x31 Atmega32_Drivers/MCAL/SPI/Atmega32_SPI.o
 .comment       0x00000030       0x31 Atmega32_Drivers/MCAL/Timer0/Atmega32_Timer0.o
 .comment       0x00000030       0x31 Atmega32_Drivers/MCAL/Timer2/Atmega32_Timer2.o
 .comment       0x00000030       0x31 Atmega32_Drivers/MCAL/UART/Atmega32_UART.o
 .comment       0x00000030       0x31 main.o

.note.gnu.avr.deviceinfo
                0x00000000       0x3c
 .note.gnu.avr.deviceinfo
                0x00000000       0x3c D:/programming/Atmel/7.0/Packs/atmel/ATmega_DFP/1.7.374/gcc/dev/atmega32/avr5/crtatmega32.o

.note.gnu.build-id
 *(.note.gnu.build-id)

.debug
 *(.debug)

.line
 *(.line)

.debug_srcinfo
 *(.debug_srcinfo)

.debug_sfnames
 *(.debug_sfnames)

.debug_aranges  0x00000000      0x500
 *(.debug_aranges)
 .debug_aranges
                0x00000000       0x58 Atmega32_Drivers/APP/Alarm_Manager/Alarm_Manager_Program.o
 .debug_aranges
                0x00000058       0x28 Atmega32_Drivers/APP/APP.o
 .debug_aranges
                0x00000080       0x50 Atmega32_Drivers/APP/Gate_Controller/Gate_Controller_Program.o
 .debug_aranges
                0x000000d0       0x90 Atmega32_Drivers/APP/User_Admin_Interface/User_Admin_Interface.o
 .debug_aranges
                0x00000160       0x30 Atmega32_Drivers/HAL/Buzzer_Driver/Buzzer_Driver_Program.o
 .debug_aranges
                0x00000190       0x68 Atmega32_Drivers/HAL/LCD_Driver/LCD_program.o
 .debug_aranges
                0x000001f8       0x30 Atmega32_Drivers/HAL/LED_Driver/LED_Driver_Program.o
 .debug_aranges
                0x00000228       0x28 Atmega32_Drivers/HAL/PIR_Sensor_Driver/PIR_Program.o
 .debug_aranges
                0x00000250       0x28 Atmega32_Drivers/HAL/Servo_Motor_Driver/Servo_Motor_Program.o
 .debug_aranges
                0x00000278       0x50 Atmega32_Drivers/MCAL/GPIO/Atmega32_GPIO.o
 .debug_aranges
                0x000002c8       0x60 Atmega32_Drivers/MCAL/SPI/Atmega32_SPI.o
 .debug_aranges
                0x00000328       0xa0 Atmega32_Drivers/MCAL/Timer0/Atmega32_Timer0.o
 .debug_aranges
                0x000003c8       0x90 Atmega32_Drivers/MCAL/Timer2/Atmega32_Timer2.o
 .debug_aranges
                0x00000458       0x88 Atmega32_Drivers/MCAL/UART/Atmega32_UART.o
 .debug_aranges
                0x000004e0       0x20 main.o

.debug_pubnames
 *(.debug_pubnames)

.debug_info     0x00000000     0x4966
 *(.debug_info .gnu.linkonce.wi.*)
 .debug_info    0x00000000      0x4e6 D:/programming/Atmel/7.0/Packs/atmel/ATmega_DFP/1.7.374/gcc/dev/atmega32/avr5/crtatmega32.o
 .debug_info    0x000004e6      0x3dd Atmega32_Drivers/APP/Alarm_Manager/Alarm_Manager_Program.o
 .debug_info    0x000008c3      0x128 Atmega32_Drivers/APP/APP.o
 .debug_info    0x000009eb      0x2fe Atmega32_Drivers/APP/Gate_Controller/Gate_Controller_Program.o
 .debug_info    0x00000ce9      0xa79 Atmega32_Drivers/APP/User_Admin_Interface/User_Admin_Interface.o
 .debug_info    0x00001762      0x280 Atmega32_Drivers/HAL/Buzzer_Driver/Buzzer_Driver_Program.o
 .debug_info    0x000019e2      0x973 Atmega32_Drivers/HAL/LCD_Driver/LCD_program.o
 .debug_info    0x00002355      0x280 Atmega32_Drivers/HAL/LED_Driver/LED_Driver_Program.o
 .debug_info    0x000025d5      0x227 Atmega32_Drivers/HAL/PIR_Sensor_Driver/PIR_Program.o
 .debug_info    0x000027fc      0x38a Atmega32_Drivers/HAL/Servo_Motor_Driver/Servo_Motor_Program.o
 .debug_info    0x00002b86      0x2b1 Atmega32_Drivers/MCAL/GPIO/Atmega32_GPIO.o
 .debug_info    0x00002e37      0x55c Atmega32_Drivers/MCAL/SPI/Atmega32_SPI.o
 .debug_info    0x00003393      0x7cb Atmega32_Drivers/MCAL/Timer0/Atmega32_Timer0.o
 .debug_info    0x00003b5e      0x6da Atmega32_Drivers/MCAL/Timer2/Atmega32_Timer2.o
 .debug_info    0x00004238      0x62d Atmega32_Drivers/MCAL/UART/Atmega32_UART.o
 .debug_info    0x00004865      0x101 main.o

.debug_abbrev   0x00000000     0x19a2
 *(.debug_abbrev)
 .debug_abbrev  0x00000000      0x4a3 D:/programming/Atmel/7.0/Packs/atmel/ATmega_DFP/1.7.374/gcc/dev/atmega32/avr5/crtatmega32.o
 .debug_abbrev  0x000004a3      0x15d Atmega32_Drivers/APP/Alarm_Manager/Alarm_Manager_Program.o
 .debug_abbrev  0x00000600       0x9c Atmega32_Drivers/APP/APP.o
 .debug_abbrev  0x0000069c      0x14e Atmega32_Drivers/APP/Gate_Controller/Gate_Controller_Program.o
 .debug_abbrev  0x000007ea      0x206 Atmega32_Drivers/APP/User_Admin_Interface/User_Admin_Interface.o
 .debug_abbrev  0x000009f0      0x107 Atmega32_Drivers/HAL/Buzzer_Driver/Buzzer_Driver_Program.o
 .debug_abbrev  0x00000af7      0x19c Atmega32_Drivers/HAL/LCD_Driver/LCD_program.o
 .debug_abbrev  0x00000c93      0x107 Atmega32_Drivers/HAL/LED_Driver/LED_Driver_Program.o
 .debug_abbrev  0x00000d9a      0x127 Atmega32_Drivers/HAL/PIR_Sensor_Driver/PIR_Program.o
 .debug_abbrev  0x00000ec1      0x13e Atmega32_Drivers/HAL/Servo_Motor_Driver/Servo_Motor_Program.o
 .debug_abbrev  0x00000fff       0xef Atmega32_Drivers/MCAL/GPIO/Atmega32_GPIO.o
 .debug_abbrev  0x000010ee      0x179 Atmega32_Drivers/MCAL/SPI/Atmega32_SPI.o
 .debug_abbrev  0x00001267      0x249 Atmega32_Drivers/MCAL/Timer0/Atmega32_Timer0.o
 .debug_abbrev  0x000014b0      0x240 Atmega32_Drivers/MCAL/Timer2/Atmega32_Timer2.o
 .debug_abbrev  0x000016f0      0x229 Atmega32_Drivers/MCAL/UART/Atmega32_UART.o
 .debug_abbrev  0x00001919       0x89 main.o

.debug_line     0x00000000     0x2e44
 *(.debug_line .debug_line.* .debug_line_end)
 .debug_line    0x00000000      0x116 D:/programming/Atmel/7.0/Packs/atmel/ATmega_DFP/1.7.374/gcc/dev/atmega32/avr5/crtatmega32.o
 .debug_line    0x00000116      0x36e Atmega32_Drivers/APP/Alarm_Manager/Alarm_Manager_Program.o
 .debug_line    0x00000484      0x151 Atmega32_Drivers/APP/APP.o
 .debug_line    0x000005d5      0x2f4 Atmega32_Drivers/APP/Gate_Controller/Gate_Controller_Program.o
 .debug_line    0x000008c9      0x558 Atmega32_Drivers/APP/User_Admin_Interface/User_Admin_Interface.o
 .debug_line    0x00000e21      0x1ae Atmega32_Drivers/HAL/Buzzer_Driver/Buzzer_Driver_Program.o
 .debug_line    0x00000fcf      0x4ec Atmega32_Drivers/HAL/LCD_Driver/LCD_program.o
 .debug_line    0x000014bb      0x1a5 Atmega32_Drivers/HAL/LED_Driver/LED_Driver_Program.o
 .debug_line    0x00001660      0x194 Atmega32_Drivers/HAL/PIR_Sensor_Driver/PIR_Program.o
 .debug_line    0x000017f4      0x214 Atmega32_Drivers/HAL/Servo_Motor_Driver/Servo_Motor_Program.o
 .debug_line    0x00001a08      0x1e9 Atmega32_Drivers/MCAL/GPIO/Atmega32_GPIO.o
 .debug_line    0x00001bf1      0x335 Atmega32_Drivers/MCAL/SPI/Atmega32_SPI.o
 .debug_line    0x00001f26      0x4fa Atmega32_Drivers/MCAL/Timer0/Atmega32_Timer0.o
 .debug_line    0x00002420      0x477 Atmega32_Drivers/MCAL/Timer2/Atmega32_Timer2.o
 .debug_line    0x00002897      0x469 Atmega32_Drivers/MCAL/UART/Atmega32_UART.o
 .debug_line    0x00002d00      0x144 main.o

.debug_frame    0x00000000      0xce4
 *(.debug_frame)
 .debug_frame   0x00000000       0x94 Atmega32_Drivers/APP/Alarm_Manager/Alarm_Manager_Program.o
 .debug_frame   0x00000094       0x34 Atmega32_Drivers/APP/APP.o
 .debug_frame   0x000000c8       0x84 Atmega32_Drivers/APP/Gate_Controller/Gate_Controller_Program.o
 .debug_frame   0x0000014c      0x134 Atmega32_Drivers/APP/User_Admin_Interface/User_Admin_Interface.o
 .debug_frame   0x00000280       0x54 Atmega32_Drivers/HAL/Buzzer_Driver/Buzzer_Driver_Program.o
 .debug_frame   0x000002d4      0x11c Atmega32_Drivers/HAL/LCD_Driver/LCD_program.o
 .debug_frame   0x000003f0       0x54 Atmega32_Drivers/HAL/LED_Driver/LED_Driver_Program.o
 .debug_frame   0x00000444       0x44 Atmega32_Drivers/HAL/PIR_Sensor_Driver/PIR_Program.o
 .debug_frame   0x00000488       0x4c Atmega32_Drivers/HAL/Servo_Motor_Driver/Servo_Motor_Program.o
 .debug_frame   0x000004d4       0x84 Atmega32_Drivers/MCAL/GPIO/Atmega32_GPIO.o
 .debug_frame   0x00000558      0x108 Atmega32_Drivers/MCAL/SPI/Atmega32_SPI.o
 .debug_frame   0x00000660      0x254 Atmega32_Drivers/MCAL/Timer0/Atmega32_Timer0.o
 .debug_frame   0x000008b4      0x204 Atmega32_Drivers/MCAL/Timer2/Atmega32_Timer2.o
 .debug_frame   0x00000ab8      0x208 Atmega32_Drivers/MCAL/UART/Atmega32_UART.o
 .debug_frame   0x00000cc0       0x24 main.o

.debug_str      0x00000000     0x1de4
 *(.debug_str)
 .debug_str     0x00000000      0x196 D:/programming/Atmel/7.0/Packs/atmel/ATmega_DFP/1.7.374/gcc/dev/atmega32/avr5/crtatmega32.o
 .debug_str     0x00000196      0x384 Atmega32_Drivers/APP/Alarm_Manager/Alarm_Manager_Program.o
                                0x3c0 (size before relaxing)
 .debug_str     0x0000051a       0xa0 Atmega32_Drivers/APP/APP.o
                                0x240 (size before relaxing)
 .debug_str     0x000005ba      0x1bd Atmega32_Drivers/APP/Gate_Controller/Gate_Controller_Program.o
                                0x3a6 (size before relaxing)
 .debug_str     0x00000777      0x791 Atmega32_Drivers/APP/User_Admin_Interface/User_Admin_Interface.o
                                0xa21 (size before relaxing)
 .debug_str     0x00000f08       0xaf Atmega32_Drivers/HAL/Buzzer_Driver/Buzzer_Driver_Program.o
                                0x2b6 (size before relaxing)
 .debug_str     0x00000fb7       0xb9 Atmega32_Drivers/HAL/LCD_Driver/LCD_program.o
                                0x2e8 (size before relaxing)
 .debug_str     0x00001070       0x53 Atmega32_Drivers/HAL/LED_Driver/LED_Driver_Program.o
                                0x29a (size before relaxing)
 .debug_str     0x000010c3       0x77 Atmega32_Drivers/HAL/PIR_Sensor_Driver/PIR_Program.o
                                0x29e (size before relaxing)
 .debug_str     0x0000113a      0x2cd Atmega32_Drivers/HAL/Servo_Motor_Driver/Servo_Motor_Program.o
                                0x4fb (size before relaxing)
 .debug_str     0x00001407       0x76 Atmega32_Drivers/MCAL/GPIO/Atmega32_GPIO.o
                                0x288 (size before relaxing)
 .debug_str     0x0000147d      0x128 Atmega32_Drivers/MCAL/SPI/Atmega32_SPI.o
                                0x428 (size before relaxing)
 .debug_str     0x000015a5      0x4c7 Atmega32_Drivers/MCAL/Timer0/Atmega32_Timer0.o
                                0x6eb (size before relaxing)
 .debug_str     0x00001a6c      0x1aa Atmega32_Drivers/MCAL/Timer2/Atmega32_Timer2.o
                                0x690 (size before relaxing)
 .debug_str     0x00001c16      0x1bd Atmega32_Drivers/MCAL/UART/Atmega32_UART.o
                                0x73a (size before relaxing)
 .debug_str     0x00001dd3       0x11 main.o
                                0x1fb (size before relaxing)

.debug_loc      0x00000000     0x1d57
 *(.debug_loc)
 .debug_loc     0x00000000       0x2b Atmega32_Drivers/APP/Alarm_Manager/Alarm_Manager_Program.o
 .debug_loc     0x0000002b       0x1e Atmega32_Drivers/APP/Gate_Controller/Gate_Controller_Program.o
 .debug_loc     0x00000049       0xd6 Atmega32_Drivers/APP/User_Admin_Interface/User_Admin_Interface.o
 .debug_loc     0x0000011f      0x14a Atmega32_Drivers/HAL/Buzzer_Driver/Buzzer_Driver_Program.o
 .debug_loc     0x00000269      0x2e5 Atmega32_Drivers/HAL/LCD_Driver/LCD_program.o
 .debug_loc     0x0000054e      0x14a Atmega32_Drivers/HAL/LED_Driver/LED_Driver_Program.o
 .debug_loc     0x00000698       0xf5 Atmega32_Drivers/HAL/PIR_Sensor_Driver/PIR_Program.o
 .debug_loc     0x0000078d       0x94 Atmega32_Drivers/HAL/Servo_Motor_Driver/Servo_Motor_Program.o
 .debug_loc     0x00000821       0xb0 Atmega32_Drivers/MCAL/GPIO/Atmega32_GPIO.o
 .debug_loc     0x000008d1      0x1c5 Atmega32_Drivers/MCAL/SPI/Atmega32_SPI.o
 .debug_loc     0x00000a96      0x668 Atmega32_Drivers/MCAL/Timer0/Atmega32_Timer0.o
 .debug_loc     0x000010fe      0x55a Atmega32_Drivers/MCAL/Timer2/Atmega32_Timer2.o
 .debug_loc     0x00001658      0x6ff Atmega32_Drivers/MCAL/UART/Atmega32_UART.o

.debug_macinfo
 *(.debug_macinfo)

.debug_weaknames
 *(.debug_weaknames)

.debug_funcnames
 *(.debug_funcnames)

.debug_typenames
 *(.debug_typenames)

.debug_varnames
 *(.debug_varnames)

.debug_pubtypes
 *(.debug_pubtypes)

.debug_ranges   0x00000000      0x410
 *(.debug_ranges)
 .debug_ranges  0x00000000       0x48 Atmega32_Drivers/APP/Alarm_Manager/Alarm_Manager_Program.o
 .debug_ranges  0x00000048       0x18 Atmega32_Drivers/APP/APP.o
 .debug_ranges  0x00000060       0x40 Atmega32_Drivers/APP/Gate_Controller/Gate_Controller_Program.o
 .debug_ranges  0x000000a0       0x80 Atmega32_Drivers/APP/User_Admin_Interface/User_Admin_Interface.o
 .debug_ranges  0x00000120       0x20 Atmega32_Drivers/HAL/Buzzer_Driver/Buzzer_Driver_Program.o
 .debug_ranges  0x00000140       0x58 Atmega32_Drivers/HAL/LCD_Driver/LCD_program.o
 .debug_ranges  0x00000198       0x20 Atmega32_Drivers/HAL/LED_Driver/LED_Driver_Program.o
 .debug_ranges  0x000001b8       0x18 Atmega32_Drivers/HAL/PIR_Sensor_Driver/PIR_Program.o
 .debug_ranges  0x000001d0       0x18 Atmega32_Drivers/HAL/Servo_Motor_Driver/Servo_Motor_Program.o
 .debug_ranges  0x000001e8       0x40 Atmega32_Drivers/MCAL/GPIO/Atmega32_GPIO.o
 .debug_ranges  0x00000228       0x50 Atmega32_Drivers/MCAL/SPI/Atmega32_SPI.o
 .debug_ranges  0x00000278       0x90 Atmega32_Drivers/MCAL/Timer0/Atmega32_Timer0.o
 .debug_ranges  0x00000308       0x80 Atmega32_Drivers/MCAL/Timer2/Atmega32_Timer2.o
 .debug_ranges  0x00000388       0x78 Atmega32_Drivers/MCAL/UART/Atmega32_UART.o
 .debug_ranges  0x00000400       0x10 main.o

.debug_macro
 *(.debug_macro)
OUTPUT(Exit_Gate_ECU.elf elf32-avr)
LOAD linker stubs
