stm32f103x6_I2C.c:68:13:MCAL_I2C_GPIO_Set_Pins	24	static
stm32f103x6_I2C.c:131:6:MCAL_I2C_Init	40	static
stm32f103x6_I2C.c:237:6:MCAL_I2C_Reset	16	static
stm32f103x6_I2C.c:263:6:MCAL_I2C_MasterTX	24	static
stm32f103x6_I2C.c:310:6:MCAL_I2C_MasterRX	24	static
stm32f103x6_I2C.c:369:6:MCAL_I2C_SlaveTx	16	static
stm32f103x6_I2C.c:382:7:MCAL_I2C_SlaveRx	16	static
stm32f103x6_I2C.c:397:6:MCAL_I2C_GenerateStart	16	static
stm32f103x6_I2C.c:436:6:MCAL_I2C_GenerateStop	16	static
stm32f103x6_I2C.c:453:6:MCAL_I2C_SendSlaveAddress	24	static
stm32f103x6_I2C.c:488:6:MCAL_I2C_AcknowledgeCFG	16	static
stm32f103x6_I2C.c:518:13:MCAL_I2C_GetEventStatus	24	static
stm32f103x6_I2C.c:677:6:Slave_States	24	static
stm32f103x6_I2C.c:740:6:I2C_ISR	32	static
stm32f103x6_I2C.c:829:6:I2C1_EV_IRQHandler	8	static
stm32f103x6_I2C.c:834:6:I2C2_EV_IRQHandler	8	static
