Cortex_m3_SYSTICK_Program.c:56:15:MCAL_SYST_CalculateCLKFreq	24	static
Cortex_m3_SYSTICK_Program.c:75:18:MCAL_SYST_GeneralBusyWaitDelay	48	static
Cortex_m3_SYSTICK_Program.c:119:11:MCAL_SYST_Init	24	static
Cortex_m3_SYSTICK_Program.c:157:6:MCAL_SYST_vInit	8	static
Cortex_m3_SYSTICK_Program.c:171:6:MCAL_SYST_Reset	8	static
Cortex_m3_SYSTICK_Program.c:191:6:MCAL_SYST_Start	4	static
Cortex_m3_SYSTICK_Program.c:205:6:MCAL_SYST_Stop	4	static
Cortex_m3_SYSTICK_Program.c:219:11:MCAL_SYST_SetReloadValue	24	static
Cortex_m3_SYSTICK_Program.c:244:8:MCAL_SYST_GetRemainingTicks	16	static
Cortex_m3_SYSTICK_Program.c:260:8:MCAL_SYST_GetElapsedTicks	16	static
Cortex_m3_SYSTICK_Program.c:276:11:MCAL_SYST_BusyWaitDelay_us	24	static
Cortex_m3_SYSTICK_Program.c:294:11:MCAL_SYST_BusyWaitDelay_ms	24	static
Cortex_m3_SYSTICK_Program.c:314:11:MCAL_SYST_SetIntervalSingle	48	static
Cortex_m3_SYSTICK_Program.c:360:11:MCAL_SYST_SetIntervalPeriodic	48	static
Cortex_m3_SYSTICK_Program.c:400:6:SysTick_Handler	8	static
